<?xml version="1.0"?>
<link_info>
   <banner>TMS320C2000 Linker PC v16.9.1.LTS</banner>
   <copyright>Copyright (c) 1996-2015 Texas Instruments Incorporated</copyright>
   <link_time>0x59022a51</link_time>
   <link_errors>0x0</link_errors>
   <output_file>guitar_tuner_control.out</output_file>
   <entry_point>
      <name>_c_int00</name>
      <address>0x8138</address>
   </entry_point>
   <input_file_list>
      <input_file id="fl-30">
         <path>C:\Users\Owner\AppData\Local\Temp\</path>
         <kind>object</kind>
         <file>056602</file>
         <name>056602</name>
      </input_file>
      <input_file id="fl-4">
         <path>.\</path>
         <kind>object</kind>
         <file>MotorControl.obj</file>
         <name>MotorControl.obj</name>
      </input_file>
      <input_file id="fl-6">
         <path>.\</path>
         <kind>object</kind>
         <file>main.obj</file>
         <name>main.obj</name>
      </input_file>
      <input_file id="fl-7">
         <path>.\device\</path>
         <kind>object</kind>
         <file>device.obj</file>
         <name>device.obj</name>
      </input_file>
      <input_file id="fl-d">
         <path>..\</path>
         <kind>archive</kind>
         <file>driverlib.lib</file>
         <name>adc.obj</name>
      </input_file>
      <input_file id="fl-e">
         <path>..\</path>
         <kind>archive</kind>
         <file>driverlib.lib</file>
         <name>gpio.obj</name>
      </input_file>
      <input_file id="fl-f">
         <path>..\</path>
         <kind>archive</kind>
         <file>driverlib.lib</file>
         <name>interrupt.obj</name>
      </input_file>
      <input_file id="fl-10">
         <path>..\</path>
         <kind>archive</kind>
         <file>driverlib.lib</file>
         <name>sci.obj</name>
      </input_file>
      <input_file id="fl-11">
         <path>..\</path>
         <kind>archive</kind>
         <file>driverlib.lib</file>
         <name>sysctl.obj</name>
      </input_file>
      <input_file id="fl-1f">
         <path>C:\ti\ccsv7\tools\compiler\ti-cgt-c2000_16.9.1.LTS\lib\</path>
         <kind>archive</kind>
         <file>rts2800_fpu32.lib</file>
         <name>boot28.obj</name>
      </input_file>
      <input_file id="fl-25">
         <path>C:\ti\ccsv7\tools\compiler\ti-cgt-c2000_16.9.1.LTS\lib\</path>
         <kind>archive</kind>
         <file>rts2800_fpu32.lib</file>
         <name>exit.obj</name>
      </input_file>
      <input_file id="fl-26">
         <path>C:\ti\ccsv7\tools\compiler\ti-cgt-c2000_16.9.1.LTS\lib\</path>
         <kind>archive</kind>
         <file>rts2800_fpu32.lib</file>
         <name>fs_div28.obj</name>
      </input_file>
      <input_file id="fl-2c">
         <path>C:\ti\ccsv7\tools\compiler\ti-cgt-c2000_16.9.1.LTS\lib\</path>
         <kind>archive</kind>
         <file>rts2800_fpu32.lib</file>
         <name>u_div28.obj</name>
      </input_file>
      <input_file id="fl-2e">
         <path>C:\ti\ccsv7\tools\compiler\ti-cgt-c2000_16.9.1.LTS\lib\</path>
         <kind>archive</kind>
         <file>rts2800_fpu32.lib</file>
         <name>args_main.obj</name>
      </input_file>
   </input_file_list>
   <object_component_list>
      <object_component id="oc-78">
         <name>.text</name>
         <load_address>0x18c</load_address>
         <run_address>0x18c</run_address>
         <size>0x169</size>
         <input_file_ref idref="fl-5"/>
      </object_component>
      <object_component id="oc-85">
         <name>.text</name>
         <load_address>0x2f5</load_address>
         <run_address>0x2f5</run_address>
         <size>0xc9</size>
         <input_file_ref idref="fl-21"/>
      </object_component>
      <object_component id="oc-81">
         <name>.text:_Interrupt_enable</name>
         <load_address>0x3be</load_address>
         <run_address>0x3be</run_address>
         <size>0x33</size>
         <input_file_ref idref="fl-f"/>
      </object_component>
      <object_component id="oc-96">
         <name>.text:_Interrupt_defaultHandler</name>
         <load_address>0x3f1</load_address>
         <run_address>0x3f1</run_address>
         <size>0xe</size>
         <input_file_ref idref="fl-f"/>
      </object_component>
      <object_component id="oc-89">
         <name>.text</name>
         <load_address>0x3ff</load_address>
         <run_address>0x3ff</run_address>
         <size>0x1</size>
         <input_file_ref idref="fl-2d"/>
      </object_component>
      <object_component id="oc-1d">
         <name>.text:retain</name>
         <load_address>0x8000</load_address>
         <run_address>0x8000</run_address>
         <size>0x72</size>
         <input_file_ref idref="fl-2"/>
      </object_component>
      <object_component id="oc-7e">
         <name>.text:_SysCtl_getClock</name>
         <load_address>0x8072</load_address>
         <run_address>0x8072</run_address>
         <size>0x6e</size>
         <input_file_ref idref="fl-11"/>
      </object_component>
      <object_component id="oc-84">
         <name>.text</name>
         <load_address>0x80e0</load_address>
         <run_address>0x80e0</run_address>
         <size>0x58</size>
         <input_file_ref idref="fl-2a"/>
      </object_component>
      <object_component id="oc-15">
         <name>.text</name>
         <load_address>0x8138</load_address>
         <run_address>0x8138</run_address>
         <size>0x56</size>
         <input_file_ref idref="fl-1f"/>
      </object_component>
      <object_component id="oc-87">
         <name>.text:_Interrupt_initModule</name>
         <load_address>0x818e</load_address>
         <run_address>0x818e</run_address>
         <size>0x54</size>
         <input_file_ref idref="fl-f"/>
      </object_component>
      <object_component id="oc-1c">
         <name>.text:retain</name>
         <load_address>0x81e2</load_address>
         <run_address>0x81e2</run_address>
         <size>0x54</size>
         <input_file_ref idref="fl-3"/>
      </object_component>
      <object_component id="oc-8c">
         <name>.text:_SysCtl_selectOscSource</name>
         <load_address>0x8236</load_address>
         <run_address>0x8236</run_address>
         <size>0x4d</size>
         <input_file_ref idref="fl-11"/>
      </object_component>
      <object_component id="oc-71">
         <name>.text</name>
         <load_address>0x8283</load_address>
         <run_address>0x8283</run_address>
         <size>0x1</size>
         <input_file_ref idref="fl-2b"/>
      </object_component>
      <object_component id="oc-91">
         <name>.text</name>
         <load_address>0x8284</load_address>
         <run_address>0x8284</run_address>
         <size>0x25</size>
         <input_file_ref idref="fl-23"/>
      </object_component>
      <object_component id="oc-70">
         <name>.text</name>
         <load_address>0x82a9</load_address>
         <run_address>0x82a9</run_address>
         <size>0x24</size>
         <input_file_ref idref="fl-20"/>
      </object_component>
      <object_component id="oc-88">
         <name>.text:_Interrupt_initVectorTable</name>
         <load_address>0x82cd</load_address>
         <run_address>0x82cd</run_address>
         <size>0x20</size>
         <input_file_ref idref="fl-f"/>
      </object_component>
      <object_component id="oc-79">
         <name>.text</name>
         <load_address>0x82ed</load_address>
         <run_address>0x82ed</run_address>
         <size>0x1c</size>
         <input_file_ref idref="fl-27"/>
      </object_component>
      <object_component id="oc-7f">
         <name>.text:_SysCtl_getLowSpeedClock</name>
         <load_address>0x8309</load_address>
         <run_address>0x8309</run_address>
         <size>0x1a</size>
         <input_file_ref idref="fl-11"/>
      </object_component>
      <object_component id="oc-72">
         <name>.text</name>
         <load_address>0x8323</load_address>
         <run_address>0x8323</run_address>
         <size>0x19</size>
         <input_file_ref idref="fl-2e"/>
      </object_component>
      <object_component id="oc-25">
         <name>.text:retain</name>
         <load_address>0x833c</load_address>
         <run_address>0x833c</run_address>
         <size>0x18</size>
         <input_file_ref idref="fl-4"/>
      </object_component>
      <object_component id="oc-7a">
         <name>.text</name>
         <load_address>0x8354</load_address>
         <run_address>0x8354</run_address>
         <size>0x13</size>
         <input_file_ref idref="fl-6"/>
      </object_component>
      <object_component id="oc-8f">
         <name>.text:_Interrupt_enableMaster</name>
         <load_address>0x8367</load_address>
         <run_address>0x8367</run_address>
         <size>0xd</size>
         <input_file_ref idref="fl-f"/>
      </object_component>
      <object_component id="oc-8b">
         <name>.text:_SysCtl_isMCDClockFailureDetected</name>
         <load_address>0x8374</load_address>
         <run_address>0x8374</run_address>
         <size>0xb</size>
         <input_file_ref idref="fl-11"/>
      </object_component>
      <object_component id="oc-65">
         <name>.text</name>
         <load_address>0x837f</load_address>
         <run_address>0x837f</run_address>
         <size>0xb</size>
         <input_file_ref idref="fl-2c"/>
      </object_component>
      <object_component id="oc-8d">
         <name>.text:_SysCtl_serviceWatchdog</name>
         <load_address>0x838a</load_address>
         <run_address>0x838a</run_address>
         <size>0x9</size>
         <input_file_ref idref="fl-11"/>
      </object_component>
      <object_component id="oc-97">
         <name>.text:_Interrupt_nmiHandler</name>
         <load_address>0x8393</load_address>
         <run_address>0x8393</run_address>
         <size>0x2</size>
         <input_file_ref idref="fl-f"/>
      </object_component>
      <object_component id="oc-6f">
         <name>.text</name>
         <load_address>0x8395</load_address>
         <run_address>0x8395</run_address>
         <size>0x2</size>
         <input_file_ref idref="fl-28"/>
      </object_component>
      <object_component id="oc-86">
         <name>.text</name>
         <load_address>0xb000</load_address>
         <run_address>0xb000</run_address>
         <size>0x380</size>
         <input_file_ref idref="fl-22"/>
      </object_component>
      <object_component id="oc-75">
         <name>.text</name>
         <load_address>0xb380</load_address>
         <run_address>0xb380</run_address>
         <size>0x161</size>
         <input_file_ref idref="fl-7"/>
      </object_component>
      <object_component id="oc-7d">
         <name>.text:_SysCtl_setClock</name>
         <load_address>0xb4e1</load_address>
         <run_address>0xb4e1</run_address>
         <size>0xba</size>
         <input_file_ref idref="fl-11"/>
      </object_component>
      <object_component id="oc-80">
         <name>.text:_ADC_setMode</name>
         <load_address>0xb59b</load_address>
         <run_address>0xb59b</run_address>
         <size>0x97</size>
         <input_file_ref idref="fl-d"/>
      </object_component>
      <object_component id="oc-77">
         <name>.text</name>
         <load_address>0xb632</load_address>
         <run_address>0xb632</run_address>
         <size>0x95</size>
         <input_file_ref idref="fl-2"/>
      </object_component>
      <object_component id="oc-60">
         <name>.text</name>
         <load_address>0xb6c7</load_address>
         <run_address>0xb6c7</run_address>
         <size>0x88</size>
         <input_file_ref idref="fl-26"/>
      </object_component>
      <object_component id="oc-95">
         <name>.text</name>
         <load_address>0xb74f</load_address>
         <run_address>0xb74f</run_address>
         <size>0x77</size>
         <input_file_ref idref="fl-29"/>
      </object_component>
      <object_component id="oc-73">
         <name>.text</name>
         <load_address>0xb7c6</load_address>
         <run_address>0xb7c6</run_address>
         <size>0x29</size>
         <input_file_ref idref="fl-25"/>
      </object_component>
      <object_component id="oc-8e">
         <name>.text:_Interrupt_disableMaster</name>
         <load_address>0xb7ef</load_address>
         <run_address>0xb7ef</run_address>
         <size>0xd</size>
         <input_file_ref idref="fl-f"/>
      </object_component>
      <object_component id="oc-74">
         <name>.text</name>
         <load_address>0xb7fc</load_address>
         <run_address>0xb7fc</run_address>
         <size>0x2</size>
         <input_file_ref idref="fl-3"/>
      </object_component>
      <object_component id="oc-98">
         <name>.text:_Interrupt_illegalOperationHandler</name>
         <load_address>0xb7fe</load_address>
         <run_address>0xb7fe</run_address>
         <size>0x2</size>
         <input_file_ref idref="fl-f"/>
      </object_component>
      <object_component id="oc-17">
         <name>.cinit</name>
         <load_address>0x122</load_address>
         <run_address>0x122</run_address>
         <size>0x4c</size>
         <input_file_ref idref="fl-30"/>
      </object_component>
      <object_component id="oc-5a">
         <name>.cinit</name>
         <load_address>0x16e</load_address>
         <run_address>0x16e</run_address>
         <size>0xe</size>
         <input_file_ref idref="fl-25"/>
      </object_component>
      <object_component id="oc-7c">
         <name>.cinit:__lock</name>
         <load_address>0x17c</load_address>
         <run_address>0x17c</run_address>
         <size>0x5</size>
         <input_file_ref idref="fl-30"/>
      </object_component>
      <object_component id="oc-8a">
         <name>.cinit:__unlock</name>
         <load_address>0x181</load_address>
         <run_address>0x181</run_address>
         <size>0x5</size>
         <input_file_ref idref="fl-30"/>
      </object_component>
      <object_component id="oc-54">
         <name>.reset</name>
         <load_address>0x3fffc0</load_address>
         <run_address>0x3fffc0</run_address>
         <size>0x2</size>
         <input_file_ref idref="fl-1f"/>
      </object_component>
      <object_component id="oc-53">
         <name>.stack</name>
         <uninitialized>true</uninitialized>
         <run_address>0x400</run_address>
         <size>0x0</size>
         <input_file_ref idref="fl-1f"/>
      </object_component>
      <object_component id="oc-b8">
         <name>.stack</name>
         <uninitialized>true</uninitialized>
         <run_address>0x400</run_address>
         <size>0x0</size>
      </object_component>
      <object_component id="oc-24">
         <name>.ebss</name>
         <uninitialized>true</uninitialized>
         <run_address>0xabd0</run_address>
         <size>0x2</size>
         <input_file_ref idref="fl-4"/>
      </object_component>
      <object_component id="oc-5b">
         <name>.ebss</name>
         <uninitialized>true</uninitialized>
         <run_address>0xabc8</run_address>
         <size>0x6</size>
         <input_file_ref idref="fl-25"/>
      </object_component>
      <object_component id="oc-18">
         <name>.ebss</name>
         <uninitialized>true</uninitialized>
         <run_address>0xac00</run_address>
         <size>0xc4</size>
         <input_file_ref idref="fl-5"/>
      </object_component>
      <object_component id="oc-19">
         <name>.ebss</name>
         <uninitialized>true</uninitialized>
         <run_address>0xabd6</run_address>
         <size>0x1</size>
         <input_file_ref idref="fl-2"/>
      </object_component>
      <object_component id="oc-1a">
         <name>.ebss</name>
         <uninitialized>true</uninitialized>
         <run_address>0xabd7</run_address>
         <size>0x1</size>
         <input_file_ref idref="fl-24"/>
      </object_component>
      <object_component id="oc-1b">
         <name>.ebss</name>
         <uninitialized>true</uninitialized>
         <run_address>0xabce</run_address>
         <size>0x2</size>
         <input_file_ref idref="fl-3"/>
      </object_component>
      <object_component id="oc-99">
         <name>.ebss:__unlock</name>
         <uninitialized>true</uninitialized>
         <run_address>0xabd4</run_address>
         <size>0x2</size>
         <input_file_ref idref="fl-2d"/>
      </object_component>
      <object_component id="oc-7b">
         <name>.ebss:__lock</name>
         <uninitialized>true</uninitialized>
         <run_address>0xabd2</run_address>
         <size>0x2</size>
         <input_file_ref idref="fl-2d"/>
      </object_component>
      <object_component id="oc-3b">
         <name>.econst:.string</name>
         <load_address>0xa800</load_address>
         <run_address>0xa800</run_address>
         <size>0xc8</size>
         <input_file_ref idref="fl-e"/>
      </object_component>
      <object_component id="oc-47">
         <name>.econst:.string</name>
         <load_address>0xa8c8</load_address>
         <run_address>0xa8c8</run_address>
         <size>0xc7</size>
         <input_file_ref idref="fl-10"/>
      </object_component>
      <object_component id="oc-76">
         <name>.econst:_stringInfoStandard</name>
         <load_address>0xa990</load_address>
         <run_address>0xa990</run_address>
         <size>0x84</size>
         <input_file_ref idref="fl-5"/>
      </object_component>
      <object_component id="oc-41">
         <name>.econst:.string</name>
         <load_address>0xaa14</load_address>
         <run_address>0xaa14</run_address>
         <size>0x69</size>
         <input_file_ref idref="fl-f"/>
      </object_component>
      <object_component id="oc-4e">
         <name>.econst:.string</name>
         <load_address>0xaa7e</load_address>
         <run_address>0xaa7e</run_address>
         <size>0x66</size>
         <input_file_ref idref="fl-11"/>
      </object_component>
      <object_component id="oc-35">
         <name>.econst:.string</name>
         <load_address>0xaae4</load_address>
         <run_address>0xaae4</run_address>
         <size>0x63</size>
         <input_file_ref idref="fl-d"/>
      </object_component>
      <object_component id="oc-1e">
         <name>.econst:.string</name>
         <load_address>0xab48</load_address>
         <run_address>0xab48</run_address>
         <size>0x54</size>
         <input_file_ref idref="fl-30"/>
      </object_component>
      <object_component id="oc-82">
         <name>.econst:_$P$T2$9$2</name>
         <load_address>0xab9c</load_address>
         <run_address>0xab9c</run_address>
         <size>0xe</size>
         <input_file_ref idref="fl-5"/>
      </object_component>
      <object_component id="oc-83">
         <name>.econst:_$P$T3$10$2</name>
         <load_address>0xabaa</load_address>
         <run_address>0xabaa</run_address>
         <size>0xe</size>
         <input_file_ref idref="fl-5"/>
      </object_component>
      <object_component id="oc-90">
         <name>.econst:_Zero$4</name>
         <load_address>0xabb8</load_address>
         <run_address>0xabb8</run_address>
         <size>0x4</size>
         <input_file_ref idref="fl-21"/>
      </object_component>
      <object_component id="oc-92">
         <name>.econst:_bp$5</name>
         <load_address>0xabbc</load_address>
         <run_address>0xabbc</run_address>
         <size>0x4</size>
         <input_file_ref idref="fl-22"/>
      </object_component>
      <object_component id="oc-93">
         <name>.econst:_dp_h$5</name>
         <load_address>0xabc0</load_address>
         <run_address>0xabc0</run_address>
         <size>0x4</size>
         <input_file_ref idref="fl-22"/>
      </object_component>
      <object_component id="oc-94">
         <name>.econst:_dp_l$5</name>
         <load_address>0xabc4</load_address>
         <run_address>0xabc4</run_address>
         <size>0x4</size>
         <input_file_ref idref="fl-22"/>
      </object_component>
      <object_component id="oc-4d">
         <name>.TI.ramfunc</name>
         <load_address>0x188</load_address>
         <run_address>0x188</run_address>
         <size>0x4</size>
         <input_file_ref idref="fl-11"/>
      </object_component>
      <object_component id="oc-23">
         <name>.debug_info</name>
         <load_address>0x0</load_address>
         <run_address>0x0</run_address>
         <size>0x11de</size>
         <input_file_ref idref="fl-4"/>
      </object_component>
      <object_component id="oc-2a">
         <name>.debug_info</name>
         <load_address>0x11de</load_address>
         <run_address>0x11de</run_address>
         <size>0x520</size>
         <input_file_ref idref="fl-6"/>
      </object_component>
      <object_component id="oc-2f">
         <name>.debug_info</name>
         <load_address>0x16fe</load_address>
         <run_address>0x16fe</run_address>
         <size>0x110f</size>
         <input_file_ref idref="fl-7"/>
      </object_component>
      <object_component id="oc-34">
         <name>.debug_info</name>
         <load_address>0x280d</load_address>
         <run_address>0x280d</run_address>
         <size>0x767</size>
         <input_file_ref idref="fl-d"/>
      </object_component>
      <object_component id="oc-3a">
         <name>.debug_info</name>
         <load_address>0x2f74</load_address>
         <run_address>0x2f74</run_address>
         <size>0x710</size>
         <input_file_ref idref="fl-e"/>
      </object_component>
      <object_component id="oc-40">
         <name>.debug_info</name>
         <load_address>0x3684</load_address>
         <run_address>0x3684</run_address>
         <size>0xef6</size>
         <input_file_ref idref="fl-f"/>
      </object_component>
      <object_component id="oc-46">
         <name>.debug_info</name>
         <load_address>0x457a</load_address>
         <run_address>0x457a</run_address>
         <size>0x6ad</size>
         <input_file_ref idref="fl-10"/>
      </object_component>
      <object_component id="oc-4c">
         <name>.debug_info</name>
         <load_address>0x4c27</load_address>
         <run_address>0x4c27</run_address>
         <size>0xf66</size>
         <input_file_ref idref="fl-11"/>
      </object_component>
      <object_component id="oc-55">
         <name>.debug_info</name>
         <load_address>0x5b8d</load_address>
         <run_address>0x5b8d</run_address>
         <size>0x16b</size>
         <input_file_ref idref="fl-1f"/>
      </object_component>
      <object_component id="oc-59">
         <name>.debug_info</name>
         <load_address>0x5cf8</load_address>
         <run_address>0x5cf8</run_address>
         <size>0x5ab</size>
         <input_file_ref idref="fl-25"/>
      </object_component>
      <object_component id="oc-61">
         <name>.debug_info</name>
         <load_address>0x62a3</load_address>
         <run_address>0x62a3</run_address>
         <size>0x10c</size>
         <input_file_ref idref="fl-26"/>
      </object_component>
      <object_component id="oc-66">
         <name>.debug_info</name>
         <load_address>0x63af</load_address>
         <run_address>0x63af</run_address>
         <size>0x139</size>
         <input_file_ref idref="fl-2c"/>
      </object_component>
      <object_component id="oc-6a">
         <name>.debug_info</name>
         <load_address>0x64e8</load_address>
         <run_address>0x64e8</run_address>
         <size>0x4ce</size>
         <input_file_ref idref="fl-2e"/>
      </object_component>
      <object_component id="oc-16">
         <name>.debug_info</name>
         <load_address>0x69b6</load_address>
         <run_address>0x69b6</run_address>
         <size>0x29d3</size>
         <input_file_ref idref="fl-30"/>
      </object_component>
      <object_component id="oc-bc">
         <name>.debug_info</name>
         <load_address>0x9389</load_address>
         <run_address>0x9389</run_address>
         <size>0xc5</size>
      </object_component>
      <object_component id="oc-26">
         <name>.debug_frame</name>
         <load_address>0x0</load_address>
         <run_address>0x0</run_address>
         <size>0x59</size>
         <input_file_ref idref="fl-4"/>
      </object_component>
      <object_component id="oc-2b">
         <name>.debug_frame</name>
         <load_address>0x59</load_address>
         <run_address>0x59</run_address>
         <size>0x43</size>
         <input_file_ref idref="fl-6"/>
      </object_component>
      <object_component id="oc-30">
         <name>.debug_frame</name>
         <load_address>0x9c</load_address>
         <run_address>0x9c</run_address>
         <size>0xdd</size>
         <input_file_ref idref="fl-7"/>
      </object_component>
      <object_component id="oc-36">
         <name>.debug_frame</name>
         <load_address>0x179</load_address>
         <run_address>0x179</run_address>
         <size>0xa8</size>
         <input_file_ref idref="fl-d"/>
      </object_component>
      <object_component id="oc-3c">
         <name>.debug_frame</name>
         <load_address>0x221</load_address>
         <run_address>0x221</run_address>
         <size>0x8c</size>
         <input_file_ref idref="fl-e"/>
      </object_component>
      <object_component id="oc-42">
         <name>.debug_frame</name>
         <load_address>0x2ad</load_address>
         <run_address>0x2ad</run_address>
         <size>0x144</size>
         <input_file_ref idref="fl-f"/>
      </object_component>
      <object_component id="oc-48">
         <name>.debug_frame</name>
         <load_address>0x3f1</load_address>
         <run_address>0x3f1</run_address>
         <size>0x8c</size>
         <input_file_ref idref="fl-10"/>
      </object_component>
      <object_component id="oc-4f">
         <name>.debug_frame</name>
         <load_address>0x47d</load_address>
         <run_address>0x47d</run_address>
         <size>0x125</size>
         <input_file_ref idref="fl-11"/>
      </object_component>
      <object_component id="oc-5c">
         <name>.debug_frame</name>
         <load_address>0x5a2</load_address>
         <run_address>0x5a2</run_address>
         <size>0x61</size>
         <input_file_ref idref="fl-25"/>
      </object_component>
      <object_component id="oc-6b">
         <name>.debug_frame</name>
         <load_address>0x603</load_address>
         <run_address>0x603</run_address>
         <size>0x43</size>
         <input_file_ref idref="fl-2e"/>
      </object_component>
      <object_component id="oc-1f">
         <name>.debug_frame</name>
         <load_address>0x646</load_address>
         <run_address>0x646</run_address>
         <size>0x318</size>
         <input_file_ref idref="fl-30"/>
      </object_component>
      <object_component id="oc-27">
         <name>.debug_line</name>
         <load_address>0x0</load_address>
         <run_address>0x0</run_address>
         <size>0x1d8</size>
         <input_file_ref idref="fl-4"/>
      </object_component>
      <object_component id="oc-2c">
         <name>.debug_line</name>
         <load_address>0x1d8</load_address>
         <run_address>0x1d8</run_address>
         <size>0x44</size>
         <input_file_ref idref="fl-6"/>
      </object_component>
      <object_component id="oc-31">
         <name>.debug_line</name>
         <load_address>0x21c</load_address>
         <run_address>0x21c</run_address>
         <size>0x20e</size>
         <input_file_ref idref="fl-7"/>
      </object_component>
      <object_component id="oc-37">
         <name>.debug_line</name>
         <load_address>0x42a</load_address>
         <run_address>0x42a</run_address>
         <size>0x15e</size>
         <input_file_ref idref="fl-d"/>
      </object_component>
      <object_component id="oc-3d">
         <name>.debug_line</name>
         <load_address>0x588</load_address>
         <run_address>0x588</run_address>
         <size>0x152</size>
         <input_file_ref idref="fl-e"/>
      </object_component>
      <object_component id="oc-43">
         <name>.debug_line</name>
         <load_address>0x6da</load_address>
         <run_address>0x6da</run_address>
         <size>0x214</size>
         <input_file_ref idref="fl-f"/>
      </object_component>
      <object_component id="oc-49">
         <name>.debug_line</name>
         <load_address>0x8ee</load_address>
         <run_address>0x8ee</run_address>
         <size>0xe9</size>
         <input_file_ref idref="fl-10"/>
      </object_component>
      <object_component id="oc-50">
         <name>.debug_line</name>
         <load_address>0x9d7</load_address>
         <run_address>0x9d7</run_address>
         <size>0x2b3</size>
         <input_file_ref idref="fl-11"/>
      </object_component>
      <object_component id="oc-56">
         <name>.debug_line</name>
         <load_address>0xc8a</load_address>
         <run_address>0xc8a</run_address>
         <size>0x7e</size>
         <input_file_ref idref="fl-1f"/>
      </object_component>
      <object_component id="oc-5d">
         <name>.debug_line</name>
         <load_address>0xd08</load_address>
         <run_address>0xd08</run_address>
         <size>0x65</size>
         <input_file_ref idref="fl-25"/>
      </object_component>
      <object_component id="oc-62">
         <name>.debug_line</name>
         <load_address>0xd6d</load_address>
         <run_address>0xd6d</run_address>
         <size>0xad</size>
         <input_file_ref idref="fl-26"/>
      </object_component>
      <object_component id="oc-67">
         <name>.debug_line</name>
         <load_address>0xe1a</load_address>
         <run_address>0xe1a</run_address>
         <size>0x52</size>
         <input_file_ref idref="fl-2c"/>
      </object_component>
      <object_component id="oc-6c">
         <name>.debug_line</name>
         <load_address>0xe6c</load_address>
         <run_address>0xe6c</run_address>
         <size>0x55</size>
         <input_file_ref idref="fl-2e"/>
      </object_component>
      <object_component id="oc-20">
         <name>.debug_line</name>
         <load_address>0xec1</load_address>
         <run_address>0xec1</run_address>
         <size>0x9ae</size>
         <input_file_ref idref="fl-30"/>
      </object_component>
      <object_component id="oc-28">
         <name>.debug_abbrev</name>
         <load_address>0x0</load_address>
         <run_address>0x0</run_address>
         <size>0x1a5</size>
         <input_file_ref idref="fl-4"/>
      </object_component>
      <object_component id="oc-2d">
         <name>.debug_abbrev</name>
         <load_address>0x1a5</load_address>
         <run_address>0x1a5</run_address>
         <size>0x73</size>
         <input_file_ref idref="fl-6"/>
      </object_component>
      <object_component id="oc-32">
         <name>.debug_abbrev</name>
         <load_address>0x218</load_address>
         <run_address>0x218</run_address>
         <size>0x10a</size>
         <input_file_ref idref="fl-7"/>
      </object_component>
      <object_component id="oc-38">
         <name>.debug_abbrev</name>
         <load_address>0x322</load_address>
         <run_address>0x322</run_address>
         <size>0x10e</size>
         <input_file_ref idref="fl-d"/>
      </object_component>
      <object_component id="oc-3e">
         <name>.debug_abbrev</name>
         <load_address>0x430</load_address>
         <run_address>0x430</run_address>
         <size>0x1d4</size>
         <input_file_ref idref="fl-e"/>
      </object_component>
      <object_component id="oc-44">
         <name>.debug_abbrev</name>
         <load_address>0x604</load_address>
         <run_address>0x604</run_address>
         <size>0x16c</size>
         <input_file_ref idref="fl-f"/>
      </object_component>
      <object_component id="oc-4a">
         <name>.debug_abbrev</name>
         <load_address>0x770</load_address>
         <run_address>0x770</run_address>
         <size>0x1c4</size>
         <input_file_ref idref="fl-10"/>
      </object_component>
      <object_component id="oc-51">
         <name>.debug_abbrev</name>
         <load_address>0x934</load_address>
         <run_address>0x934</run_address>
         <size>0x1af</size>
         <input_file_ref idref="fl-11"/>
      </object_component>
      <object_component id="oc-57">
         <name>.debug_abbrev</name>
         <load_address>0xae3</load_address>
         <run_address>0xae3</run_address>
         <size>0x46</size>
         <input_file_ref idref="fl-1f"/>
      </object_component>
      <object_component id="oc-5e">
         <name>.debug_abbrev</name>
         <load_address>0xb29</load_address>
         <run_address>0xb29</run_address>
         <size>0x142</size>
         <input_file_ref idref="fl-25"/>
      </object_component>
      <object_component id="oc-63">
         <name>.debug_abbrev</name>
         <load_address>0xc6b</load_address>
         <run_address>0xc6b</run_address>
         <size>0x38</size>
         <input_file_ref idref="fl-26"/>
      </object_component>
      <object_component id="oc-68">
         <name>.debug_abbrev</name>
         <load_address>0xca3</load_address>
         <run_address>0xca3</run_address>
         <size>0x38</size>
         <input_file_ref idref="fl-2c"/>
      </object_component>
      <object_component id="oc-6d">
         <name>.debug_abbrev</name>
         <load_address>0xcdb</load_address>
         <run_address>0xcdb</run_address>
         <size>0xfe</size>
         <input_file_ref idref="fl-2e"/>
      </object_component>
      <object_component id="oc-21">
         <name>.debug_abbrev</name>
         <load_address>0xdd9</load_address>
         <run_address>0xdd9</run_address>
         <size>0x218</size>
         <input_file_ref idref="fl-30"/>
      </object_component>
      <object_component id="oc-bd">
         <name>.debug_abbrev</name>
         <load_address>0xff1</load_address>
         <run_address>0xff1</run_address>
         <size>0xf</size>
      </object_component>
      <object_component id="oc-29">
         <name>.debug_aranges</name>
         <load_address>0x0</load_address>
         <run_address>0x0</run_address>
         <size>0x20</size>
         <input_file_ref idref="fl-4"/>
      </object_component>
      <object_component id="oc-2e">
         <name>.debug_aranges</name>
         <load_address>0x20</load_address>
         <run_address>0x20</run_address>
         <size>0x20</size>
         <input_file_ref idref="fl-6"/>
      </object_component>
      <object_component id="oc-33">
         <name>.debug_aranges</name>
         <load_address>0x40</load_address>
         <run_address>0x40</run_address>
         <size>0x50</size>
         <input_file_ref idref="fl-7"/>
      </object_component>
      <object_component id="oc-39">
         <name>.debug_aranges</name>
         <load_address>0x90</load_address>
         <run_address>0x90</run_address>
         <size>0x20</size>
         <input_file_ref idref="fl-d"/>
      </object_component>
      <object_component id="oc-3f">
         <name>.debug_aranges</name>
         <load_address>0xb0</load_address>
         <run_address>0xb0</run_address>
         <size>0x18</size>
         <input_file_ref idref="fl-e"/>
      </object_component>
      <object_component id="oc-45">
         <name>.debug_aranges</name>
         <load_address>0xc8</load_address>
         <run_address>0xc8</run_address>
         <size>0x58</size>
         <input_file_ref idref="fl-f"/>
      </object_component>
      <object_component id="oc-4b">
         <name>.debug_aranges</name>
         <load_address>0x120</load_address>
         <run_address>0x120</run_address>
         <size>0x18</size>
         <input_file_ref idref="fl-10"/>
      </object_component>
      <object_component id="oc-52">
         <name>.debug_aranges</name>
         <load_address>0x138</load_address>
         <run_address>0x138</run_address>
         <size>0x48</size>
         <input_file_ref idref="fl-11"/>
      </object_component>
      <object_component id="oc-58">
         <name>.debug_aranges</name>
         <load_address>0x180</load_address>
         <run_address>0x180</run_address>
         <size>0x20</size>
         <input_file_ref idref="fl-1f"/>
      </object_component>
      <object_component id="oc-5f">
         <name>.debug_aranges</name>
         <load_address>0x1a0</load_address>
         <run_address>0x1a0</run_address>
         <size>0x28</size>
         <input_file_ref idref="fl-25"/>
      </object_component>
      <object_component id="oc-64">
         <name>.debug_aranges</name>
         <load_address>0x1c8</load_address>
         <run_address>0x1c8</run_address>
         <size>0x20</size>
         <input_file_ref idref="fl-26"/>
      </object_component>
      <object_component id="oc-69">
         <name>.debug_aranges</name>
         <load_address>0x1e8</load_address>
         <run_address>0x1e8</run_address>
         <size>0x28</size>
         <input_file_ref idref="fl-2c"/>
      </object_component>
      <object_component id="oc-6e">
         <name>.debug_aranges</name>
         <load_address>0x210</load_address>
         <run_address>0x210</run_address>
         <size>0x20</size>
         <input_file_ref idref="fl-2e"/>
      </object_component>
      <object_component id="oc-22">
         <name>.debug_aranges</name>
         <load_address>0x230</load_address>
         <run_address>0x230</run_address>
         <size>0xc0</size>
         <input_file_ref idref="fl-30"/>
      </object_component>
   </object_component_list>
   <logical_group_list>
      <logical_group id="lg-2" display="no" color="cyan">
         <name>codestart</name>
         <run_address>0x0</run_address>
         <size>0x0</size>
         <contents>
         </contents>
      </logical_group>
      <logical_group id="lg-b9" display="no" color="cyan">
         <name>.text.1</name>
         <load_address>0x18c</load_address>
         <run_address>0x18c</run_address>
         <size>0x274</size>
         <contents>
            <object_component_ref idref="oc-78"/>
            <object_component_ref idref="oc-85"/>
            <object_component_ref idref="oc-81"/>
            <object_component_ref idref="oc-96"/>
            <object_component_ref idref="oc-89"/>
         </contents>
      </logical_group>
      <logical_group id="lg-ba" display="no" color="cyan">
         <name>.text.2</name>
         <load_address>0x8000</load_address>
         <run_address>0x8000</run_address>
         <size>0x397</size>
         <contents>
            <object_component_ref idref="oc-1d"/>
            <object_component_ref idref="oc-7e"/>
            <object_component_ref idref="oc-84"/>
            <object_component_ref idref="oc-15"/>
            <object_component_ref idref="oc-87"/>
            <object_component_ref idref="oc-1c"/>
            <object_component_ref idref="oc-8c"/>
            <object_component_ref idref="oc-71"/>
            <object_component_ref idref="oc-91"/>
            <object_component_ref idref="oc-70"/>
            <object_component_ref idref="oc-88"/>
            <object_component_ref idref="oc-79"/>
            <object_component_ref idref="oc-7f"/>
            <object_component_ref idref="oc-72"/>
            <object_component_ref idref="oc-25"/>
            <object_component_ref idref="oc-7a"/>
            <object_component_ref idref="oc-8f"/>
            <object_component_ref idref="oc-8b"/>
            <object_component_ref idref="oc-65"/>
            <object_component_ref idref="oc-8d"/>
            <object_component_ref idref="oc-97"/>
            <object_component_ref idref="oc-6f"/>
         </contents>
      </logical_group>
      <logical_group id="lg-bb" display="no" color="cyan">
         <name>.text.3</name>
         <load_address>0xb000</load_address>
         <run_address>0xb000</run_address>
         <size>0x800</size>
         <contents>
            <object_component_ref idref="oc-86"/>
            <object_component_ref idref="oc-75"/>
            <object_component_ref idref="oc-7d"/>
            <object_component_ref idref="oc-80"/>
            <object_component_ref idref="oc-77"/>
            <object_component_ref idref="oc-60"/>
            <object_component_ref idref="oc-95"/>
            <object_component_ref idref="oc-73"/>
            <object_component_ref idref="oc-8e"/>
            <object_component_ref idref="oc-74"/>
            <object_component_ref idref="oc-98"/>
         </contents>
      </logical_group>
      <split_section id="lg-3" display="no" color="cyan">
         <name>.text</name>
         <contents>
            <logical_group_ref idref="lg-b9"/>
            <logical_group_ref idref="lg-ba"/>
            <logical_group_ref idref="lg-bb"/>
         </contents>
      </split_section>
      <logical_group id="lg-4" display="no" color="cyan">
         <name>.cinit</name>
         <load_address>0x122</load_address>
         <run_address>0x122</run_address>
         <size>0x66</size>
         <contents>
            <object_component_ref idref="oc-17"/>
            <object_component_ref idref="oc-5a"/>
            <object_component_ref idref="oc-7c"/>
            <object_component_ref idref="oc-8a"/>
         </contents>
      </logical_group>
      <logical_group id="lg-5" display="no" color="cyan">
         <name>.pinit</name>
         <run_address>0x0</run_address>
         <size>0x0</size>
         <contents>
         </contents>
      </logical_group>
      <logical_group id="lg-6" display="no" color="cyan">
         <name>.switch</name>
         <run_address>0x0</run_address>
         <size>0x0</size>
         <contents>
         </contents>
      </logical_group>
      <logical_group id="lg-7" display="no" color="cyan">
         <name>.reset</name>
         <load_address>0x3fffc0</load_address>
         <run_address>0x3fffc0</run_address>
         <size>0x2</size>
         <contents>
            <object_component_ref idref="oc-54"/>
         </contents>
      </logical_group>
      <logical_group id="lg-8" display="no" color="cyan">
         <name>.stack</name>
         <run_address>0x400</run_address>
         <size>0x100</size>
         <contents>
            <object_component_ref idref="oc-53"/>
            <object_component_ref idref="oc-b8"/>
         </contents>
      </logical_group>
      <logical_group id="lg-9" display="no" color="cyan">
         <name>.ebss</name>
         <run_address>0xabc8</run_address>
         <size>0xfc</size>
         <contents>
            <object_component_ref idref="oc-24"/>
            <object_component_ref idref="oc-5b"/>
            <object_component_ref idref="oc-18"/>
            <object_component_ref idref="oc-19"/>
            <object_component_ref idref="oc-1a"/>
            <object_component_ref idref="oc-1b"/>
            <object_component_ref idref="oc-99"/>
            <object_component_ref idref="oc-7b"/>
         </contents>
      </logical_group>
      <logical_group id="lg-a" display="no" color="cyan">
         <name>.econst</name>
         <load_address>0xa800</load_address>
         <run_address>0xa800</run_address>
         <size>0x3c8</size>
         <contents>
            <object_component_ref idref="oc-3b"/>
            <object_component_ref idref="oc-47"/>
            <object_component_ref idref="oc-76"/>
            <object_component_ref idref="oc-41"/>
            <object_component_ref idref="oc-4e"/>
            <object_component_ref idref="oc-35"/>
            <object_component_ref idref="oc-1e"/>
            <object_component_ref idref="oc-82"/>
            <object_component_ref idref="oc-83"/>
            <object_component_ref idref="oc-90"/>
            <object_component_ref idref="oc-92"/>
            <object_component_ref idref="oc-93"/>
            <object_component_ref idref="oc-94"/>
         </contents>
      </logical_group>
      <logical_group id="lg-b" display="no" color="cyan">
         <name>.esysmem</name>
         <run_address>0x0</run_address>
         <size>0x0</size>
         <contents>
         </contents>
      </logical_group>
      <logical_group id="lg-c" display="no" color="cyan">
         <name>ramgs0</name>
         <run_address>0x0</run_address>
         <size>0x0</size>
         <contents>
         </contents>
      </logical_group>
      <logical_group id="lg-d" display="no" color="cyan">
         <name>ramgs1</name>
         <run_address>0x0</run_address>
         <size>0x0</size>
         <contents>
         </contents>
      </logical_group>
      <logical_group id="lg-e" display="no" color="cyan">
         <name>.TI.ramfunc</name>
         <load_address>0x188</load_address>
         <run_address>0x188</run_address>
         <size>0x4</size>
         <contents>
            <object_component_ref idref="oc-4d"/>
         </contents>
      </logical_group>
      <logical_group id="lg-f" display="no" color="cyan">
         <name>Filter1_RegsFile</name>
         <load_address>0xd000</load_address>
         <run_address>0xd000</run_address>
         <size>0x0</size>
         <contents>
         </contents>
      </logical_group>
      <logical_group id="lg-10" display="no" color="cyan">
         <name>Filter2_RegsFile</name>
         <load_address>0xe000</load_address>
         <run_address>0xe000</run_address>
         <size>0x0</size>
         <contents>
         </contents>
      </logical_group>
      <logical_group id="lg-11" display="no" color="cyan">
         <name>Filter3_RegsFile</name>
         <load_address>0xf000</load_address>
         <run_address>0xf000</run_address>
         <size>0x0</size>
         <contents>
         </contents>
      </logical_group>
      <logical_group id="lg-12" display="no" color="cyan">
         <name>Filter4_RegsFile</name>
         <load_address>0x10000</load_address>
         <run_address>0x10000</run_address>
         <size>0x0</size>
         <contents>
         </contents>
      </logical_group>
      <logical_group id="lg-13" display="no" color="cyan">
         <name>Difference_RegsFile</name>
         <load_address>0x11000</load_address>
         <run_address>0x11000</run_address>
         <size>0x0</size>
         <contents>
         </contents>
      </logical_group>
      <logical_group id="lg-ac" display="never" color="cyan">
         <name>.debug_info</name>
         <load_address>0x0</load_address>
         <run_address>0x0</run_address>
         <size>0x944e</size>
         <contents>
            <object_component_ref idref="oc-23"/>
            <object_component_ref idref="oc-2a"/>
            <object_component_ref idref="oc-2f"/>
            <object_component_ref idref="oc-34"/>
            <object_component_ref idref="oc-3a"/>
            <object_component_ref idref="oc-40"/>
            <object_component_ref idref="oc-46"/>
            <object_component_ref idref="oc-4c"/>
            <object_component_ref idref="oc-55"/>
            <object_component_ref idref="oc-59"/>
            <object_component_ref idref="oc-61"/>
            <object_component_ref idref="oc-66"/>
            <object_component_ref idref="oc-6a"/>
            <object_component_ref idref="oc-16"/>
            <object_component_ref idref="oc-bc"/>
         </contents>
      </logical_group>
      <logical_group id="lg-ae" display="never" color="cyan">
         <name>.debug_frame</name>
         <load_address>0x0</load_address>
         <run_address>0x0</run_address>
         <size>0x95e</size>
         <contents>
            <object_component_ref idref="oc-26"/>
            <object_component_ref idref="oc-2b"/>
            <object_component_ref idref="oc-30"/>
            <object_component_ref idref="oc-36"/>
            <object_component_ref idref="oc-3c"/>
            <object_component_ref idref="oc-42"/>
            <object_component_ref idref="oc-48"/>
            <object_component_ref idref="oc-4f"/>
            <object_component_ref idref="oc-5c"/>
            <object_component_ref idref="oc-6b"/>
            <object_component_ref idref="oc-1f"/>
         </contents>
      </logical_group>
      <logical_group id="lg-b0" display="never" color="cyan">
         <name>.debug_line</name>
         <load_address>0x0</load_address>
         <run_address>0x0</run_address>
         <size>0x186f</size>
         <contents>
            <object_component_ref idref="oc-27"/>
            <object_component_ref idref="oc-2c"/>
            <object_component_ref idref="oc-31"/>
            <object_component_ref idref="oc-37"/>
            <object_component_ref idref="oc-3d"/>
            <object_component_ref idref="oc-43"/>
            <object_component_ref idref="oc-49"/>
            <object_component_ref idref="oc-50"/>
            <object_component_ref idref="oc-56"/>
            <object_component_ref idref="oc-5d"/>
            <object_component_ref idref="oc-62"/>
            <object_component_ref idref="oc-67"/>
            <object_component_ref idref="oc-6c"/>
            <object_component_ref idref="oc-20"/>
         </contents>
      </logical_group>
      <logical_group id="lg-b2" display="never" color="cyan">
         <name>.debug_abbrev</name>
         <load_address>0x0</load_address>
         <run_address>0x0</run_address>
         <size>0x1000</size>
         <contents>
            <object_component_ref idref="oc-28"/>
            <object_component_ref idref="oc-2d"/>
            <object_component_ref idref="oc-32"/>
            <object_component_ref idref="oc-38"/>
            <object_component_ref idref="oc-3e"/>
            <object_component_ref idref="oc-44"/>
            <object_component_ref idref="oc-4a"/>
            <object_component_ref idref="oc-51"/>
            <object_component_ref idref="oc-57"/>
            <object_component_ref idref="oc-5e"/>
            <object_component_ref idref="oc-63"/>
            <object_component_ref idref="oc-68"/>
            <object_component_ref idref="oc-6d"/>
            <object_component_ref idref="oc-21"/>
            <object_component_ref idref="oc-bd"/>
         </contents>
      </logical_group>
      <logical_group id="lg-b4" display="never" color="cyan">
         <name>.debug_aranges</name>
         <load_address>0x0</load_address>
         <run_address>0x0</run_address>
         <size>0x2f0</size>
         <contents>
            <object_component_ref idref="oc-29"/>
            <object_component_ref idref="oc-2e"/>
            <object_component_ref idref="oc-33"/>
            <object_component_ref idref="oc-39"/>
            <object_component_ref idref="oc-3f"/>
            <object_component_ref idref="oc-45"/>
            <object_component_ref idref="oc-4b"/>
            <object_component_ref idref="oc-52"/>
            <object_component_ref idref="oc-58"/>
            <object_component_ref idref="oc-5f"/>
            <object_component_ref idref="oc-64"/>
            <object_component_ref idref="oc-69"/>
            <object_component_ref idref="oc-6e"/>
            <object_component_ref idref="oc-22"/>
         </contents>
      </logical_group>
   </logical_group_list>
   <placement_map>
      <memory_area display="no" color="green">
         <name>BEGIN</name>
         <page_id>0x0</page_id>
         <origin>0x0</origin>
         <length>0x2</length>
         <used_space>0x0</used_space>
         <unused_space>0x2</unused_space>
         <attributes>RWIX</attributes>
         <usage_details>
         </usage_details>
      </memory_area>
      <memory_area display="yes" color="green">
         <name>RAMM0</name>
         <page_id>0x0</page_id>
         <origin>0x122</origin>
         <length>0x2de</length>
         <used_space>0x2de</used_space>
         <unused_space>0x0</unused_space>
         <attributes>RWIX</attributes>
         <usage_details>
            <allocated_space>
               <start_address>0x122</start_address>
               <size>0x66</size>
               <logical_group_ref idref="lg-4"/>
            </allocated_space>
            <allocated_space>
               <start_address>0x188</start_address>
               <size>0x4</size>
               <logical_group_ref idref="lg-e"/>
            </allocated_space>
            <allocated_space>
               <start_address>0x18c</start_address>
               <size>0x274</size>
               <logical_group_ref idref="lg-b9"/>
            </allocated_space>
         </usage_details>
      </memory_area>
      <memory_area display="yes" color="green">
         <name>RAMLS0</name>
         <page_id>0x0</page_id>
         <origin>0x8000</origin>
         <length>0x800</length>
         <used_space>0x397</used_space>
         <unused_space>0x469</unused_space>
         <attributes>RWIX</attributes>
         <usage_details>
            <allocated_space>
               <start_address>0x8000</start_address>
               <size>0x397</size>
               <logical_group_ref idref="lg-ba"/>
            </allocated_space>
            <available_space>
               <start_address>0x8397</start_address>
               <size>0x469</size>
            </available_space>
         </usage_details>
      </memory_area>
      <memory_area display="yes" color="green">
         <name>RAMLS1</name>
         <page_id>0x0</page_id>
         <origin>0x8800</origin>
         <length>0x800</length>
         <used_space>0x0</used_space>
         <unused_space>0x800</unused_space>
         <attributes>RWIX</attributes>
         <usage_details>
         </usage_details>
      </memory_area>
      <memory_area display="yes" color="green">
         <name>RAMLS2</name>
         <page_id>0x0</page_id>
         <origin>0x9000</origin>
         <length>0x800</length>
         <used_space>0x0</used_space>
         <unused_space>0x800</unused_space>
         <attributes>RWIX</attributes>
         <usage_details>
         </usage_details>
      </memory_area>
      <memory_area display="yes" color="green">
         <name>RAMLS3</name>
         <page_id>0x0</page_id>
         <origin>0x9800</origin>
         <length>0x800</length>
         <used_space>0x0</used_space>
         <unused_space>0x800</unused_space>
         <attributes>RWIX</attributes>
         <usage_details>
         </usage_details>
      </memory_area>
      <memory_area display="yes" color="green">
         <name>RAMLS4</name>
         <page_id>0x0</page_id>
         <origin>0xa000</origin>
         <length>0x800</length>
         <used_space>0x0</used_space>
         <unused_space>0x800</unused_space>
         <attributes>RWIX</attributes>
         <usage_details>
         </usage_details>
      </memory_area>
      <memory_area display="yes" color="green">
         <name>RAMD0</name>
         <page_id>0x0</page_id>
         <origin>0xb000</origin>
         <length>0x800</length>
         <used_space>0x800</used_space>
         <unused_space>0x0</unused_space>
         <attributes>RWIX</attributes>
         <usage_details>
            <allocated_space>
               <start_address>0xb000</start_address>
               <size>0x800</size>
               <logical_group_ref idref="lg-bb"/>
            </allocated_space>
         </usage_details>
      </memory_area>
      <memory_area display="no" color="green">
         <name>RESET</name>
         <page_id>0x0</page_id>
         <origin>0x3fffc0</origin>
         <length>0x2</length>
         <used_space>0x0</used_space>
         <unused_space>0x2</unused_space>
         <attributes>RWIX</attributes>
         <usage_details>
         </usage_details>
      </memory_area>
      <memory_area display="yes" color="green">
         <name>BOOT_RSVD</name>
         <page_id>0x1</page_id>
         <origin>0x2</origin>
         <length>0x120</length>
         <used_space>0x0</used_space>
         <unused_space>0x120</unused_space>
         <attributes>RWIX</attributes>
         <usage_details>
         </usage_details>
      </memory_area>
      <memory_area display="yes" color="green">
         <name>RAMM1</name>
         <page_id>0x1</page_id>
         <origin>0x400</origin>
         <length>0x400</length>
         <used_space>0x100</used_space>
         <unused_space>0x300</unused_space>
         <attributes>RWIX</attributes>
         <usage_details>
            <allocated_space>
               <start_address>0x400</start_address>
               <size>0x100</size>
               <logical_group_ref idref="lg-8"/>
            </allocated_space>
            <available_space>
               <start_address>0x500</start_address>
               <size>0x300</size>
            </available_space>
         </usage_details>
      </memory_area>
      <memory_area display="yes" color="green">
         <name>RAMLS5</name>
         <page_id>0x1</page_id>
         <origin>0xa800</origin>
         <length>0x800</length>
         <used_space>0x4c4</used_space>
         <unused_space>0x33c</unused_space>
         <attributes>RWIX</attributes>
         <usage_details>
            <allocated_space>
               <start_address>0xa800</start_address>
               <size>0x3c8</size>
               <logical_group_ref idref="lg-a"/>
            </allocated_space>
            <allocated_space>
               <start_address>0xabc8</start_address>
               <size>0xfc</size>
               <logical_group_ref idref="lg-9"/>
            </allocated_space>
            <available_space>
               <start_address>0xacc4</start_address>
               <size>0x33c</size>
            </available_space>
         </usage_details>
      </memory_area>
      <memory_area display="yes" color="green">
         <name>RAMD1</name>
         <page_id>0x1</page_id>
         <origin>0xb800</origin>
         <length>0x800</length>
         <used_space>0x0</used_space>
         <unused_space>0x800</unused_space>
         <attributes>RWIX</attributes>
         <usage_details>
         </usage_details>
      </memory_area>
      <memory_area display="yes" color="green">
         <name>RAMGS0</name>
         <page_id>0x1</page_id>
         <origin>0xc000</origin>
         <length>0x1000</length>
         <used_space>0x0</used_space>
         <unused_space>0x1000</unused_space>
         <attributes>RWIX</attributes>
         <usage_details>
         </usage_details>
      </memory_area>
      <memory_area display="yes" color="green">
         <name>RAMGS1</name>
         <page_id>0x1</page_id>
         <origin>0xd000</origin>
         <length>0x1000</length>
         <used_space>0x0</used_space>
         <unused_space>0x1000</unused_space>
         <attributes>RWIX</attributes>
         <usage_details>
         </usage_details>
      </memory_area>
      <memory_area display="yes" color="green">
         <name>RAMGS2</name>
         <page_id>0x1</page_id>
         <origin>0xe000</origin>
         <length>0x1000</length>
         <used_space>0x0</used_space>
         <unused_space>0x1000</unused_space>
         <attributes>RWIX</attributes>
         <usage_details>
         </usage_details>
      </memory_area>
      <memory_area display="yes" color="green">
         <name>RAMGS3</name>
         <page_id>0x1</page_id>
         <origin>0xf000</origin>
         <length>0x1000</length>
         <used_space>0x0</used_space>
         <unused_space>0x1000</unused_space>
         <attributes>RWIX</attributes>
         <usage_details>
         </usage_details>
      </memory_area>
      <memory_area display="yes" color="green">
         <name>RAMGS4</name>
         <page_id>0x1</page_id>
         <origin>0x10000</origin>
         <length>0x1000</length>
         <used_space>0x0</used_space>
         <unused_space>0x1000</unused_space>
         <attributes>RWIX</attributes>
         <usage_details>
         </usage_details>
      </memory_area>
      <memory_area display="yes" color="green">
         <name>RAMGS5</name>
         <page_id>0x1</page_id>
         <origin>0x11000</origin>
         <length>0x1000</length>
         <used_space>0x0</used_space>
         <unused_space>0x1000</unused_space>
         <attributes>RWIX</attributes>
         <usage_details>
         </usage_details>
      </memory_area>
      <memory_area display="yes" color="green">
         <name>RAMGS6</name>
         <page_id>0x1</page_id>
         <origin>0x12000</origin>
         <length>0x1000</length>
         <used_space>0x0</used_space>
         <unused_space>0x1000</unused_space>
         <attributes>RWIX</attributes>
         <usage_details>
         </usage_details>
      </memory_area>
      <memory_area display="yes" color="green">
         <name>RAMGS7</name>
         <page_id>0x1</page_id>
         <origin>0x13000</origin>
         <length>0x1000</length>
         <used_space>0x0</used_space>
         <unused_space>0x1000</unused_space>
         <attributes>RWIX</attributes>
         <usage_details>
         </usage_details>
      </memory_area>
      <memory_area display="yes" color="green">
         <name>RAMGS8</name>
         <page_id>0x1</page_id>
         <origin>0x14000</origin>
         <length>0x1000</length>
         <used_space>0x0</used_space>
         <unused_space>0x1000</unused_space>
         <attributes>RWIX</attributes>
         <usage_details>
         </usage_details>
      </memory_area>
      <memory_area display="yes" color="green">
         <name>RAMGS9</name>
         <page_id>0x1</page_id>
         <origin>0x15000</origin>
         <length>0x1000</length>
         <used_space>0x0</used_space>
         <unused_space>0x1000</unused_space>
         <attributes>RWIX</attributes>
         <usage_details>
         </usage_details>
      </memory_area>
      <memory_area display="yes" color="green">
         <name>RAMGS10</name>
         <page_id>0x1</page_id>
         <origin>0x16000</origin>
         <length>0x1000</length>
         <used_space>0x0</used_space>
         <unused_space>0x1000</unused_space>
         <attributes>RWIX</attributes>
         <usage_details>
         </usage_details>
      </memory_area>
      <memory_area display="yes" color="green">
         <name>RAMGS11</name>
         <page_id>0x1</page_id>
         <origin>0x17000</origin>
         <length>0x1000</length>
         <used_space>0x0</used_space>
         <unused_space>0x1000</unused_space>
         <attributes>RWIX</attributes>
         <usage_details>
         </usage_details>
      </memory_area>
      <memory_area display="yes" color="green">
         <name>CANA_MSG_RAM</name>
         <page_id>0x1</page_id>
         <origin>0x49000</origin>
         <length>0x800</length>
         <used_space>0x0</used_space>
         <unused_space>0x800</unused_space>
         <attributes>RWIX</attributes>
         <usage_details>
         </usage_details>
      </memory_area>
      <memory_area display="yes" color="green">
         <name>CANB_MSG_RAM</name>
         <page_id>0x1</page_id>
         <origin>0x4b000</origin>
         <length>0x800</length>
         <used_space>0x0</used_space>
         <unused_space>0x800</unused_space>
         <attributes>RWIX</attributes>
         <usage_details>
         </usage_details>
      </memory_area>
   </placement_map>
   <symbol_table>
      <symbol id="sm-0">
         <name>cinit</name>
         <value>0x122</value>
      </symbol>
      <symbol id="sm-1">
         <name>___cinit__</name>
         <value>0x122</value>
      </symbol>
      <symbol id="sm-2">
         <name>pinit</name>
         <value>0xffffffff</value>
      </symbol>
      <symbol id="sm-3">
         <name>___pinit__</name>
         <value>0xffffffff</value>
      </symbol>
      <symbol id="sm-4">
         <name>binit</name>
         <value>0xffffffff</value>
      </symbol>
      <symbol id="sm-5">
         <name>___binit__</name>
         <value>0xffffffff</value>
      </symbol>
      <symbol id="sm-6">
         <name>__STACK_SIZE</name>
         <value>0x100</value>
      </symbol>
      <symbol id="sm-7">
         <name>__STACK_END</name>
         <value>0x500</value>
      </symbol>
      <symbol id="sm-8">
         <name>___c_args__</name>
         <value>0xffffffff</value>
      </symbol>
      <symbol id="sm-9">
         <name>.text</name>
         <value>0xffffffff</value>
      </symbol>
      <symbol id="sm-a">
         <name>___text__</name>
         <value>0xffffffff</value>
      </symbol>
      <symbol id="sm-b">
         <name>etext</name>
         <value>0xffffffff</value>
      </symbol>
      <symbol id="sm-c">
         <name>___etext__</name>
         <value>0xffffffff</value>
      </symbol>
      <symbol id="sm-d">
         <name>___TI_pprof_out_hndl</name>
         <value>0xffffffff</value>
      </symbol>
      <symbol id="sm-e">
         <name>___TI_prof_data_start</name>
         <value>0xffffffff</value>
      </symbol>
      <symbol id="sm-f">
         <name>___TI_prof_data_size</name>
         <value>0xffffffff</value>
      </symbol>
      <symbol id="sm-101">
         <name>__system_pre_init</name>
         <value>0x8395</value>
         <object_component_ref idref="oc-6f"/>
      </symbol>
      <symbol id="sm-102">
         <name>_sin</name>
         <value>0x80e0</value>
         <object_component_ref idref="oc-84"/>
      </symbol>
      <symbol id="sm-103">
         <name>_copy_in</name>
         <value>0x82a9</value>
         <object_component_ref idref="oc-70"/>
      </symbol>
      <symbol id="sm-104">
         <name>_tuning</name>
         <value>0xac03</value>
         <object_component_ref idref="oc-18"/>
      </symbol>
      <symbol id="sm-105">
         <name>_initTune</name>
         <value>0x18c</value>
         <object_component_ref idref="oc-78"/>
      </symbol>
      <symbol id="sm-106">
         <name>_adcA1ISR</name>
         <value>0x8000</value>
         <object_component_ref idref="oc-1d"/>
      </symbol>
      <symbol id="sm-107">
         <name>_sqrtf</name>
         <value>0x8284</value>
         <object_component_ref idref="oc-91"/>
      </symbol>
      <symbol id="sm-108">
         <name>_locked</name>
         <value>0xac00</value>
         <object_component_ref idref="oc-18"/>
      </symbol>
      <symbol id="sm-109">
         <name>_sendChar</name>
         <value>0xabce</value>
         <object_component_ref idref="oc-1b"/>
      </symbol>
      <symbol id="sm-10a">
         <name>_powf</name>
         <value>0xb000</value>
         <object_component_ref idref="oc-86"/>
      </symbol>
      <symbol id="sm-10b">
         <name>_stringInfo</name>
         <value>0xac40</value>
         <object_component_ref idref="oc-18"/>
      </symbol>
      <symbol id="sm-10c">
         <name>_sqrt</name>
         <value>0x8284</value>
         <object_component_ref idref="oc-91"/>
      </symbol>
      <symbol id="sm-10d">
         <name>__unlock</name>
         <value>0xabd4</value>
         <object_component_ref idref="oc-99"/>
      </symbol>
      <symbol id="sm-10e">
         <name>_errno</name>
         <value>0xabd7</value>
         <object_component_ref idref="oc-1a"/>
      </symbol>
      <symbol id="sm-10f">
         <name>_PLL</name>
         <value>0x197</value>
         <object_component_ref idref="oc-78"/>
      </symbol>
      <symbol id="sm-110">
         <name>__lock</name>
         <value>0xabd2</value>
         <object_component_ref idref="oc-7b"/>
      </symbol>
      <symbol id="sm-111">
         <name>_initADCSOC</name>
         <value>0xb67c</value>
         <object_component_ref idref="oc-77"/>
      </symbol>
      <symbol id="sm-112">
         <name>_fmodf</name>
         <value>0x2f5</value>
         <object_component_ref idref="oc-85"/>
      </symbol>
      <symbol id="sm-113">
         <name>_initADC</name>
         <value>0xb694</value>
         <object_component_ref idref="oc-77"/>
      </symbol>
      <symbol id="sm-114">
         <name>_filtOutputs</name>
         <value>0xac16</value>
         <object_component_ref idref="oc-18"/>
      </symbol>
      <symbol id="sm-115">
         <name>_stringInfoStandard</name>
         <value>0xa990</value>
         <object_component_ref idref="oc-76"/>
      </symbol>
      <symbol id="sm-116">
         <name>_thresholdCounter</name>
         <value>0xabd6</value>
         <object_component_ref idref="oc-19"/>
      </symbol>
      <symbol id="sm-117">
         <name>_sinf</name>
         <value>0x80e0</value>
         <object_component_ref idref="oc-84"/>
      </symbol>
      <symbol id="sm-118">
         <name>__system_post_cinit</name>
         <value>0x8283</value>
         <object_component_ref idref="oc-71"/>
      </symbol>
      <symbol id="sm-119">
         <name>_recievedChar</name>
         <value>0xabcf</value>
         <object_component_ref idref="oc-1b"/>
      </symbol>
      <symbol id="sm-11a">
         <name>_scalbn</name>
         <value>0xb74f</value>
         <object_component_ref idref="oc-95"/>
      </symbol>
      <symbol id="sm-11b">
         <name>_pow</name>
         <value>0xb000</value>
         <object_component_ref idref="oc-86"/>
      </symbol>
      <symbol id="sm-11c">
         <name>_ldexp</name>
         <value>0xb74f</value>
         <object_component_ref idref="oc-95"/>
      </symbol>
      <symbol id="sm-11d">
         <name>_startADC</name>
         <value>0xb63a</value>
         <object_component_ref idref="oc-77"/>
      </symbol>
      <symbol id="sm-11e">
         <name>__nop</name>
         <value>0x3ff</value>
         <object_component_ref idref="oc-89"/>
      </symbol>
      <symbol id="sm-11f">
         <name>_initEPWM</name>
         <value>0xb64e</value>
         <object_component_ref idref="oc-77"/>
      </symbol>
      <symbol id="sm-120">
         <name>_scalbnf</name>
         <value>0xb74f</value>
         <object_component_ref idref="oc-95"/>
      </symbol>
      <symbol id="sm-121">
         <name>_fmod</name>
         <value>0x2f5</value>
         <object_component_ref idref="oc-85"/>
      </symbol>
      <symbol id="sm-122">
         <name>_filtInputs</name>
         <value>0xac0c</value>
         <object_component_ref idref="oc-18"/>
      </symbol>
      <symbol id="sm-123">
         <name>_sciaRXFIFOISR</name>
         <value>0x81e2</value>
         <object_component_ref idref="oc-1c"/>
      </symbol>
      <symbol id="sm-124">
         <name>_memcpy</name>
         <value>0x82ed</value>
         <object_component_ref idref="oc-79"/>
      </symbol>
      <symbol id="sm-125">
         <name>_ldexpf</name>
         <value>0xb74f</value>
         <object_component_ref idref="oc-95"/>
      </symbol>
      <symbol id="sm-133">
         <name>_epwm2ISR</name>
         <value>0x833c</value>
         <object_component_ref idref="oc-25"/>
      </symbol>
      <symbol id="sm-134">
         <name>_stepCnt</name>
         <value>0xabd1</value>
         <object_component_ref idref="oc-24"/>
      </symbol>
      <symbol id="sm-135">
         <name>_timeBasePeriod</name>
         <value>0xabd0</value>
         <object_component_ref idref="oc-24"/>
      </symbol>
      <symbol id="sm-142">
         <name>_main</name>
         <value>0x8354</value>
         <object_component_ref idref="oc-7a"/>
      </symbol>
      <symbol id="sm-152">
         <name>_Device_initGPIO</name>
         <value>0xb3ed</value>
         <object_component_ref idref="oc-75"/>
      </symbol>
      <symbol id="sm-153">
         <name>___error__</name>
         <value>0xb380</value>
         <object_component_ref idref="oc-75"/>
      </symbol>
      <symbol id="sm-154">
         <name>_Device_enableUnbondedGPIOPullupsFor176Pin</name>
         <value>0xb383</value>
         <object_component_ref idref="oc-75"/>
      </symbol>
      <symbol id="sm-155">
         <name>_Device_enableUnbondedGPIOPullups</name>
         <value>0xb3c5</value>
         <object_component_ref idref="oc-75"/>
      </symbol>
      <symbol id="sm-156">
         <name>_Device_init</name>
         <value>0xb4aa</value>
         <object_component_ref idref="oc-75"/>
      </symbol>
      <symbol id="sm-157">
         <name>_Device_enableUnbondedGPIOPullupsFor100Pin</name>
         <value>0xb39e</value>
         <object_component_ref idref="oc-75"/>
      </symbol>
      <symbol id="sm-158">
         <name>_Device_enableAllPeripherals</name>
         <value>0xb40b</value>
         <object_component_ref idref="oc-75"/>
      </symbol>
      <symbol id="sm-175">
         <name>_ADC_setMode</name>
         <value>0xb59b</value>
         <object_component_ref idref="oc-80"/>
      </symbol>
      <symbol id="sm-1b5">
         <name>_Interrupt_enable</name>
         <value>0x3be</value>
         <object_component_ref idref="oc-81"/>
      </symbol>
      <symbol id="sm-1b6">
         <name>_Interrupt_initVectorTable</name>
         <value>0x82cd</value>
         <object_component_ref idref="oc-88"/>
      </symbol>
      <symbol id="sm-1b7">
         <name>_Interrupt_initModule</name>
         <value>0x818e</value>
         <object_component_ref idref="oc-87"/>
      </symbol>
      <symbol id="sm-206">
         <name>_SysCtl_delay</name>
         <value>0x188</value>
         <object_component_ref idref="oc-4d"/>
      </symbol>
      <symbol id="sm-207">
         <name>_SysCtl_selectOscSource</name>
         <value>0x8236</value>
         <object_component_ref idref="oc-8c"/>
      </symbol>
      <symbol id="sm-208">
         <name>_SysCtl_setClock</name>
         <value>0xb4e1</value>
         <object_component_ref idref="oc-7d"/>
      </symbol>
      <symbol id="sm-209">
         <name>_SysCtl_getLowSpeedClock</name>
         <value>0x8309</value>
         <object_component_ref idref="oc-7f"/>
      </symbol>
      <symbol id="sm-20a">
         <name>_SysCtl_getClock</name>
         <value>0x8072</value>
         <object_component_ref idref="oc-7e"/>
      </symbol>
      <symbol id="sm-225">
         <name>_c_int00</name>
         <value>0x8138</value>
         <object_component_ref idref="oc-15"/>
      </symbol>
      <symbol id="sm-226">
         <name>__stack</name>
         <value>0x400</value>
         <object_component_ref idref="oc-53"/>
      </symbol>
      <symbol id="sm-23a">
         <name>C$$EXIT</name>
         <value>0xb7c6</value>
         <object_component_ref idref="oc-73"/>
      </symbol>
      <symbol id="sm-23b">
         <name>_exit</name>
         <value>0xb7c8</value>
         <object_component_ref idref="oc-73"/>
      </symbol>
      <symbol id="sm-23c">
         <name>___TI_cleanup_ptr</name>
         <value>0xabca</value>
         <object_component_ref idref="oc-5b"/>
      </symbol>
      <symbol id="sm-23d">
         <name>___TI_enable_exit_profile_output</name>
         <value>0xabc8</value>
         <object_component_ref idref="oc-5b"/>
      </symbol>
      <symbol id="sm-23e">
         <name>_abort</name>
         <value>0xb7c6</value>
         <object_component_ref idref="oc-73"/>
      </symbol>
      <symbol id="sm-23f">
         <name>___TI_dtors_ptr</name>
         <value>0xabcc</value>
         <object_component_ref idref="oc-5b"/>
      </symbol>
      <symbol id="sm-250">
         <name>FS$$DIV</name>
         <value>0xb6c7</value>
         <object_component_ref idref="oc-60"/>
      </symbol>
      <symbol id="sm-25c">
         <name>U$$MOD</name>
         <value>0x8384</value>
         <object_component_ref idref="oc-65"/>
      </symbol>
      <symbol id="sm-25d">
         <name>U$$DIV</name>
         <value>0x837f</value>
         <object_component_ref idref="oc-65"/>
      </symbol>
      <symbol id="sm-26c">
         <name>__args_main</name>
         <value>0x8323</value>
         <object_component_ref idref="oc-72"/>
      </symbol>
   </symbol_table>
   <title>Link successful</title>
</link_info>
