******************************************************************************
             TMS320C2000 Linker PC v16.9.1                     
******************************************************************************
>> Linked Thu Apr 27 12:28:49 2017

OUTPUT FILE NAME:   <guitar_tuner_control.out>
ENTRY POINT SYMBOL: "_c_int00"  address: 00008138


MEMORY CONFIGURATION

         name            origin    length      used     unused   attr    fill
----------------------  --------  ---------  --------  --------  ----  --------
PAGE 0:
  BEGIN                 00000000   00000002  00000000  00000002  RWIX
  RAMM0                 00000122   000002de  000002de  00000000  RWIX
  RAMLS0                00008000   00000800  00000397  00000469  RWIX
  RAMLS1                00008800   00000800  00000000  00000800  RWIX
  RAMLS2                00009000   00000800  00000000  00000800  RWIX
  RAMLS3                00009800   00000800  00000000  00000800  RWIX
  RAMLS4                0000a000   00000800  00000000  00000800  RWIX
  RAMD0                 0000b000   00000800  00000800  00000000  RWIX
  RESET                 003fffc0   00000002  00000000  00000002  RWIX

PAGE 1:
  BOOT_RSVD             00000002   00000120  00000000  00000120  RWIX
  RAMM1                 00000400   00000400  00000100  00000300  RWIX
  RAMLS5                0000a800   00000800  000004c4  0000033c  RWIX
  RAMD1                 0000b800   00000800  00000000  00000800  RWIX
  RAMGS0                0000c000   00001000  00000000  00001000  RWIX
  RAMGS1                0000d000   00001000  00000000  00001000  RWIX
  RAMGS2                0000e000   00001000  00000000  00001000  RWIX
  RAMGS3                0000f000   00001000  00000000  00001000  RWIX
  RAMGS4                00010000   00001000  00000000  00001000  RWIX
  RAMGS5                00011000   00001000  00000000  00001000  RWIX
  RAMGS6                00012000   00001000  00000000  00001000  RWIX
  RAMGS7                00013000   00001000  00000000  00001000  RWIX
  RAMGS8                00014000   00001000  00000000  00001000  RWIX
  RAMGS9                00015000   00001000  00000000  00001000  RWIX
  RAMGS10               00016000   00001000  00000000  00001000  RWIX
  RAMGS11               00017000   00001000  00000000  00001000  RWIX
  CANA_MSG_RAM          00049000   00000800  00000000  00000800  RWIX
  CANB_MSG_RAM          0004b000   00000800  00000000  00000800  RWIX


SECTION ALLOCATION MAP

 output                                  attributes/
section   page    origin      length       input sections
--------  ----  ----------  ----------   ----------------
.cinit     0    00000122    00000066     
                  00000122    0000004c     <whole-program> (.cinit)
                  0000016e    0000000e     rts2800_fpu32.lib : exit.obj (.cinit)
                  0000017c    00000005     <whole-program> (.cinit:__lock)
                  00000181    00000005     <whole-program> (.cinit:__unlock)
                  00000186    00000002     --HOLE-- [fill = 0]

.pinit     0    00000122    00000000     UNINITIALIZED

.reset     0    003fffc0    00000002     DSECT
                  003fffc0    00000002     rts2800_fpu32.lib : boot28.obj (.reset)

.TI.ramfunc 
*          0    00000188    00000004     
                  00000188    00000004     driverlib.lib : sysctl.obj (.TI.ramfunc)

.text.1    0    0000018c    00000274     
                  0000018c    00000169     Tune.obj (.text)
                  000002f5    000000c9     rts2800_fpu32.lib : e_fmodf.obj (.text)
                  000003be    00000033     driverlib.lib : interrupt.obj (.text:_Interrupt_enable)
                  000003f1    0000000e                   : interrupt.obj (.text:_Interrupt_defaultHandler)
                  000003ff    00000001     rts2800_fpu32.lib : _lock.obj (.text)

.text.2    0    00008000    00000397     
                  00008000    00000072     ADCInit.obj (.text:retain)
                  00008072    0000006e     driverlib.lib : sysctl.obj (.text:_SysCtl_getClock)
                  000080e0    00000058     rts2800_fpu32.lib : s_sinf.obj (.text)
                  00008138    00000056                       : boot28.obj (.text)
                  0000818e    00000054     driverlib.lib : interrupt.obj (.text:_Interrupt_initModule)
                  000081e2    00000054     Bluetooth.obj (.text:retain)
                  00008236    0000004d     driverlib.lib : sysctl.obj (.text:_SysCtl_selectOscSource)
                  00008283    00000001     rts2800_fpu32.lib : startup.obj (.text)
                  00008284    00000025                       : e_sqrtf.obj (.text)
                  000082a9    00000024                       : cpy_tbl.obj (.text)
                  000082cd    00000020     driverlib.lib : interrupt.obj (.text:_Interrupt_initVectorTable)
                  000082ed    0000001c     rts2800_fpu32.lib : memcpy.obj (.text)
                  00008309    0000001a     driverlib.lib : sysctl.obj (.text:_SysCtl_getLowSpeedClock)
                  00008323    00000019     rts2800_fpu32.lib : args_main.obj (.text)
                  0000833c    00000018     MotorControl.obj (.text:retain)
                  00008354    00000013     main.obj (.text)
                  00008367    0000000d     driverlib.lib : interrupt.obj (.text:_Interrupt_enableMaster)
                  00008374    0000000b                   : sysctl.obj (.text:_SysCtl_isMCDClockFailureDetected)
                  0000837f    0000000b     rts2800_fpu32.lib : u_div28.obj (.text)
                  0000838a    00000009     driverlib.lib : sysctl.obj (.text:_SysCtl_serviceWatchdog)
                  00008393    00000002                   : interrupt.obj (.text:_Interrupt_nmiHandler)
                  00008395    00000002     rts2800_fpu32.lib : pre_init.obj (.text)

.text.3    0    0000b000    00000800     
                  0000b000    00000380     rts2800_fpu32.lib : e_powf.obj (.text)
                  0000b380    00000161     device.obj (.text)
                  0000b4e1    000000ba     driverlib.lib : sysctl.obj (.text:_SysCtl_setClock)
                  0000b59b    00000097                   : adc.obj (.text:_ADC_setMode)
                  0000b632    00000095     ADCInit.obj (.text)
                  0000b6c7    00000088     rts2800_fpu32.lib : fs_div28.obj (.text)
                  0000b74f    00000077                       : s_scalbnf.obj (.text)
                  0000b7c6    00000029                       : exit.obj (.text)
                  0000b7ef    0000000d     driverlib.lib : interrupt.obj (.text:_Interrupt_disableMaster)
                  0000b7fc    00000002     Bluetooth.obj (.text)
                  0000b7fe    00000002     driverlib.lib : interrupt.obj (.text:_Interrupt_illegalOperationHandler)

.stack     1    00000400    00000100     UNINITIALIZED
                  00000400    00000100     --HOLE--

.econst    1    0000a800    000003c8     
                  0000a800    000000c8     driverlib.lib : gpio.obj (.econst:.string)
                  0000a8c8    000000c7                   : sci.obj (.econst:.string)
                  0000a98f    00000001     --HOLE-- [fill = 0]
                  0000a990    00000084     Tune.obj (.econst:_stringInfoStandard)
                  0000aa14    00000069     driverlib.lib : interrupt.obj (.econst:.string)
                  0000aa7d    00000001     --HOLE-- [fill = 0]
                  0000aa7e    00000066                   : sysctl.obj (.econst:.string)
                  0000aae4    00000063                   : adc.obj (.econst:.string)
                  0000ab47    00000001     --HOLE-- [fill = 0]
                  0000ab48    00000054     <whole-program> (.econst:.string)
                  0000ab9c    0000000e     Tune.obj (.econst:_$P$T2$9$2)
                  0000abaa    0000000e     Tune.obj (.econst:_$P$T3$10$2)
                  0000abb8    00000004     rts2800_fpu32.lib : e_fmodf.obj (.econst:_Zero$4)
                  0000abbc    00000004                       : e_powf.obj (.econst:_bp$5)
                  0000abc0    00000004                       : e_powf.obj (.econst:_dp_h$5)
                  0000abc4    00000004                       : e_powf.obj (.econst:_dp_l$5)

.ebss      1    0000abc8    000000fc     UNINITIALIZED
                  0000abc8    00000006     rts2800_fpu32.lib : exit.obj (.ebss)
                  0000abce    00000002     Bluetooth.obj (.ebss)
                  0000abd0    00000002     MotorControl.obj (.ebss)
                  0000abd2    00000002     rts2800_fpu32.lib : _lock.obj (.ebss:__lock)
                  0000abd4    00000002                       : _lock.obj (.ebss:__unlock)
                  0000abd6    00000001     ADCInit.obj (.ebss)
                  0000abd7    00000001     rts2800_fpu32.lib : errno.obj (.ebss)
                  0000abd8    00000028     --HOLE--
                  0000ac00    000000c4     Tune.obj (.ebss)

MODULE SUMMARY

       Module             code   initialized data   uninitialized data
       ------             ----   ----------------   ------------------
    .\
       Tune.obj           361    160                196               
       ADCInit.obj        263    0                  1                 
       Bluetooth.obj      86     0                  2                 
       MotorControl.obj   24     0                  2                 
       main.obj           19     0                  0                 
    +--+------------------+------+------------------+--------------------+
       Total:             753    160                201               
                                                                      
    .\device\
       device.obj         353    0                  0                 
    +--+------------------+------+------------------+--------------------+
       Total:             353    0                  0                 
                                                                      
    C:\Users\Owner\AppData\Local\Temp\
       056602             0      170                0                 
    +--+------------------+------+------------------+--------------------+
       Total:             0      170                0                 
                                                                      
    ../driverlib.lib
       sysctl.obj         423    102                0                 
       interrupt.obj      211    105                0                 
       adc.obj            151    99                 0                 
       gpio.obj           0      200                0                 
       sci.obj            0      199                0                 
    +--+------------------+------+------------------+--------------------+
       Total:             785    705                0                 
                                                                      
    C:\ti\ccsv7\tools\compiler\ti-cgt-c2000_16.9.1.LTS\lib\rts2800_fpu32.lib
       e_powf.obj         896    12                 0                 
       e_fmodf.obj        201    4                  0                 
       fs_div28.obj       136    0                  0                 
       s_scalbnf.obj      119    0                  0                 
       s_sinf.obj         88     0                  0                 
       boot28.obj         86     0                  0                 
       exit.obj           41     14                 6                 
       e_sqrtf.obj        37     0                  0                 
       cpy_tbl.obj        36     0                  0                 
       memcpy.obj         28     0                  0                 
       args_main.obj      25     0                  0                 
       u_div28.obj        11     0                  0                 
       _lock.obj          1      0                  4                 
       pre_init.obj       2      0                  0                 
       errno.obj          0      0                  1                 
       startup.obj        1      0                  0                 
    +--+------------------+------+------------------+--------------------+
       Total:             1708   30                 11                
                                                                      
       Stack:             0      0                  256               
    +--+------------------+------+------------------+--------------------+
       Grand Total:       3599   1065               468               


GLOBAL DATA SYMBOLS: SORTED BY DATA PAGE

address     data page           name
--------    ----------------    ----
00000400      10 (00000400)     __stack

0000a990     2a6 (0000a980)     _stringInfoStandard

0000abc8     2af (0000abc0)     ___TI_enable_exit_profile_output
0000abca     2af (0000abc0)     ___TI_cleanup_ptr
0000abcc     2af (0000abc0)     ___TI_dtors_ptr
0000abce     2af (0000abc0)     _sendChar
0000abcf     2af (0000abc0)     _recievedChar
0000abd0     2af (0000abc0)     _timeBasePeriod
0000abd1     2af (0000abc0)     _stepCnt
0000abd2     2af (0000abc0)     __lock
0000abd4     2af (0000abc0)     __unlock
0000abd6     2af (0000abc0)     _thresholdCounter
0000abd7     2af (0000abc0)     _errno

0000ac00     2b0 (0000ac00)     _locked
0000ac03     2b0 (0000ac00)     _tuning
0000ac0c     2b0 (0000ac00)     _filtInputs
0000ac16     2b0 (0000ac00)     _filtOutputs

0000ac40     2b1 (0000ac40)     _stringInfo


GLOBAL SYMBOLS: SORTED ALPHABETICALLY BY Name 

page  address   name                                      
----  -------   ----                                      
abs   ffffffff  .text                                     
0     0000b7c6  C$$EXIT                                   
0     0000b6c7  FS$$DIV                                   
0     0000837f  U$$DIV                                    
0     00008384  U$$MOD                                    
0     0000b59b  _ADC_setMode                              
0     0000b40b  _Device_enableAllPeripherals              
0     0000b3c5  _Device_enableUnbondedGPIOPullups         
0     0000b39e  _Device_enableUnbondedGPIOPullupsFor100Pin
0     0000b383  _Device_enableUnbondedGPIOPullupsFor176Pin
0     0000b4aa  _Device_init                              
0     0000b3ed  _Device_initGPIO                          
0     000003be  _Interrupt_enable                         
0     0000818e  _Interrupt_initModule                     
0     000082cd  _Interrupt_initVectorTable                
0     00000197  _PLL                                      
0     00000188  _SysCtl_delay                             
0     00008072  _SysCtl_getClock                          
0     00008309  _SysCtl_getLowSpeedClock                  
0     00008236  _SysCtl_selectOscSource                   
0     0000b4e1  _SysCtl_setClock                          
1     00000500  __STACK_END                               
abs   00000100  __STACK_SIZE                              
1     0000abca  ___TI_cleanup_ptr                         
1     0000abcc  ___TI_dtors_ptr                           
1     0000abc8  ___TI_enable_exit_profile_output          
abs   ffffffff  ___TI_pprof_out_hndl                      
abs   ffffffff  ___TI_prof_data_size                      
abs   ffffffff  ___TI_prof_data_start                     
abs   ffffffff  ___binit__                                
abs   ffffffff  ___c_args__                               
0     00000122  ___cinit__                                
0     0000b380  ___error__                                
abs   ffffffff  ___etext__                                
abs   ffffffff  ___pinit__                                
abs   ffffffff  ___text__                                 
0     00008323  __args_main                               
1     0000abd2  __lock                                    
0     000003ff  __nop                                     
1     00000400  __stack                                   
0     00008283  __system_post_cinit                       
0     00008395  __system_pre_init                         
1     0000abd4  __unlock                                  
0     0000b7c6  _abort                                    
0     00008000  _adcA1ISR                                 
0     00008138  _c_int00                                  
0     000082a9  _copy_in                                  
0     0000833c  _epwm2ISR                                 
1     0000abd7  _errno                                    
0     0000b7c8  _exit                                     
1     0000ac0c  _filtInputs                               
1     0000ac16  _filtOutputs                              
0     000002f5  _fmod                                     
0     000002f5  _fmodf                                    
0     0000b694  _initADC                                  
0     0000b67c  _initADCSOC                               
0     0000b64e  _initEPWM                                 
0     0000018c  _initTune                                 
0     0000b74f  _ldexp                                    
0     0000b74f  _ldexpf                                   
1     0000ac00  _locked                                   
0     00008354  _main                                     
0     000082ed  _memcpy                                   
0     0000b000  _pow                                      
0     0000b000  _powf                                     
1     0000abcf  _recievedChar                             
0     0000b74f  _scalbn                                   
0     0000b74f  _scalbnf                                  
0     000081e2  _sciaRXFIFOISR                            
1     0000abce  _sendChar                                 
0     000080e0  _sin                                      
0     000080e0  _sinf                                     
0     00008284  _sqrt                                     
0     00008284  _sqrtf                                    
0     0000b63a  _startADC                                 
1     0000abd1  _stepCnt                                  
1     0000ac40  _stringInfo                               
1     0000a990  _stringInfoStandard                       
1     0000abd6  _thresholdCounter                         
1     0000abd0  _timeBasePeriod                           
1     0000ac03  _tuning                                   
abs   ffffffff  binit                                     
0     00000122  cinit                                     
abs   ffffffff  etext                                     
abs   ffffffff  pinit                                     


GLOBAL SYMBOLS: SORTED BY Symbol Address 

page  address   name                                      
----  -------   ----                                      
0     00000122  ___cinit__                                
0     00000122  cinit                                     
0     00000188  _SysCtl_delay                             
0     0000018c  _initTune                                 
0     00000197  _PLL                                      
0     000002f5  _fmod                                     
0     000002f5  _fmodf                                    
0     000003be  _Interrupt_enable                         
0     000003ff  __nop                                     
0     00008000  _adcA1ISR                                 
0     00008072  _SysCtl_getClock                          
0     000080e0  _sin                                      
0     000080e0  _sinf                                     
0     00008138  _c_int00                                  
0     0000818e  _Interrupt_initModule                     
0     000081e2  _sciaRXFIFOISR                            
0     00008236  _SysCtl_selectOscSource                   
0     00008283  __system_post_cinit                       
0     00008284  _sqrt                                     
0     00008284  _sqrtf                                    
0     000082a9  _copy_in                                  
0     000082cd  _Interrupt_initVectorTable                
0     000082ed  _memcpy                                   
0     00008309  _SysCtl_getLowSpeedClock                  
0     00008323  __args_main                               
0     0000833c  _epwm2ISR                                 
0     00008354  _main                                     
0     0000837f  U$$DIV                                    
0     00008384  U$$MOD                                    
0     00008395  __system_pre_init                         
0     0000b000  _pow                                      
0     0000b000  _powf                                     
0     0000b380  ___error__                                
0     0000b383  _Device_enableUnbondedGPIOPullupsFor176Pin
0     0000b39e  _Device_enableUnbondedGPIOPullupsFor100Pin
0     0000b3c5  _Device_enableUnbondedGPIOPullups         
0     0000b3ed  _Device_initGPIO                          
0     0000b40b  _Device_enableAllPeripherals              
0     0000b4aa  _Device_init                              
0     0000b4e1  _SysCtl_setClock                          
0     0000b59b  _ADC_setMode                              
0     0000b63a  _startADC                                 
0     0000b64e  _initEPWM                                 
0     0000b67c  _initADCSOC                               
0     0000b694  _initADC                                  
0     0000b6c7  FS$$DIV                                   
0     0000b74f  _ldexp                                    
0     0000b74f  _ldexpf                                   
0     0000b74f  _scalbn                                   
0     0000b74f  _scalbnf                                  
0     0000b7c6  C$$EXIT                                   
0     0000b7c6  _abort                                    
0     0000b7c8  _exit                                     
1     00000400  __stack                                   
1     00000500  __STACK_END                               
1     0000a990  _stringInfoStandard                       
1     0000abc8  ___TI_enable_exit_profile_output          
1     0000abca  ___TI_cleanup_ptr                         
1     0000abcc  ___TI_dtors_ptr                           
1     0000abce  _sendChar                                 
1     0000abcf  _recievedChar                             
1     0000abd0  _timeBasePeriod                           
1     0000abd1  _stepCnt                                  
1     0000abd2  __lock                                    
1     0000abd4  __unlock                                  
1     0000abd6  _thresholdCounter                         
1     0000abd7  _errno                                    
1     0000ac00  _locked                                   
1     0000ac03  _tuning                                   
1     0000ac0c  _filtInputs                               
1     0000ac16  _filtOutputs                              
1     0000ac40  _stringInfo                               
abs   00000100  __STACK_SIZE                              
abs   ffffffff  .text                                     
abs   ffffffff  ___TI_pprof_out_hndl                      
abs   ffffffff  ___TI_prof_data_size                      
abs   ffffffff  ___TI_prof_data_start                     
abs   ffffffff  ___binit__                                
abs   ffffffff  ___c_args__                               
abs   ffffffff  ___etext__                                
abs   ffffffff  ___pinit__                                
abs   ffffffff  ___text__                                 
abs   ffffffff  binit                                     
abs   ffffffff  etext                                     
abs   ffffffff  pinit                                     

[85 symbols]
