******************************************************************************
             TMS320C2000 Linker PC v16.9.1                     
******************************************************************************
>> Linked Thu Apr 27 12:28:47 2017

OUTPUT FILE NAME:   <guitar_tuner_control.out>
ENTRY POINT SYMBOL: "_c_int00"  address: 000082b6


MEMORY CONFIGURATION

         name            origin    length      used     unused   attr    fill
----------------------  --------  ---------  --------  --------  ----  --------
PAGE 0:
  BEGIN                 00000000   00000002  00000000  00000002  RWIX
  RAMM0                 00000122   000002de  000002de  00000000  RWIX
  RAMLS0                00008000   00000800  00000800  00000000  RWIX
  RAMLS1                00008800   00000800  00000009  000007f7  RWIX
  RAMLS2                00009000   00000800  00000000  00000800  RWIX
  RAMLS3                00009800   00000800  00000000  00000800  RWIX
  RAMLS4                0000a000   00000800  00000000  00000800  RWIX
  RAMD0                 0000b000   00000800  00000800  00000000  RWIX
  RESET                 003fffc0   00000002  00000000  00000002  RWIX

PAGE 1:
  BOOT_RSVD             00000002   00000120  00000000  00000120  RWIX
  RAMM1                 00000400   00000400  00000100  00000300  RWIX
  RAMLS5                0000a800   00000800  00000504  000002fc  RWIX
  RAMD1                 0000b800   00000800  00000000  00000800  RWIX
  RAMGS0                0000c000   00001000  00000000  00001000  RWIX
  RAMGS1                0000d000   00001000  00000000  00001000  RWIX
  RAMGS2                0000e000   00001000  00000000  00001000  RWIX
  RAMGS3                0000f000   00001000  00000000  00001000  RWIX
  RAMGS4                00010000   00001000  00000000  00001000  RWIX
  RAMGS5                00011000   00001000  00000000  00001000  RWIX
  RAMGS6                00012000   00001000  00000000  00001000  RWIX
  RAMGS7                00013000   00001000  00000000  00001000  RWIX
  RAMGS8                00014000   00001000  00000000  00001000  RWIX
  RAMGS9                00015000   00001000  00000000  00001000  RWIX
  RAMGS10               00016000   00001000  00000000  00001000  RWIX
  RAMGS11               00017000   00001000  00000000  00001000  RWIX
  CANA_MSG_RAM          00049000   00000800  00000000  00000800  RWIX
  CANB_MSG_RAM          0004b000   00000800  00000000  00000800  RWIX


SECTION ALLOCATION MAP

 output                                  attributes/
section   page    origin      length       input sections
--------  ----  ----------  ----------   ----------------
.cinit     0    00000122    00000066     
                  00000122    00000048     Tune.obj (.cinit)
                  0000016a    0000000e     rts2800_fpu32.lib : exit.obj (.cinit)
                  00000178    00000005                       : _lock.obj (.cinit:__lock)
                  0000017d    00000005                       : _lock.obj (.cinit:__unlock)
                  00000182    00000004                       : errno.obj (.cinit)
                  00000186    00000002     --HOLE-- [fill = 0]

.pinit     0    00000122    00000000     UNINITIALIZED

.reset     0    003fffc0    00000002     DSECT
                  003fffc0    00000002     rts2800_fpu32.lib : boot28.obj (.reset)

.TI.ramfunc 
*          0    00000188    00000004     
                  00000188    00000004     driverlib.lib : sysctl.obj (.TI.ramfunc)

.text.1    0    0000018c    00000274     
                  0000018c    000001dc     Tune.obj (.text)
                  00000368    00000097     driverlib.lib : adc.obj (.text:_ADC_setMode)
                  000003ff    00000001     rts2800_fpu32.lib : startup.obj (.text)

.text.2    0    00008000    00000800     
                  00008000    00000092     ADCInit.obj (.text)
                  00008092    00000088     rts2800_fpu32.lib : fs_div28.obj (.text)
                  0000811a    00000074     ADCInit.obj (.text:retain)
                  0000818e    0000006e     driverlib.lib : sysctl.obj (.text:_SysCtl_getClock)
                  000081fc    00000062     rts2800_fpu32.lib : s_scalbnf.obj (.text)
                  0000825e    00000058                       : s_sinf.obj (.text)
                  000082b6    00000056                       : boot28.obj (.text)
                  0000830c    00000054     driverlib.lib : interrupt.obj (.text:_Interrupt_initModule)
                  00008360    00000052                   : gpio.obj (.text:_GPIO_setPadConfig)
                  000083b2    00000051     Bluetooth.obj (.text:retain)
                  00008403    0000004d     driverlib.lib : sysctl.obj (.text:_SysCtl_selectOscSource)
                  00008450    00000044                   : sci.obj (.text:_SCI_disableInterrupt)
                  00008494    00000044                   : sci.obj (.text:_SCI_enableInterrupt)
                  000084d8    00000040                   : sci.obj (.text:_SCI_setConfig)
                  00008518    0000003d                   : gpio.obj (.text:_GPIO_setPinConfig)
                  00008555    00000038                   : gpio.obj (.text:_GPIO_setMasterCore)
                  0000858d    00000036                   : gpio.obj (.text:_GPIO_setQualificationMode)
                  000085c3    00000033                   : interrupt.obj (.text:_Interrupt_enable)
                  000085f6    00000031                   : gpio.obj (.text:_GPIO_setDirectionMode)
                  00008627    00000029     rts2800_fpu32.lib : exit.obj (.text)
                  00008650    00000025                       : e_sqrtf.obj (.text)
                  00008675    00000024                       : cpy_tbl.obj (.text)
                  00008699    00000020     driverlib.lib : interrupt.obj (.text:_Interrupt_initVectorTable)
                  000086b9    0000001f                   : sci.obj (.text:_SCI_isBaseValid)
                  000086d8    0000001e     rts2800_fpu32.lib : memcpy.obj (.text)
                  000086f6    0000001a     driverlib.lib : sysctl.obj (.text:_SysCtl_getLowSpeedClock)
                  00008710    00000019                   : sci.obj (.text:_SCI_disableModule)
                  00008729    00000019                   : sci.obj (.text:_SCI_performSoftwareReset)
                  00008742    00000019     rts2800_fpu32.lib : args_main.obj (.text)
                  0000875b    00000018     MotorControl.obj (.text:retain)
                  00008773    00000014     driverlib.lib : sci.obj (.text:_SCI_enableModule)
                  00008787    00000013     main.obj (.text)
                  0000879a    00000011     rts2800_fpu32.lib : s_copysignf.obj (.text)
                  000087ab    0000000e     driverlib.lib : gpio.obj (.text:_GPIO_isPinValid)
                  000087b9    0000000e                   : interrupt.obj (.text:_Interrupt_defaultHandler)
                  000087c7    0000000d                   : interrupt.obj (.text:_Interrupt_disableMaster)
                  000087d4    0000000d                   : interrupt.obj (.text:_Interrupt_enableMaster)
                  000087e1    0000000b                   : sysctl.obj (.text:_SysCtl_isMCDClockFailureDetected)
                  000087ec    0000000b     rts2800_fpu32.lib : u_div28.obj (.text)
                  000087f7    00000009     driverlib.lib : sysctl.obj (.text:_SysCtl_serviceWatchdog)

.text.3    0    00008800    00000009     
                  00008800    00000009     rts2800_fpu32.lib : _lock.obj (.text)

.text.4    0    0000b000    00000800     
                  0000b000    00000380     rts2800_fpu32.lib : e_powf.obj (.text)
                  0000b380    00000161     device.obj (.text)
                  0000b4e1    00000150     Bluetooth.obj (.text)
                  0000b631    000000c9     rts2800_fpu32.lib : e_fmodf.obj (.text)
                  0000b6fa    000000ba     driverlib.lib : sysctl.obj (.text:_SysCtl_setClock)
                  0000b7b4    00000046                   : sci.obj (.text:_SCI_clearInterruptStatus)
                  0000b7fa    00000002                   : interrupt.obj (.text:_Interrupt_illegalOperationHandler)
                  0000b7fc    00000002                   : interrupt.obj (.text:_Interrupt_nmiHandler)
                  0000b7fe    00000002     rts2800_fpu32.lib : pre_init.obj (.text)

.stack     1    00000400    00000100     UNINITIALIZED
                  00000400    00000100     --HOLE--

.econst    1    0000a800    00000402     
                  0000a800    000000c8     driverlib.lib : gpio.obj (.econst:.string)
                  0000a8c8    000000c7                   : sci.obj (.econst:.string)
                  0000a98f    00000001     --HOLE-- [fill = 0]
                  0000a990    00000084     Tune.obj (.econst:_stringInfoStandard)
                  0000aa14    00000069     driverlib.lib : interrupt.obj (.econst:.string)
                  0000aa7d    00000001     --HOLE-- [fill = 0]
                  0000aa7e    00000066                   : sysctl.obj (.econst:.string)
                  0000aae4    00000063                   : adc.obj (.econst:.string)
                  0000ab47    00000001     --HOLE-- [fill = 0]
                  0000ab48    00000054     Bluetooth.obj (.econst:.string)
                  0000ab9c    00000032     rts2800_fpu32.lib : e_powf.obj (.econst)
                  0000abce    0000000e     Tune.obj (.econst:_$P$T2$9)
                  0000abdc    0000000e     Tune.obj (.econst:_$P$T3$10)
                  0000abea    00000006     rts2800_fpu32.lib : s_scalbnf.obj (.econst)
                  0000abf0    00000004                       : e_fmodf.obj (.econst:_Zero)
                  0000abf4    00000004                       : e_powf.obj (.econst:_bp)
                  0000abf8    00000004                       : e_powf.obj (.econst:_dp_h)
                  0000abfc    00000004                       : e_powf.obj (.econst:_dp_l)
                  0000ac00    00000002                       : e_fmodf.obj (.econst)

.ebss      1    0000ac02    00000102     UNINITIALIZED
                  0000ac02    00000006     rts2800_fpu32.lib : exit.obj (.ebss)
                  0000ac08    00000002     Bluetooth.obj (.ebss)
                  0000ac0a    00000002     MotorControl.obj (.ebss)
                  0000ac0c    00000002     rts2800_fpu32.lib : _lock.obj (.ebss:__lock)
                  0000ac0e    00000002                       : _lock.obj (.ebss:__unlock)
                  0000ac10    00000001     ADCInit.obj (.ebss)
                  0000ac11    00000001     rts2800_fpu32.lib : errno.obj (.ebss)
                  0000ac12    0000002e     --HOLE--
                  0000ac40    000000c4     Tune.obj (.ebss)

MODULE SUMMARY

       Module             code   initialized data   uninitialized data
       ------             ----   ----------------   ------------------
    .\
       Tune.obj           476    232                196               
       Bluetooth.obj      417    84                 2                 
       ADCInit.obj        262    0                  1                 
       MotorControl.obj   24     0                  2                 
       main.obj           19     0                  0                 
    +--+------------------+------+------------------+--------------------+
       Total:             1198   316                201               
                                                                      
    .\device\
       device.obj         353    0                  0                 
    +--+------------------+------+------------------+--------------------+
       Total:             353    0                  0                 
                                                                      
    ../driverlib.lib
       sci.obj            371    199                0                 
       sysctl.obj         423    102                0                 
       gpio.obj           316    200                0                 
       interrupt.obj      211    105                0                 
       adc.obj            151    99                 0                 
    +--+------------------+------+------------------+--------------------+
       Total:             1472   705                0                 
                                                                      
    C:\ti\ccsv7\tools\compiler\ti-cgt-c2000_16.9.1.LTS\lib\rts2800_fpu32.lib
       e_powf.obj         896    62                 0                 
       e_fmodf.obj        201    6                  0                 
       fs_div28.obj       136    0                  0                 
       s_scalbnf.obj      98     6                  0                 
       s_sinf.obj         88     0                  0                 
       boot28.obj         86     0                  0                 
       exit.obj           41     14                 6                 
       e_sqrtf.obj        37     0                  0                 
       cpy_tbl.obj        36     0                  0                 
       memcpy.obj         30     0                  0                 
       args_main.obj      25     0                  0                 
       _lock.obj          9      10                 4                 
       s_copysignf.obj    17     0                  0                 
       u_div28.obj        11     0                  0                 
       errno.obj          0      4                  1                 
       pre_init.obj       2      0                  0                 
       startup.obj        1      0                  0                 
    +--+------------------+------+------------------+--------------------+
       Total:             1714   102                11                
                                                                      
       Stack:             0      0                  256               
    +--+------------------+------+------------------+--------------------+
       Grand Total:       4737   1123               468               


GLOBAL DATA SYMBOLS: SORTED BY DATA PAGE

address     data page           name
--------    ----------------    ----
00000400      10 (00000400)     __stack

0000a990     2a6 (0000a980)     _stringInfoStandard

0000ac02     2b0 (0000ac00)     ___TI_enable_exit_profile_output
0000ac04     2b0 (0000ac00)     ___TI_cleanup_ptr
0000ac06     2b0 (0000ac00)     ___TI_dtors_ptr
0000ac08     2b0 (0000ac00)     _sendChar
0000ac09     2b0 (0000ac00)     _recievedChar
0000ac0a     2b0 (0000ac00)     _timeBasePeriod
0000ac0b     2b0 (0000ac00)     _stepCnt
0000ac0c     2b0 (0000ac00)     __lock
0000ac0e     2b0 (0000ac00)     __unlock
0000ac10     2b0 (0000ac00)     _thresholdCounter
0000ac11     2b0 (0000ac00)     _errno

0000ac40     2b1 (0000ac40)     _tuning
0000ac42     2b1 (0000ac40)     _locked
0000ac4c     2b1 (0000ac40)     _filtInputs
0000ac56     2b1 (0000ac40)     _filtOutputs

0000ac80     2b2 (0000ac80)     _stringInfo


GLOBAL SYMBOLS: SORTED ALPHABETICALLY BY Name 

page  address   name                                      
----  -------   ----                                      
abs   ffffffff  .text                                     
0     00008627  C$$EXIT                                   
0     00008092  FS$$DIV                                   
0     000087ec  U$$DIV                                    
0     000087f1  U$$MOD                                    
0     00000368  _ADC_setMode                              
0     0000b40b  _Device_enableAllPeripherals              
0     0000b3c5  _Device_enableUnbondedGPIOPullups         
0     0000b39e  _Device_enableUnbondedGPIOPullupsFor100Pin
0     0000b383  _Device_enableUnbondedGPIOPullupsFor176Pin
0     0000b4aa  _Device_init                              
0     0000b3ed  _Device_initGPIO                          
0     000085f6  _GPIO_setDirectionMode                    
0     00008555  _GPIO_setMasterCore                       
0     00008360  _GPIO_setPadConfig                        
0     00008518  _GPIO_setPinConfig                        
0     0000858d  _GPIO_setQualificationMode                
0     000085c3  _Interrupt_enable                         
0     0000830c  _Interrupt_initModule                     
0     00008699  _Interrupt_initVectorTable                
0     000001f7  _PLL                                      
0     0000b7b4  _SCI_clearInterruptStatus                 
0     00008450  _SCI_disableInterrupt                     
0     00008494  _SCI_enableInterrupt                      
0     000084d8  _SCI_setConfig                            
0     00000188  _SysCtl_delay                             
0     0000818e  _SysCtl_getClock                          
0     000086f6  _SysCtl_getLowSpeedClock                  
0     00008403  _SysCtl_selectOscSource                   
0     0000b6fa  _SysCtl_setClock                          
1     00000500  __STACK_END                               
abs   00000100  __STACK_SIZE                              
1     0000ac04  ___TI_cleanup_ptr                         
1     0000ac06  ___TI_dtors_ptr                           
1     0000ac02  ___TI_enable_exit_profile_output          
abs   ffffffff  ___TI_pprof_out_hndl                      
abs   ffffffff  ___TI_prof_data_size                      
abs   ffffffff  ___TI_prof_data_start                     
abs   ffffffff  ___binit__                                
abs   ffffffff  ___c_args__                               
0     00000122  ___cinit__                                
0     0000b380  ___error__                                
abs   ffffffff  ___etext__                                
abs   ffffffff  ___pinit__                                
abs   ffffffff  ___text__                                 
0     00008742  __args_main                               
1     0000ac0c  __lock                                    
0     00008808  __nop                                     
0     00008804  __register_lock                           
0     00008800  __register_unlock                         
1     00000400  __stack                                   
0     000003ff  __system_post_cinit                       
0     0000b7fe  __system_pre_init                         
1     0000ac0e  __unlock                                  
0     00008627  _abort                                    
0     0000811a  _adcA1ISR                                 
0     000082b6  _c_int00                                  
0     00008675  _copy_in                                  
0     0000879a  _copysign                                 
0     0000879a  _copysignf                                
0     0000875b  _epwm2ISR                                 
1     0000ac11  _errno                                    
0     00008629  _exit                                     
1     0000ac4c  _filtInputs                               
1     0000ac56  _filtOutputs                              
0     0000b631  _fmod                                     
0     0000b631  _fmodf                                    
0     0000805f  _initADC                                  
0     00008047  _initADCSOC                               
0     0000b62c  _initBluetooth                            
0     00008019  _initEPWM                                 
0     0000b5ea  _initGPIO                                 
0     0000b4e3  _initSCI                                  
0     000001ec  _initTune                                 
0     000081fc  _ldexp                                    
0     000081fc  _ldexpf                                   
1     0000ac42  _locked                                   
0     00008787  _main                                     
0     000086d8  _memcpy                                   
0     0000b000  _pow                                      
0     0000b000  _powf                                     
1     0000ac09  _recievedChar                             
0     000081fc  _scalbn                                   
0     000081fc  _scalbnf                                  
0     000083b2  _sciaRXFIFOISR                            
1     0000ac08  _sendChar                                 
0     000001e3  _setStringInfo                            
0     0000825e  _sin                                      
0     0000825e  _sinf                                     
0     00008650  _sqrt                                     
0     00008650  _sqrtf                                    
0     0000800c  _startADC                                 
1     0000ac0b  _stepCnt                                  
0     00008000  _stopADC                                  
1     0000ac80  _stringInfo                               
1     0000a990  _stringInfoStandard                       
1     0000ac10  _thresholdCounter                         
1     0000ac0a  _timeBasePeriod                           
0     0000018c  _tuneGuitar                               
1     0000ac40  _tuning                                   
abs   ffffffff  binit                                     
0     00000122  cinit                                     
abs   ffffffff  etext                                     
abs   ffffffff  pinit                                     


GLOBAL SYMBOLS: SORTED BY Symbol Address 

page  address   name                                      
----  -------   ----                                      
0     00000122  ___cinit__                                
0     00000122  cinit                                     
0     00000188  _SysCtl_delay                             
0     0000018c  _tuneGuitar                               
0     000001e3  _setStringInfo                            
0     000001ec  _initTune                                 
0     000001f7  _PLL                                      
0     00000368  _ADC_setMode                              
0     000003ff  __system_post_cinit                       
0     00008000  _stopADC                                  
0     0000800c  _startADC                                 
0     00008019  _initEPWM                                 
0     00008047  _initADCSOC                               
0     0000805f  _initADC                                  
0     00008092  FS$$DIV                                   
0     0000811a  _adcA1ISR                                 
0     0000818e  _SysCtl_getClock                          
0     000081fc  _ldexp                                    
0     000081fc  _ldexpf                                   
0     000081fc  _scalbn                                   
0     000081fc  _scalbnf                                  
0     0000825e  _sin                                      
0     0000825e  _sinf                                     
0     000082b6  _c_int00                                  
0     0000830c  _Interrupt_initModule                     
0     00008360  _GPIO_setPadConfig                        
0     000083b2  _sciaRXFIFOISR                            
0     00008403  _SysCtl_selectOscSource                   
0     00008450  _SCI_disableInterrupt                     
0     00008494  _SCI_enableInterrupt                      
0     000084d8  _SCI_setConfig                            
0     00008518  _GPIO_setPinConfig                        
0     00008555  _GPIO_setMasterCore                       
0     0000858d  _GPIO_setQualificationMode                
0     000085c3  _Interrupt_enable                         
0     000085f6  _GPIO_setDirectionMode                    
0     00008627  C$$EXIT                                   
0     00008627  _abort                                    
0     00008629  _exit                                     
0     00008650  _sqrt                                     
0     00008650  _sqrtf                                    
0     00008675  _copy_in                                  
0     00008699  _Interrupt_initVectorTable                
0     000086d8  _memcpy                                   
0     000086f6  _SysCtl_getLowSpeedClock                  
0     00008742  __args_main                               
0     0000875b  _epwm2ISR                                 
0     00008787  _main                                     
0     0000879a  _copysign                                 
0     0000879a  _copysignf                                
0     000087ec  U$$DIV                                    
0     000087f1  U$$MOD                                    
0     00008800  __register_unlock                         
0     00008804  __register_lock                           
0     00008808  __nop                                     
0     0000b000  _pow                                      
0     0000b000  _powf                                     
0     0000b380  ___error__                                
0     0000b383  _Device_enableUnbondedGPIOPullupsFor176Pin
0     0000b39e  _Device_enableUnbondedGPIOPullupsFor100Pin
0     0000b3c5  _Device_enableUnbondedGPIOPullups         
0     0000b3ed  _Device_initGPIO                          
0     0000b40b  _Device_enableAllPeripherals              
0     0000b4aa  _Device_init                              
0     0000b4e3  _initSCI                                  
0     0000b5ea  _initGPIO                                 
0     0000b62c  _initBluetooth                            
0     0000b631  _fmod                                     
0     0000b631  _fmodf                                    
0     0000b6fa  _SysCtl_setClock                          
0     0000b7b4  _SCI_clearInterruptStatus                 
0     0000b7fe  __system_pre_init                         
1     00000400  __stack                                   
1     00000500  __STACK_END                               
1     0000a990  _stringInfoStandard                       
1     0000ac02  ___TI_enable_exit_profile_output          
1     0000ac04  ___TI_cleanup_ptr                         
1     0000ac06  ___TI_dtors_ptr                           
1     0000ac08  _sendChar                                 
1     0000ac09  _recievedChar                             
1     0000ac0a  _timeBasePeriod                           
1     0000ac0b  _stepCnt                                  
1     0000ac0c  __lock                                    
1     0000ac0e  __unlock                                  
1     0000ac10  _thresholdCounter                         
1     0000ac11  _errno                                    
1     0000ac40  _tuning                                   
1     0000ac42  _locked                                   
1     0000ac4c  _filtInputs                               
1     0000ac56  _filtOutputs                              
1     0000ac80  _stringInfo                               
abs   00000100  __STACK_SIZE                              
abs   ffffffff  .text                                     
abs   ffffffff  ___TI_pprof_out_hndl                      
abs   ffffffff  ___TI_prof_data_size                      
abs   ffffffff  ___TI_prof_data_start                     
abs   ffffffff  ___binit__                                
abs   ffffffff  ___c_args__                               
abs   ffffffff  ___etext__                                
abs   ffffffff  ___pinit__                                
abs   ffffffff  ___text__                                 
abs   ffffffff  binit                                     
abs   ffffffff  etext                                     
abs   ffffffff  pinit                                     

[104 symbols]
