******************************************************************************
             TMS320C2000 Linker PC v16.9.1                     
******************************************************************************
>> Linked Mon Apr 17 16:32:54 2017

OUTPUT FILE NAME:   <guitar_tuner_control.out>
ENTRY POINT SYMBOL: "_c_int00"  address: 0000b79f


MEMORY CONFIGURATION

         name            origin    length      used     unused   attr    fill
----------------------  --------  ---------  --------  --------  ----  --------
PAGE 0:
  BEGIN                 00000000   00000002  00000000  00000002  RWIX
  RAMM0                 00000122   000002de  000002de  00000000  RWIX
  RAMLS0                00008000   00000800  000004e3  0000031d  RWIX
  RAMLS1                00008800   00000800  00000000  00000800  RWIX
  RAMLS2                00009000   00000800  00000000  00000800  RWIX
  RAMLS3                00009800   00000800  00000000  00000800  RWIX
  RAMLS4                0000a000   00000800  00000000  00000800  RWIX
  RAMD0                 0000b000   00000800  00000800  00000000  RWIX
  RESET                 003fffc0   00000002  00000000  00000002  RWIX

PAGE 1:
  BOOT_RSVD             00000002   00000120  00000000  00000120  RWIX
  RAMM1                 00000400   00000400  00000100  00000300  RWIX
  RAMLS5                0000a800   00000800  00000381  0000047f  RWIX
  RAMD1                 0000b800   00000800  00000000  00000800  RWIX
  RAMGS0                0000c000   00001000  00000000  00001000  RWIX
  RAMGS1                0000d000   00001000  00000000  00001000  RWIX
  RAMGS2                0000e000   00001000  00000000  00001000  RWIX
  RAMGS3                0000f000   00001000  00000000  00001000  RWIX
  RAMGS4                00010000   00001000  00000000  00001000  RWIX
  RAMGS5                00011000   00001000  00000000  00001000  RWIX
  RAMGS6                00012000   00001000  00000000  00001000  RWIX
  RAMGS7                00013000   00001000  00000000  00001000  RWIX
  RAMGS8                00014000   00001000  00000000  00001000  RWIX
  RAMGS9                00015000   00001000  00000000  00001000  RWIX
  RAMGS10               00016000   00001000  00000000  00001000  RWIX
  RAMGS11               00017000   00001000  00000000  00001000  RWIX
  CANA_MSG_RAM          00049000   00000800  00000000  00000800  RWIX
  CANB_MSG_RAM          0004b000   00000800  00000000  00000800  RWIX


SECTION ALLOCATION MAP

 output                                  attributes/
section   page    origin      length       input sections
--------  ----  ----------  ----------   ----------------
.cinit     0    00000122    0000001a     
                  00000122    0000000e     rts2800_fpu32.lib : exit.obj (.cinit)
                  00000130    00000005                       : _lock.obj (.cinit:__lock)
                  00000135    00000005                       : _lock.obj (.cinit:__unlock)
                  0000013a    00000002     --HOLE-- [fill = 0]

.pinit     0    00000122    00000000     UNINITIALIZED

.reset     0    003fffc0    00000002     DSECT
                  003fffc0    00000002     rts2800_fpu32.lib : boot28.obj (.reset)

.TI.ramfunc 
*          0    0000013c    00000004     
                  0000013c    00000004     driverlib.lib : sysctl.obj (.TI.ramfunc)

.text.1    0    00000140    000002c0     
                  00000140    000001da     device.obj (.text)
                  0000031a    000000ba     driverlib.lib : sysctl.obj (.text:_SysCtl_setClock)
                  000003d4    00000029     rts2800_fpu32.lib : exit.obj (.text)
                  000003fd    00000002     driverlib.lib : interrupt.obj (.text:_Interrupt_illegalOperationHandler)
                  000003ff    00000001     rts2800_fpu32.lib : startup.obj (.text)

.text.2    0    00008000    000004e3     
                  00008000    00000054     driverlib.lib : interrupt.obj (.text:_Interrupt_initModule)
                  00008054    00000052                   : gpio.obj (.text:_GPIO_setPadConfig)
                  000080a6    0000004d                   : sysctl.obj (.text:_SysCtl_selectOscSource)
                  000080f3    00000046                   : sci.obj (.text:_SCI_clearInterruptStatus)
                  00008139    00000045     Bluetooth.obj (.text:retain)
                  0000817e    00000044     driverlib.lib : sci.obj (.text:_SCI_disableInterrupt)
                  000081c2    00000044                   : sci.obj (.text:_SCI_enableInterrupt)
                  00008206    00000040                   : sci.obj (.text:_SCI_setConfig)
                  00008246    0000003d                   : gpio.obj (.text:_GPIO_setPinConfig)
                  00008283    00000038                   : gpio.obj (.text:_GPIO_setMasterCore)
                  000082bb    00000036                   : gpio.obj (.text:_GPIO_setQualificationMode)
                  000082f1    00000036     MotorControl.obj (.text:retain)
                  00008327    00000033     driverlib.lib : interrupt.obj (.text:_Interrupt_enable)
                  0000835a    00000031                   : gpio.obj (.text:_GPIO_setDirectionMode)
                  0000838b    00000024     rts2800_fpu32.lib : cpy_tbl.obj (.text)
                  000083af    00000020     driverlib.lib : interrupt.obj (.text:_Interrupt_initVectorTable)
                  000083cf    0000001f                   : sci.obj (.text:_SCI_isBaseValid)
                  000083ee    0000001e     rts2800_fpu32.lib : memcpy.obj (.text)
                  0000840c    0000001a     driverlib.lib : sysctl.obj (.text:_SysCtl_getLowSpeedClock)
                  00008426    00000019                   : sci.obj (.text:_SCI_disableModule)
                  0000843f    00000019                   : sci.obj (.text:_SCI_performSoftwareReset)
                  00008458    00000019     rts2800_fpu32.lib : args_main.obj (.text)
                  00008471    00000014     driverlib.lib : sci.obj (.text:_SCI_enableModule)
                  00008485    00000012     main.obj (.text)
                  00008497    0000000e     driverlib.lib : gpio.obj (.text:_GPIO_isPinValid)
                  000084a5    0000000e                   : interrupt.obj (.text:_Interrupt_defaultHandler)
                  000084b3    0000000d                   : interrupt.obj (.text:_Interrupt_disableMaster)
                  000084c0    0000000d                   : interrupt.obj (.text:_Interrupt_enableMaster)
                  000084cd    00000009                   : sysctl.obj (.text:_SysCtl_serviceWatchdog)
                  000084d6    00000009     rts2800_fpu32.lib : _lock.obj (.text)
                  000084df    00000002     driverlib.lib : interrupt.obj (.text:_Interrupt_nmiHandler)
                  000084e1    00000002     rts2800_fpu32.lib : pre_init.obj (.text)

.text.3    0    0000b000    00000800     
                  0000b000    000004e5     MotorControl.obj (.text)
                  0000b4e5    000001c4     Bluetooth.obj (.text)
                  0000b6a9    00000088     rts2800_fpu32.lib : fs_div28.obj (.text)
                  0000b731    0000006e     driverlib.lib : sysctl.obj (.text:_SysCtl_getClock)
                  0000b79f    00000056     rts2800_fpu32.lib : boot28.obj (.text)
                  0000b7f5    0000000b     driverlib.lib : sysctl.obj (.text:_SysCtl_isMCDClockFailureDetected)

.stack     1    00000400    00000100     UNINITIALIZED
                  00000400    00000100     --HOLE--

.econst    1    0000a800    00000373     
                  0000a800    000000c8     driverlib.lib : gpio.obj (.econst:.string)
                  0000a8c8    000000c7                   : sci.obj (.econst:.string)
                  0000a98f    00000001     --HOLE-- [fill = 0]
                  0000a990    000000ab     MotorControl.obj (.econst:.string)
                  0000aa3b    00000001     --HOLE-- [fill = 0]
                  0000aa3c    00000069     driverlib.lib : interrupt.obj (.econst:.string)
                  0000aaa5    00000001     --HOLE-- [fill = 0]
                  0000aaa6    00000066                   : sysctl.obj (.econst:.string)
                  0000ab0c    00000054     Bluetooth.obj (.econst:.string)
                  0000ab60    00000013     device.obj (.econst:.string)

.ebss      1    0000ab74    0000000e     UNINITIALIZED
                  0000ab74    00000006     rts2800_fpu32.lib : exit.obj (.ebss)
                  0000ab7a    00000002     Bluetooth.obj (.ebss)
                  0000ab7c    00000002     MotorControl.obj (.ebss)
                  0000ab7e    00000002     rts2800_fpu32.lib : _lock.obj (.ebss:__lock)
                  0000ab80    00000002                       : _lock.obj (.ebss:__unlock)

MODULE SUMMARY

       Module             code   initialized data   uninitialized data
       ------             ----   ----------------   ------------------
    .\
       MotorControl.obj   1307   171                2                 
       Bluetooth.obj      521    84                 2                 
       main.obj           18     0                  0                 
    +--+------------------+------+------------------+--------------------+
       Total:             1846   255                4                 
                                                                      
    .\device\
       device.obj         474    19                 0                 
    +--+------------------+------+------------------+--------------------+
       Total:             474    19                 0                 
                                                                      
    ../driverlib.lib
       sci.obj            371    199                0                 
       sysctl.obj         423    102                0                 
       gpio.obj           316    200                0                 
       interrupt.obj      211    105                0                 
    +--+------------------+------+------------------+--------------------+
       Total:             1321   606                0                 
                                                                      
    C:\ti\ccsv7\tools\compiler\ti-cgt-c2000_16.9.1.LTS\lib\rts2800_fpu32.lib
       fs_div28.obj       136    0                  0                 
       boot28.obj         86     0                  0                 
       exit.obj           41     14                 6                 
       cpy_tbl.obj        36     0                  0                 
       memcpy.obj         30     0                  0                 
       args_main.obj      25     0                  0                 
       _lock.obj          9      10                 4                 
       pre_init.obj       2      0                  0                 
       startup.obj        1      0                  0                 
    +--+------------------+------+------------------+--------------------+
       Total:             366    24                 10                
                                                                      
       Stack:             0      0                  256               
    +--+------------------+------+------------------+--------------------+
       Grand Total:       4007   904                270               


GLOBAL DATA SYMBOLS: SORTED BY DATA PAGE

address     data page           name
--------    ----------------    ----
00000400      10 (00000400)     __stack

0000ab74     2ad (0000ab40)     ___TI_enable_exit_profile_output
0000ab76     2ad (0000ab40)     ___TI_cleanup_ptr
0000ab78     2ad (0000ab40)     ___TI_dtors_ptr
0000ab7a     2ad (0000ab40)     _sendChar
0000ab7b     2ad (0000ab40)     _recievedChar
0000ab7c     2ad (0000ab40)     _stepCnt
0000ab7d     2ad (0000ab40)     _timeBasePeriod
0000ab7e     2ad (0000ab40)     __lock

0000ab80     2ae (0000ab80)     __unlock


GLOBAL SYMBOLS: SORTED ALPHABETICALLY BY Name 

page  address   name                                      
----  -------   ----                                      
abs   ffffffff  .text                                     
0     000003d4  C$$EXIT                                   
0     0000b6a9  FS$$DIV                                   
0     000001b3  _Device_enableAllPeripherals              
0     000002fd  _Device_enableUnbondedGPIOPullups         
0     000002da  _Device_enableUnbondedGPIOPullupsFor100Pin
0     000002c3  _Device_enableUnbondedGPIOPullupsFor176Pin
0     00000182  _Device_init                              
0     000002a2  _Device_initGPIO                          
0     0000835a  _GPIO_setDirectionMode                    
0     00008283  _GPIO_setMasterCore                       
0     00008054  _GPIO_setPadConfig                        
0     00008246  _GPIO_setPinConfig                        
0     000082bb  _GPIO_setQualificationMode                
0     00008327  _Interrupt_enable                         
0     00008000  _Interrupt_initModule                     
0     000083af  _Interrupt_initVectorTable                
0     000080f3  _SCI_clearInterruptStatus                 
0     0000817e  _SCI_disableInterrupt                     
0     000081c2  _SCI_enableInterrupt                      
0     00008206  _SCI_setConfig                            
0     0000013c  _SysCtl_delay                             
0     0000b731  _SysCtl_getClock                          
0     0000840c  _SysCtl_getLowSpeedClock                  
0     000080a6  _SysCtl_selectOscSource                   
0     0000031a  _SysCtl_setClock                          
1     00000500  __STACK_END                               
abs   00000100  __STACK_SIZE                              
1     0000ab76  ___TI_cleanup_ptr                         
1     0000ab78  ___TI_dtors_ptr                           
1     0000ab74  ___TI_enable_exit_profile_output          
abs   ffffffff  ___TI_pprof_out_hndl                      
abs   ffffffff  ___TI_prof_data_size                      
abs   ffffffff  ___TI_prof_data_start                     
abs   ffffffff  ___binit__                                
abs   ffffffff  ___c_args__                               
0     00000122  ___cinit__                                
0     00000313  ___error__                                
abs   ffffffff  ___etext__                                
abs   ffffffff  ___pinit__                                
abs   ffffffff  ___text__                                 
0     00008458  __args_main                               
1     0000ab7e  __lock                                    
0     000084de  __nop                                     
0     000084da  __register_lock                           
0     000084d6  __register_unlock                         
1     00000400  __stack                                   
0     000003ff  __system_post_cinit                       
0     000084e1  __system_pre_init                         
1     0000ab80  __unlock                                  
0     000003d4  _abort                                    
0     0000b79f  _c_int00                                  
0     0000838b  _copy_in                                  
0     000082f1  _epwm2ISR                                 
0     000003d6  _exit                                     
0     0000b623  _initBluetooth                            
0     0000b252  _initMotorController                      
0     0000b265  _initPWM                                  
0     0000b2d0  _initPins                                 
0     00008485  _main                                     
0     000083ee  _memcpy                                   
1     0000ab7b  _recievedChar                             
0     00008139  _sciaRXFIFOISR                            
1     0000ab7a  _sendChar                                 
1     0000ab7c  _stepCnt                                  
1     0000ab7d  _timeBasePeriod                           
0     0000b43f  _turnMotor                                
abs   ffffffff  binit                                     
0     00000122  cinit                                     
abs   ffffffff  etext                                     
abs   ffffffff  pinit                                     


GLOBAL SYMBOLS: SORTED BY Symbol Address 

page  address   name                                      
----  -------   ----                                      
0     00000122  ___cinit__                                
0     00000122  cinit                                     
0     0000013c  _SysCtl_delay                             
0     00000182  _Device_init                              
0     000001b3  _Device_enableAllPeripherals              
0     000002a2  _Device_initGPIO                          
0     000002c3  _Device_enableUnbondedGPIOPullupsFor176Pin
0     000002da  _Device_enableUnbondedGPIOPullupsFor100Pin
0     000002fd  _Device_enableUnbondedGPIOPullups         
0     00000313  ___error__                                
0     0000031a  _SysCtl_setClock                          
0     000003d4  C$$EXIT                                   
0     000003d4  _abort                                    
0     000003d6  _exit                                     
0     000003ff  __system_post_cinit                       
0     00008000  _Interrupt_initModule                     
0     00008054  _GPIO_setPadConfig                        
0     000080a6  _SysCtl_selectOscSource                   
0     000080f3  _SCI_clearInterruptStatus                 
0     00008139  _sciaRXFIFOISR                            
0     0000817e  _SCI_disableInterrupt                     
0     000081c2  _SCI_enableInterrupt                      
0     00008206  _SCI_setConfig                            
0     00008246  _GPIO_setPinConfig                        
0     00008283  _GPIO_setMasterCore                       
0     000082bb  _GPIO_setQualificationMode                
0     000082f1  _epwm2ISR                                 
0     00008327  _Interrupt_enable                         
0     0000835a  _GPIO_setDirectionMode                    
0     0000838b  _copy_in                                  
0     000083af  _Interrupt_initVectorTable                
0     000083ee  _memcpy                                   
0     0000840c  _SysCtl_getLowSpeedClock                  
0     00008458  __args_main                               
0     00008485  _main                                     
0     000084d6  __register_unlock                         
0     000084da  __register_lock                           
0     000084de  __nop                                     
0     000084e1  __system_pre_init                         
0     0000b252  _initMotorController                      
0     0000b265  _initPWM                                  
0     0000b2d0  _initPins                                 
0     0000b43f  _turnMotor                                
0     0000b623  _initBluetooth                            
0     0000b6a9  FS$$DIV                                   
0     0000b731  _SysCtl_getClock                          
0     0000b79f  _c_int00                                  
1     00000400  __stack                                   
1     00000500  __STACK_END                               
1     0000ab74  ___TI_enable_exit_profile_output          
1     0000ab76  ___TI_cleanup_ptr                         
1     0000ab78  ___TI_dtors_ptr                           
1     0000ab7a  _sendChar                                 
1     0000ab7b  _recievedChar                             
1     0000ab7c  _stepCnt                                  
1     0000ab7d  _timeBasePeriod                           
1     0000ab7e  __lock                                    
1     0000ab80  __unlock                                  
abs   00000100  __STACK_SIZE                              
abs   ffffffff  .text                                     
abs   ffffffff  ___TI_pprof_out_hndl                      
abs   ffffffff  ___TI_prof_data_size                      
abs   ffffffff  ___TI_prof_data_start                     
abs   ffffffff  ___binit__                                
abs   ffffffff  ___c_args__                               
abs   ffffffff  ___etext__                                
abs   ffffffff  ___pinit__                                
abs   ffffffff  ___text__                                 
abs   ffffffff  binit                                     
abs   ffffffff  etext                                     
abs   ffffffff  pinit                                     

[71 symbols]
