******************************************************************************
             TMS320C2000 Linker PC v16.9.1                     
******************************************************************************
>> Linked Wed Apr 26 18:11:48 2017

OUTPUT FILE NAME:   <guitar_tuner_control.out>
ENTRY POINT SYMBOL: "_c_int00"  address: 00008d91


MEMORY CONFIGURATION

         name            origin    length      used     unused   attr    fill
----------------------  --------  ---------  --------  --------  ----  --------
PAGE 0:
  BEGIN                 00000000   00000002  00000000  00000002  RWIX
  RAMM0                 00000122   000002de  000002de  00000000  RWIX
  RAMLS0                00008000   00000800  000007ff  00000001  RWIX
  RAMLS1                00008800   00000800  000007ff  00000001  RWIX
  RAMLS2                00009000   00000800  00000300  00000500  RWIX
  RAMLS3                00009800   00000800  00000000  00000800  RWIX
  RAMLS4                0000a000   00000800  00000000  00000800  RWIX
  RAMD0                 0000b000   00000800  00000800  00000000  RWIX
  RESET                 003fffc0   00000002  00000000  00000002  RWIX

PAGE 1:
  BOOT_RSVD             00000002   00000120  00000000  00000120  RWIX
  RAMM1                 00000400   00000400  00000100  00000300  RWIX
  RAMLS5                0000a800   00000800  000005ca  00000236  RWIX
  RAMD1                 0000b800   00000800  00000000  00000800  RWIX
  RAMGS0                0000c000   00001000  00000000  00001000  RWIX
  RAMGS1                0000d000   00001000  00000000  00001000  RWIX
  RAMGS2                0000e000   00001000  00000000  00001000  RWIX
  RAMGS3                0000f000   00001000  00000000  00001000  RWIX
  RAMGS4                00010000   00001000  00000000  00001000  RWIX
  RAMGS5                00011000   00001000  00000000  00001000  RWIX
  RAMGS6                00012000   00001000  00000000  00001000  RWIX
  RAMGS7                00013000   00001000  00000000  00001000  RWIX
  RAMGS8                00014000   00001000  00000000  00001000  RWIX
  RAMGS9                00015000   00001000  00000000  00001000  RWIX
  RAMGS10               00016000   00001000  00000000  00001000  RWIX
  RAMGS11               00017000   00001000  00000000  00001000  RWIX
  CANA_MSG_RAM          00049000   00000800  00000000  00000800  RWIX
  CANB_MSG_RAM          0004b000   00000800  00000000  00000800  RWIX


SECTION ALLOCATION MAP

 output                                  attributes/
section   page    origin      length       input sections
--------  ----  ----------  ----------   ----------------
.ebss      1    00000000    00000254     FAILED TO ALLOCATE
.cinit     0    00000122    00000066     
                  00000122    00000048     Tune.obj (.cinit)
                  0000016a    0000000e     rts2800_fpu32.lib : exit.obj (.cinit)
                  00000178    00000005                       : _lock.obj (.cinit:__lock)
                  0000017d    00000005                       : _lock.obj (.cinit:__unlock)
                  00000182    00000004                       : errno.obj (.cinit)
                  00000186    00000002     --HOLE-- [fill = 0]

.pinit     0    00000122    00000000     UNINITIALIZED

.reset     0    003fffc0    00000002     DSECT
                  003fffc0    00000002     rts2800_fpu32.lib : boot28.obj (.reset)

.TI.ramfunc 
*          0    00000188    00000004     
                  00000188    00000004     driverlib.lib : sysctl.obj (.TI.ramfunc)

.stack     1    00000400    00000100     UNINITIALIZED
                  00000400    00000100     --HOLE--

.econst    1    0000a800    000005ca     
                  0000a800    000000c8     driverlib.lib : gpio.obj (.econst:.string)
                  0000a8c8    000000c7                   : sci.obj (.econst:.string)
                  0000a98f    00000001     --HOLE-- [fill = 0]
                  0000a990    000000ab     MotorControl.obj (.econst:.string)
                  0000aa3b    00000001     --HOLE-- [fill = 0]
                  0000aa3c    000000aa     Bluetooth.obj (.econst:.string)
                  0000aae6    000000a9     ADCInit.obj (.econst:.string)
                  0000ab8f    00000001     --HOLE-- [fill = 0]
                  0000ab90    000000a8     Tune.obj (.econst:.string)
                  0000ac38    00000069     driverlib.lib : interrupt.obj (.econst:.string)
                  0000aca1    00000001     --HOLE-- [fill = 0]
                  0000aca2    00000066                   : sysctl.obj (.econst:.string)
                  0000ad08    00000063                   : adc.obj (.econst:.string)
                  0000ad6b    00000001     --HOLE-- [fill = 0]
                  0000ad6c    00000032     rts2800_fpu32.lib : e_powf.obj (.econst)
                  0000ad9e    00000013     device.obj (.econst:.string)
                  0000adb1    00000001     --HOLE-- [fill = 0]
                  0000adb2    00000006     rts2800_fpu32.lib : s_scalbnf.obj (.econst)
                  0000adb8    00000004                       : e_fmodf.obj (.econst:_Zero)
                  0000adbc    00000004                       : e_powf.obj (.econst:_bp)
                  0000adc0    00000004                       : e_powf.obj (.econst:_dp_h)
                  0000adc4    00000004                       : e_powf.obj (.econst:_dp_l)
                  0000adc8    00000002                       : e_fmodf.obj (.econst)

.text.1    0    0000018c    00000274     
                  0000018c    00000234     Bluetooth.obj (.text)
                  000003c0    00000040     driverlib.lib : sci.obj (.text:_SCI_setConfig)

.text.2    0    00008000    000007ff     
                  00008000    00000380     rts2800_fpu32.lib : e_powf.obj (.text)
                  00008380    00000359     Tune.obj (.text)
                  000086d9    000000c9     rts2800_fpu32.lib : e_fmodf.obj (.text)
                  000087a2    00000058     ADCInit.obj (.text:retain)
                  000087fa    00000002     driverlib.lib : interrupt.obj (.text:_Interrupt_nmiHandler)
                  000087fc    00000002     rts2800_fpu32.lib : pre_init.obj (.text)
                  000087fe    00000001                       : startup.obj (.text)

.text.3    0    00008800    000007ff     
                  00008800    0000034a     ADCInit.obj (.text)
                  00008b4a    00000097     driverlib.lib : adc.obj (.text:_ADC_setMode)
                  00008be1    00000088     rts2800_fpu32.lib : fs_div28.obj (.text)
                  00008c69    0000006e     driverlib.lib : sysctl.obj (.text:_SysCtl_getClock)
                  00008cd7    00000062     rts2800_fpu32.lib : s_scalbnf.obj (.text)
                  00008d39    00000058                       : s_sinf.obj (.text)
                  00008d91    00000056                       : boot28.obj (.text)
                  00008de7    00000054     driverlib.lib : interrupt.obj (.text:_Interrupt_initModule)
                  00008e3b    00000052                   : gpio.obj (.text:_GPIO_setPadConfig)
                  00008e8d    0000004d                   : sysctl.obj (.text:_SysCtl_selectOscSource)
                  00008eda    00000046                   : sci.obj (.text:_SCI_clearInterruptStatus)
                  00008f20    00000044                   : sci.obj (.text:_SCI_disableInterrupt)
                  00008f64    00000044                   : sci.obj (.text:_SCI_enableInterrupt)
                  00008fa8    0000003d                   : gpio.obj (.text:_GPIO_setPinConfig)
                  00008fe5    0000001a                   : sysctl.obj (.text:_SysCtl_getLowSpeedClock)

.text.4    0    00009000    00000300     
                  00009000    00000038     driverlib.lib : gpio.obj (.text:_GPIO_setMasterCore)
                  00009038    00000038     Bluetooth.obj (.text:retain)
                  00009070    00000036     driverlib.lib : gpio.obj (.text:_GPIO_setQualificationMode)
                  000090a6    00000036     MotorControl.obj (.text:retain)
                  000090dc    00000033     driverlib.lib : interrupt.obj (.text:_Interrupt_enable)
                  0000910f    00000031                   : gpio.obj (.text:_GPIO_setDirectionMode)
                  00009140    00000029     rts2800_fpu32.lib : exit.obj (.text)
                  00009169    00000001     --HOLE-- [fill = 0]
                  0000916a    00000025                       : e_sqrtf.obj (.text)
                  0000918f    00000024                       : cpy_tbl.obj (.text)
                  000091b3    00000020     driverlib.lib : interrupt.obj (.text:_Interrupt_initVectorTable)
                  000091d3    0000001f                   : sci.obj (.text:_SCI_isBaseValid)
                  000091f2    0000001e     rts2800_fpu32.lib : memcpy.obj (.text)
                  00009210    00000019     driverlib.lib : sci.obj (.text:_SCI_disableModule)
                  00009229    00000019                   : sci.obj (.text:_SCI_performSoftwareReset)
                  00009242    00000019     rts2800_fpu32.lib : args_main.obj (.text)
                  0000925b    00000016     main.obj (.text)
                  00009271    00000014     driverlib.lib : sci.obj (.text:_SCI_enableModule)
                  00009285    00000011     rts2800_fpu32.lib : s_copysignf.obj (.text)
                  00009296    0000000e     driverlib.lib : gpio.obj (.text:_GPIO_isPinValid)
                  000092a4    0000000e                   : interrupt.obj (.text:_Interrupt_defaultHandler)
                  000092b2    0000000d                   : interrupt.obj (.text:_Interrupt_disableMaster)
                  000092bf    0000000d                   : interrupt.obj (.text:_Interrupt_enableMaster)
                  000092cc    0000000c     rts2800_fpu32.lib : memset.obj (.text)
                  000092d8    0000000b     driverlib.lib : sysctl.obj (.text:_SysCtl_isMCDClockFailureDetected)
                  000092e3    0000000b     rts2800_fpu32.lib : u_div28.obj (.text)
                  000092ee    00000009     driverlib.lib : sysctl.obj (.text:_SysCtl_serviceWatchdog)
                  000092f7    00000009     rts2800_fpu32.lib : _lock.obj (.text)

.text.5    0    0000b000    00000800     
                  0000b000    0000056a     MotorControl.obj (.text)
                  0000b56a    000001da     device.obj (.text)
                  0000b744    000000ba     driverlib.lib : sysctl.obj (.text:_SysCtl_setClock)
                  0000b7fe    00000002                   : interrupt.obj (.text:_Interrupt_illegalOperationHandler)

MODULE SUMMARY

       Module             code   initialized data   uninitialized data
       ------             ----   ----------------   ------------------
    .\
       MotorControl.obj   1440   171                0                 
       ADCInit.obj        930    169                0                 
       Tune.obj           857    240                0                 
       Bluetooth.obj      620    170                0                 
       main.obj           22     0                  0                 
    +--+------------------+------+------------------+--------------------+
       Total:             3869   750                0                 
                                                                      
    .\device\
       device.obj         474    19                 0                 
    +--+------------------+------+------------------+--------------------+
       Total:             474    19                 0                 
                                                                      
    ../driverlib.lib
       sci.obj            371    199                0                 
       sysctl.obj         423    102                0                 
       gpio.obj           316    200                0                 
       interrupt.obj      211    105                0                 
       adc.obj            151    99                 0                 
    +--+------------------+------+------------------+--------------------+
       Total:             1472   705                0                 
                                                                      
    C:\ti\ccsv7\tools\compiler\ti-cgt-c2000_16.9.1.LTS\lib\rts2800_fpu32.lib
       e_powf.obj         896    62                 0                 
       e_fmodf.obj        201    6                  0                 
       fs_div28.obj       136    0                  0                 
       s_scalbnf.obj      98     6                  0                 
       s_sinf.obj         88     0                  0                 
       boot28.obj         86     0                  0                 
       exit.obj           41     14                 0                 
       e_sqrtf.obj        37     0                  0                 
       cpy_tbl.obj        36     0                  0                 
       memcpy.obj         30     0                  0                 
       args_main.obj      25     0                  0                 
       _lock.obj          9      10                 0                 
       s_copysignf.obj    17     0                  0                 
       memset.obj         12     0                  0                 
       u_div28.obj        11     0                  0                 
       errno.obj          0      4                  0                 
       pre_init.obj       2      0                  0                 
       startup.obj        1      0                  0                 
    +--+------------------+------+------------------+--------------------+
       Total:             1726   102                0                 
                                                                      
       Stack:             0      0                  256               
    +--+------------------+------+------------------+--------------------+
       Grand Total:       7541   1576               256               


GLOBAL DATA SYMBOLS: SORTED BY DATA PAGE

address     data page           name
--------    ----------------    ----
00000000       0 (00000000)     _tuning
00000001       0 (00000000)     _locked
0000000c       0 (00000000)     _filtOutputs
00000016       0 (00000000)     _filtInputs

00000040       1 (00000040)     _stringInfoDropD

00000100       4 (00000100)     _stringInfo

000001c0       7 (000001c0)     _stringInfoStandard

00000244       9 (00000240)     ___TI_enable_exit_profile_output
00000246       9 (00000240)     ___TI_cleanup_ptr
00000248       9 (00000240)     ___TI_dtors_ptr
0000024a       9 (00000240)     _sendChar
0000024b       9 (00000240)     _recievedChar
0000024c       9 (00000240)     _timeBasePeriod
0000024d       9 (00000240)     _stepCnt
0000024e       9 (00000240)     __lock
00000250       9 (00000240)     __unlock
00000252       9 (00000240)     _thresholdCounter
00000253       9 (00000240)     _errno

00000400      10 (00000400)     __stack


GLOBAL SYMBOLS: SORTED ALPHABETICALLY BY Name 

page  address   name                                      
----  -------   ----                                      
abs   ffffffff  .text                                     
0     00009140  C$$EXIT                                   
0     00008be1  FS$$DIV                                   
0     000092e3  U$$DIV                                    
0     000092e8  U$$MOD                                    
0     00008b4a  _ADC_setMode                              
0     0000b5dd  _Device_enableAllPeripherals              
0     0000b727  _Device_enableUnbondedGPIOPullups         
0     0000b704  _Device_enableUnbondedGPIOPullupsFor100Pin
0     0000b6ed  _Device_enableUnbondedGPIOPullupsFor176Pin
0     0000b5ac  _Device_init                              
0     0000b6cc  _Device_initGPIO                          
0     0000910f  _GPIO_setDirectionMode                    
0     00009000  _GPIO_setMasterCore                       
0     00008e3b  _GPIO_setPadConfig                        
0     00008fa8  _GPIO_setPinConfig                        
0     00009070  _GPIO_setQualificationMode                
0     000090dc  _Interrupt_enable                         
0     00008de7  _Interrupt_initModule                     
0     000091b3  _Interrupt_initVectorTable                
0     00008465  _PLL                                      
0     00008eda  _SCI_clearInterruptStatus                 
0     00008f20  _SCI_disableInterrupt                     
0     00008f64  _SCI_enableInterrupt                      
0     000003c0  _SCI_setConfig                            
0     00000188  _SysCtl_delay                             
0     00008c69  _SysCtl_getClock                          
0     00008fe5  _SysCtl_getLowSpeedClock                  
0     00008e8d  _SysCtl_selectOscSource                   
0     0000b744  _SysCtl_setClock                          
1     00000500  __STACK_END                               
abs   00000100  __STACK_SIZE                              
0     00000246  ___TI_cleanup_ptr                         
0     00000248  ___TI_dtors_ptr                           
0     00000244  ___TI_enable_exit_profile_output          
abs   ffffffff  ___TI_pprof_out_hndl                      
abs   ffffffff  ___TI_prof_data_size                      
abs   ffffffff  ___TI_prof_data_start                     
abs   ffffffff  ___binit__                                
abs   ffffffff  ___c_args__                               
0     00000122  ___cinit__                                
0     0000b73d  ___error__                                
abs   ffffffff  ___etext__                                
abs   ffffffff  ___pinit__                                
abs   ffffffff  ___text__                                 
0     00009242  __args_main                               
0     0000024e  __lock                                    
0     000092ff  __nop                                     
0     000092fb  __register_lock                           
0     000092f7  __register_unlock                         
1     00000400  __stack                                   
0     000087fe  __system_post_cinit                       
0     000087fc  __system_pre_init                         
0     00000250  __unlock                                  
0     00009140  _abort                                    
0     000087a2  _adcA1ISR                                 
0     00008d91  _c_int00                                  
0     0000918f  _copy_in                                  
0     00009285  _copysign                                 
0     00009285  _copysignf                                
0     0000b537  _disableMotor                             
0     0000b4e5  _enableMotor                              
0     000090a6  _epwm2ISR                                 
0     00000253  _errno                                    
0     00009142  _exit                                     
0     00000016  _filtInputs                               
0     0000000c  _filtOutputs                              
0     000086d9  _fmod                                     
0     000086d9  _fmodf                                    
0     00008ab4  _initADC                                  
0     00008ae5  _initADCSOC                               
0     000002ec  _initBluetooth                            
0     00008b06  _initEPWM                                 
0     00000377  _initGPIO                                 
0     0000b252  _initMotorController                      
0     0000b265  _initPWM                                  
0     0000b2d0  _initPins                                 
0     000002f1  _initSCI                                  
0     000083ef  _initTune                                 
0     00008cd7  _ldexp                                    
0     00008cd7  _ldexpf                                   
0     00000001  _locked                                   
0     0000925b  _main                                     
0     000091f2  _memcpy                                   
0     000092cc  _memset                                   
0     00008000  _pow                                      
0     00008000  _powf                                     
0     0000024b  _recievedChar                             
0     00008cd7  _scalbn                                   
0     00008cd7  _scalbnf                                  
0     00009038  _sciaRXFIFOISR                            
0     0000024a  _sendChar                                 
0     00008459  _setStringInfo                            
0     00008d39  _sin                                      
0     00008d39  _sinf                                     
0     0000916a  _sqrt                                     
0     0000916a  _sqrtf                                    
0     00008b30  _startADC                                 
0     0000024d  _stepCnt                                  
0     00008b3d  _stopADC                                  
0     00000100  _stringInfo                               
0     00000040  _stringInfoDropD                          
0     000001c0  _stringInfoStandard                       
0     00000252  _thresholdCounter                         
0     0000024c  _timeBasePeriod                           
0     00008631  _tuneGuitar                               
0     00000000  _tuning                                   
0     0000b43f  _turnMotor                                
abs   ffffffff  binit                                     
0     00000122  cinit                                     
abs   ffffffff  etext                                     
abs   ffffffff  pinit                                     


GLOBAL SYMBOLS: SORTED BY Symbol Address 

page  address   name                                      
----  -------   ----                                      
0     00000000  _tuning                                   
0     00000001  _locked                                   
0     0000000c  _filtOutputs                              
0     00000016  _filtInputs                               
0     00000040  _stringInfoDropD                          
0     00000100  _stringInfo                               
0     00000122  ___cinit__                                
0     00000122  cinit                                     
0     00000188  _SysCtl_delay                             
0     000001c0  _stringInfoStandard                       
0     00000244  ___TI_enable_exit_profile_output          
0     00000246  ___TI_cleanup_ptr                         
0     00000248  ___TI_dtors_ptr                           
0     0000024a  _sendChar                                 
0     0000024b  _recievedChar                             
0     0000024c  _timeBasePeriod                           
0     0000024d  _stepCnt                                  
0     0000024e  __lock                                    
0     00000250  __unlock                                  
0     00000252  _thresholdCounter                         
0     00000253  _errno                                    
0     000002ec  _initBluetooth                            
0     000002f1  _initSCI                                  
0     00000377  _initGPIO                                 
0     000003c0  _SCI_setConfig                            
0     00008000  _pow                                      
0     00008000  _powf                                     
0     000083ef  _initTune                                 
0     00008459  _setStringInfo                            
0     00008465  _PLL                                      
0     00008631  _tuneGuitar                               
0     000086d9  _fmod                                     
0     000086d9  _fmodf                                    
0     000087a2  _adcA1ISR                                 
0     000087fc  __system_pre_init                         
0     000087fe  __system_post_cinit                       
0     00008ab4  _initADC                                  
0     00008ae5  _initADCSOC                               
0     00008b06  _initEPWM                                 
0     00008b30  _startADC                                 
0     00008b3d  _stopADC                                  
0     00008b4a  _ADC_setMode                              
0     00008be1  FS$$DIV                                   
0     00008c69  _SysCtl_getClock                          
0     00008cd7  _ldexp                                    
0     00008cd7  _ldexpf                                   
0     00008cd7  _scalbn                                   
0     00008cd7  _scalbnf                                  
0     00008d39  _sin                                      
0     00008d39  _sinf                                     
0     00008d91  _c_int00                                  
0     00008de7  _Interrupt_initModule                     
0     00008e3b  _GPIO_setPadConfig                        
0     00008e8d  _SysCtl_selectOscSource                   
0     00008eda  _SCI_clearInterruptStatus                 
0     00008f20  _SCI_disableInterrupt                     
0     00008f64  _SCI_enableInterrupt                      
0     00008fa8  _GPIO_setPinConfig                        
0     00008fe5  _SysCtl_getLowSpeedClock                  
0     00009000  _GPIO_setMasterCore                       
0     00009038  _sciaRXFIFOISR                            
0     00009070  _GPIO_setQualificationMode                
0     000090a6  _epwm2ISR                                 
0     000090dc  _Interrupt_enable                         
0     0000910f  _GPIO_setDirectionMode                    
0     00009140  C$$EXIT                                   
0     00009140  _abort                                    
0     00009142  _exit                                     
0     0000916a  _sqrt                                     
0     0000916a  _sqrtf                                    
0     0000918f  _copy_in                                  
0     000091b3  _Interrupt_initVectorTable                
0     000091f2  _memcpy                                   
0     00009242  __args_main                               
0     0000925b  _main                                     
0     00009285  _copysign                                 
0     00009285  _copysignf                                
0     000092cc  _memset                                   
0     000092e3  U$$DIV                                    
0     000092e8  U$$MOD                                    
0     000092f7  __register_unlock                         
0     000092fb  __register_lock                           
0     000092ff  __nop                                     
0     0000b252  _initMotorController                      
0     0000b265  _initPWM                                  
0     0000b2d0  _initPins                                 
0     0000b43f  _turnMotor                                
0     0000b4e5  _enableMotor                              
0     0000b537  _disableMotor                             
0     0000b5ac  _Device_init                              
0     0000b5dd  _Device_enableAllPeripherals              
0     0000b6cc  _Device_initGPIO                          
0     0000b6ed  _Device_enableUnbondedGPIOPullupsFor176Pin
0     0000b704  _Device_enableUnbondedGPIOPullupsFor100Pin
0     0000b727  _Device_enableUnbondedGPIOPullups         
0     0000b73d  ___error__                                
0     0000b744  _SysCtl_setClock                          
1     00000400  __stack                                   
1     00000500  __STACK_END                               
abs   00000100  __STACK_SIZE                              
abs   ffffffff  .text                                     
abs   ffffffff  ___TI_pprof_out_hndl                      
abs   ffffffff  ___TI_prof_data_size                      
abs   ffffffff  ___TI_prof_data_start                     
abs   ffffffff  ___binit__                                
abs   ffffffff  ___c_args__                               
abs   ffffffff  ___etext__                                
abs   ffffffff  ___pinit__                                
abs   ffffffff  ___text__                                 
abs   ffffffff  binit                                     
abs   ffffffff  etext                                     
abs   ffffffff  pinit                                     

[112 symbols]
