******************************************************************************
             TMS320C2000 Linker PC v16.9.1                     
******************************************************************************
>> Linked Mon Apr 17 17:28:26 2017

OUTPUT FILE NAME:   <guitar_tuner_control.out>
ENTRY POINT SYMBOL: "_c_int00"  address: 0000b779


MEMORY CONFIGURATION

         name            origin    length      used     unused   attr    fill
----------------------  --------  ---------  --------  --------  ----  --------
PAGE 0:
  BEGIN                 00000000   00000002  00000000  00000002  RWIX
  RAMM0                 00000122   000002de  000002de  00000000  RWIX
  RAMLS0                00008000   00000800  00000567  00000299  RWIX
  RAMLS1                00008800   00000800  00000000  00000800  RWIX
  RAMLS2                00009000   00000800  00000000  00000800  RWIX
  RAMLS3                00009800   00000800  00000000  00000800  RWIX
  RAMLS4                0000a000   00000800  00000000  00000800  RWIX
  RAMD0                 0000b000   00000800  00000800  00000000  RWIX
  RESET                 003fffc0   00000002  00000000  00000002  RWIX

PAGE 1:
  BOOT_RSVD             00000002   00000120  00000000  00000120  RWIX
  RAMM1                 00000400   00000400  00000100  00000300  RWIX
  RAMLS5                0000a800   00000800  000003d7  00000429  RWIX
  RAMD1                 0000b800   00000800  00000000  00000800  RWIX
  RAMGS0                0000c000   00001000  00000000  00001000  RWIX
  RAMGS1                0000d000   00001000  00000000  00001000  RWIX
  RAMGS2                0000e000   00001000  00000000  00001000  RWIX
  RAMGS3                0000f000   00001000  00000000  00001000  RWIX
  RAMGS4                00010000   00001000  00000000  00001000  RWIX
  RAMGS5                00011000   00001000  00000000  00001000  RWIX
  RAMGS6                00012000   00001000  00000000  00001000  RWIX
  RAMGS7                00013000   00001000  00000000  00001000  RWIX
  RAMGS8                00014000   00001000  00000000  00001000  RWIX
  RAMGS9                00015000   00001000  00000000  00001000  RWIX
  RAMGS10               00016000   00001000  00000000  00001000  RWIX
  RAMGS11               00017000   00001000  00000000  00001000  RWIX
  CANA_MSG_RAM          00049000   00000800  00000000  00000800  RWIX
  CANB_MSG_RAM          0004b000   00000800  00000000  00000800  RWIX


SECTION ALLOCATION MAP

 output                                  attributes/
section   page    origin      length       input sections
--------  ----  ----------  ----------   ----------------
.cinit     0    00000122    0000001a     
                  00000122    0000000e     rts2800_fpu32.lib : exit.obj (.cinit)
                  00000130    00000005                       : _lock.obj (.cinit:__lock)
                  00000135    00000005                       : _lock.obj (.cinit:__unlock)
                  0000013a    00000002     --HOLE-- [fill = 0]

.pinit     0    00000122    00000000     UNINITIALIZED

.reset     0    003fffc0    00000002     DSECT
                  003fffc0    00000002     rts2800_fpu32.lib : boot28.obj (.reset)

.TI.ramfunc 
*          0    0000013c    00000004     
                  0000013c    00000004     driverlib.lib : sysctl.obj (.TI.ramfunc)

.text.1    0    00000140    000002c0     
                  00000140    00000248     Bluetooth.obj (.text)
                  00000388    0000006e     driverlib.lib : sysctl.obj (.text:_SysCtl_getClock)
                  000003f6    00000009                   : sysctl.obj (.text:_SysCtl_serviceWatchdog)
                  000003ff    00000001     rts2800_fpu32.lib : startup.obj (.text)

.text.2    0    00008000    00000567     
                  00008000    00000088     rts2800_fpu32.lib : fs_div28.obj (.text)
                  00008088    00000054     driverlib.lib : interrupt.obj (.text:_Interrupt_initModule)
                  000080dc    00000052                   : gpio.obj (.text:_GPIO_setPadConfig)
                  0000812e    0000004d                   : sysctl.obj (.text:_SysCtl_selectOscSource)
                  0000817b    00000046                   : sci.obj (.text:_SCI_clearInterruptStatus)
                  000081c1    00000045     Bluetooth.obj (.text:retain)
                  00008206    00000044     driverlib.lib : sci.obj (.text:_SCI_disableInterrupt)
                  0000824a    00000044                   : sci.obj (.text:_SCI_enableInterrupt)
                  0000828e    00000040                   : sci.obj (.text:_SCI_setConfig)
                  000082ce    0000003d                   : gpio.obj (.text:_GPIO_setPinConfig)
                  0000830b    00000038                   : gpio.obj (.text:_GPIO_setMasterCore)
                  00008343    00000036                   : gpio.obj (.text:_GPIO_setQualificationMode)
                  00008379    00000036     MotorControl.obj (.text:retain)
                  000083af    00000033     driverlib.lib : interrupt.obj (.text:_Interrupt_enable)
                  000083e2    00000029     rts2800_fpu32.lib : exit.obj (.text)
                  0000840b    00000024                       : cpy_tbl.obj (.text)
                  0000842f    00000020     driverlib.lib : interrupt.obj (.text:_Interrupt_initVectorTable)
                  0000844f    0000001f                   : sci.obj (.text:_SCI_isBaseValid)
                  0000846e    0000001e     rts2800_fpu32.lib : memcpy.obj (.text)
                  0000848c    0000001a     driverlib.lib : sysctl.obj (.text:_SysCtl_getLowSpeedClock)
                  000084a6    00000019                   : sci.obj (.text:_SCI_disableModule)
                  000084bf    00000019                   : sci.obj (.text:_SCI_performSoftwareReset)
                  000084d8    00000019     rts2800_fpu32.lib : args_main.obj (.text)
                  000084f1    00000014     driverlib.lib : sci.obj (.text:_SCI_enableModule)
                  00008505    00000012     main.obj (.text)
                  00008517    0000000e     driverlib.lib : gpio.obj (.text:_GPIO_isPinValid)
                  00008525    0000000e                   : interrupt.obj (.text:_Interrupt_defaultHandler)
                  00008533    0000000d                   : interrupt.obj (.text:_Interrupt_disableMaster)
                  00008540    0000000d                   : interrupt.obj (.text:_Interrupt_enableMaster)
                  0000854d    0000000b                   : sysctl.obj (.text:_SysCtl_isMCDClockFailureDetected)
                  00008558    00000009     rts2800_fpu32.lib : _lock.obj (.text)
                  00008561    00000002     driverlib.lib : interrupt.obj (.text:_Interrupt_illegalOperationHandler)
                  00008563    00000002                   : interrupt.obj (.text:_Interrupt_nmiHandler)
                  00008565    00000002     rts2800_fpu32.lib : pre_init.obj (.text)

.text.3    0    0000b000    00000800     
                  0000b000    000004e5     MotorControl.obj (.text)
                  0000b4e5    000001da     device.obj (.text)
                  0000b6bf    000000ba     driverlib.lib : sysctl.obj (.text:_SysCtl_setClock)
                  0000b779    00000056     rts2800_fpu32.lib : boot28.obj (.text)
                  0000b7cf    00000031     driverlib.lib : gpio.obj (.text:_GPIO_setDirectionMode)

.stack     1    00000400    00000100     UNINITIALIZED
                  00000400    00000100     --HOLE--

.econst    1    0000a800    000003c9     
                  0000a800    000000c8     driverlib.lib : gpio.obj (.econst:.string)
                  0000a8c8    000000c7                   : sci.obj (.econst:.string)
                  0000a98f    00000001     --HOLE-- [fill = 0]
                  0000a990    000000ab     MotorControl.obj (.econst:.string)
                  0000aa3b    00000001     --HOLE-- [fill = 0]
                  0000aa3c    000000aa     Bluetooth.obj (.econst:.string)
                  0000aae6    00000069     driverlib.lib : interrupt.obj (.econst:.string)
                  0000ab4f    00000001     --HOLE-- [fill = 0]
                  0000ab50    00000066                   : sysctl.obj (.econst:.string)
                  0000abb6    00000013     device.obj (.econst:.string)

.ebss      1    0000abca    0000000e     UNINITIALIZED
                  0000abca    00000006     rts2800_fpu32.lib : exit.obj (.ebss)
                  0000abd0    00000002     Bluetooth.obj (.ebss)
                  0000abd2    00000002     MotorControl.obj (.ebss)
                  0000abd4    00000002     rts2800_fpu32.lib : _lock.obj (.ebss:__lock)
                  0000abd6    00000002                       : _lock.obj (.ebss:__unlock)

MODULE SUMMARY

       Module             code   initialized data   uninitialized data
       ------             ----   ----------------   ------------------
    .\
       MotorControl.obj   1307   171                2                 
       Bluetooth.obj      653    170                2                 
       main.obj           18     0                  0                 
    +--+------------------+------+------------------+--------------------+
       Total:             1978   341                4                 
                                                                      
    .\device\
       device.obj         474    19                 0                 
    +--+------------------+------+------------------+--------------------+
       Total:             474    19                 0                 
                                                                      
    ../driverlib.lib
       sci.obj            371    199                0                 
       sysctl.obj         423    102                0                 
       gpio.obj           316    200                0                 
       interrupt.obj      211    105                0                 
    +--+------------------+------+------------------+--------------------+
       Total:             1321   606                0                 
                                                                      
    C:\ti\ccsv7\tools\compiler\ti-cgt-c2000_16.9.1.LTS\lib\rts2800_fpu32.lib
       fs_div28.obj       136    0                  0                 
       boot28.obj         86     0                  0                 
       exit.obj           41     14                 6                 
       cpy_tbl.obj        36     0                  0                 
       memcpy.obj         30     0                  0                 
       args_main.obj      25     0                  0                 
       _lock.obj          9      10                 4                 
       pre_init.obj       2      0                  0                 
       startup.obj        1      0                  0                 
    +--+------------------+------+------------------+--------------------+
       Total:             366    24                 10                
                                                                      
       Stack:             0      0                  256               
    +--+------------------+------+------------------+--------------------+
       Grand Total:       4139   990                270               


GLOBAL DATA SYMBOLS: SORTED BY DATA PAGE

address     data page           name
--------    ----------------    ----
00000400      10 (00000400)     __stack

0000abca     2af (0000abc0)     ___TI_enable_exit_profile_output
0000abcc     2af (0000abc0)     ___TI_cleanup_ptr
0000abce     2af (0000abc0)     ___TI_dtors_ptr
0000abd0     2af (0000abc0)     _sendChar
0000abd1     2af (0000abc0)     _recievedChar
0000abd2     2af (0000abc0)     _stepCnt
0000abd3     2af (0000abc0)     _timeBasePeriod
0000abd4     2af (0000abc0)     __lock
0000abd6     2af (0000abc0)     __unlock


GLOBAL SYMBOLS: SORTED ALPHABETICALLY BY Name 

page  address   name                                      
----  -------   ----                                      
abs   ffffffff  .text                                     
0     000083e2  C$$EXIT                                   
0     00008000  FS$$DIV                                   
0     0000b558  _Device_enableAllPeripherals              
0     0000b6a2  _Device_enableUnbondedGPIOPullups         
0     0000b67f  _Device_enableUnbondedGPIOPullupsFor100Pin
0     0000b668  _Device_enableUnbondedGPIOPullupsFor176Pin
0     0000b527  _Device_init                              
0     0000b647  _Device_initGPIO                          
0     0000b7cf  _GPIO_setDirectionMode                    
0     0000830b  _GPIO_setMasterCore                       
0     000080dc  _GPIO_setPadConfig                        
0     000082ce  _GPIO_setPinConfig                        
0     00008343  _GPIO_setQualificationMode                
0     000083af  _Interrupt_enable                         
0     00008088  _Interrupt_initModule                     
0     0000842f  _Interrupt_initVectorTable                
0     0000817b  _SCI_clearInterruptStatus                 
0     00008206  _SCI_disableInterrupt                     
0     0000824a  _SCI_enableInterrupt                      
0     0000828e  _SCI_setConfig                            
0     0000013c  _SysCtl_delay                             
0     00000388  _SysCtl_getClock                          
0     0000848c  _SysCtl_getLowSpeedClock                  
0     0000812e  _SysCtl_selectOscSource                   
0     0000b6bf  _SysCtl_setClock                          
1     00000500  __STACK_END                               
abs   00000100  __STACK_SIZE                              
1     0000abcc  ___TI_cleanup_ptr                         
1     0000abce  ___TI_dtors_ptr                           
1     0000abca  ___TI_enable_exit_profile_output          
abs   ffffffff  ___TI_pprof_out_hndl                      
abs   ffffffff  ___TI_prof_data_size                      
abs   ffffffff  ___TI_prof_data_start                     
abs   ffffffff  ___binit__                                
abs   ffffffff  ___c_args__                               
0     00000122  ___cinit__                                
0     0000b6b8  ___error__                                
abs   ffffffff  ___etext__                                
abs   ffffffff  ___pinit__                                
abs   ffffffff  ___text__                                 
0     000084d8  __args_main                               
1     0000abd4  __lock                                    
0     00008560  __nop                                     
0     0000855c  __register_lock                           
0     00008558  __register_unlock                         
1     00000400  __stack                                   
0     000003ff  __system_post_cinit                       
0     00008565  __system_pre_init                         
1     0000abd6  __unlock                                  
0     000083e2  _abort                                    
0     0000b779  _c_int00                                  
0     0000840b  _copy_in                                  
0     00008379  _epwm2ISR                                 
0     000083e4  _exit                                     
0     000002b4  _initBluetooth                            
0     0000033f  _initGPIO                                 
0     0000b252  _initMotorController                      
0     0000b265  _initPWM                                  
0     0000b2d0  _initPins                                 
0     000002b9  _initSCI                                  
0     00008505  _main                                     
0     0000846e  _memcpy                                   
1     0000abd1  _recievedChar                             
0     000081c1  _sciaRXFIFOISR                            
1     0000abd0  _sendChar                                 
1     0000abd2  _stepCnt                                  
1     0000abd3  _timeBasePeriod                           
0     0000b43f  _turnMotor                                
abs   ffffffff  binit                                     
0     00000122  cinit                                     
abs   ffffffff  etext                                     
abs   ffffffff  pinit                                     


GLOBAL SYMBOLS: SORTED BY Symbol Address 

page  address   name                                      
----  -------   ----                                      
0     00000122  ___cinit__                                
0     00000122  cinit                                     
0     0000013c  _SysCtl_delay                             
0     000002b4  _initBluetooth                            
0     000002b9  _initSCI                                  
0     0000033f  _initGPIO                                 
0     00000388  _SysCtl_getClock                          
0     000003ff  __system_post_cinit                       
0     00008000  FS$$DIV                                   
0     00008088  _Interrupt_initModule                     
0     000080dc  _GPIO_setPadConfig                        
0     0000812e  _SysCtl_selectOscSource                   
0     0000817b  _SCI_clearInterruptStatus                 
0     000081c1  _sciaRXFIFOISR                            
0     00008206  _SCI_disableInterrupt                     
0     0000824a  _SCI_enableInterrupt                      
0     0000828e  _SCI_setConfig                            
0     000082ce  _GPIO_setPinConfig                        
0     0000830b  _GPIO_setMasterCore                       
0     00008343  _GPIO_setQualificationMode                
0     00008379  _epwm2ISR                                 
0     000083af  _Interrupt_enable                         
0     000083e2  C$$EXIT                                   
0     000083e2  _abort                                    
0     000083e4  _exit                                     
0     0000840b  _copy_in                                  
0     0000842f  _Interrupt_initVectorTable                
0     0000846e  _memcpy                                   
0     0000848c  _SysCtl_getLowSpeedClock                  
0     000084d8  __args_main                               
0     00008505  _main                                     
0     00008558  __register_unlock                         
0     0000855c  __register_lock                           
0     00008560  __nop                                     
0     00008565  __system_pre_init                         
0     0000b252  _initMotorController                      
0     0000b265  _initPWM                                  
0     0000b2d0  _initPins                                 
0     0000b43f  _turnMotor                                
0     0000b527  _Device_init                              
0     0000b558  _Device_enableAllPeripherals              
0     0000b647  _Device_initGPIO                          
0     0000b668  _Device_enableUnbondedGPIOPullupsFor176Pin
0     0000b67f  _Device_enableUnbondedGPIOPullupsFor100Pin
0     0000b6a2  _Device_enableUnbondedGPIOPullups         
0     0000b6b8  ___error__                                
0     0000b6bf  _SysCtl_setClock                          
0     0000b779  _c_int00                                  
0     0000b7cf  _GPIO_setDirectionMode                    
1     00000400  __stack                                   
1     00000500  __STACK_END                               
1     0000abca  ___TI_enable_exit_profile_output          
1     0000abcc  ___TI_cleanup_ptr                         
1     0000abce  ___TI_dtors_ptr                           
1     0000abd0  _sendChar                                 
1     0000abd1  _recievedChar                             
1     0000abd2  _stepCnt                                  
1     0000abd3  _timeBasePeriod                           
1     0000abd4  __lock                                    
1     0000abd6  __unlock                                  
abs   00000100  __STACK_SIZE                              
abs   ffffffff  .text                                     
abs   ffffffff  ___TI_pprof_out_hndl                      
abs   ffffffff  ___TI_prof_data_size                      
abs   ffffffff  ___TI_prof_data_start                     
abs   ffffffff  ___binit__                                
abs   ffffffff  ___c_args__                               
abs   ffffffff  ___etext__                                
abs   ffffffff  ___pinit__                                
abs   ffffffff  ___text__                                 
abs   ffffffff  binit                                     
abs   ffffffff  etext                                     
abs   ffffffff  pinit                                     

[73 symbols]
