******************************************************************************
             TMS320C2000 Linker PC v16.9.1                     
******************************************************************************
>> Linked Mon Apr 03 15:32:11 2017

OUTPUT FILE NAME:   <guitar_tuner_control.out>
ENTRY POINT SYMBOL: "_c_int00"  address: 0000b5a2


MEMORY CONFIGURATION

         name            origin    length      used     unused   attr    fill
----------------------  --------  ---------  --------  --------  ----  --------
PAGE 0:
  BEGIN                 00000000   00000002  00000000  00000002  RWIX
  RAMM0                 00000122   000002de  000002de  00000000  RWIX
  RAMLS0                00008000   00000800  000000be  00000742  RWIX
  RAMLS1                00008800   00000800  00000000  00000800  RWIX
  RAMLS2                00009000   00000800  00000000  00000800  RWIX
  RAMLS3                00009800   00000800  00000000  00000800  RWIX
  RAMLS4                0000a000   00000800  00000000  00000800  RWIX
  RAMD0                 0000b000   00000800  00000800  00000000  RWIX
  RESET                 003fffc0   00000002  00000000  00000002  RWIX

PAGE 1:
  BOOT_RSVD             00000002   00000120  00000000  00000120  RWIX
  RAMM1                 00000400   00000400  00000100  00000300  RWIX
  RAMLS5                0000a800   00000800  00000263  0000059d  RWIX
  RAMD1                 0000b800   00000800  00000000  00000800  RWIX
  RAMGS0                0000c000   00001000  00000000  00001000  RWIX
  RAMGS1                0000d000   00001000  00000000  00001000  RWIX
  RAMGS2                0000e000   00001000  00000000  00001000  RWIX
  RAMGS3                0000f000   00001000  00000000  00001000  RWIX
  RAMGS4                00010000   00001000  00000000  00001000  RWIX
  RAMGS5                00011000   00001000  00000000  00001000  RWIX
  RAMGS6                00012000   00001000  00000000  00001000  RWIX
  RAMGS7                00013000   00001000  00000000  00001000  RWIX
  RAMGS8                00014000   00001000  00000000  00001000  RWIX
  RAMGS9                00015000   00001000  00000000  00001000  RWIX
  RAMGS10               00016000   00001000  00000000  00001000  RWIX
  RAMGS11               00017000   00001000  00000000  00001000  RWIX
  CANA_MSG_RAM          00049000   00000800  00000000  00000800  RWIX
  CANB_MSG_RAM          0004b000   00000800  00000000  00000800  RWIX


SECTION ALLOCATION MAP

 output                                  attributes/
section   page    origin      length       input sections
--------  ----  ----------  ----------   ----------------
.cinit     0    00000122    0000001a     
                  00000122    0000000e     rts2800_fpu32.lib : exit.obj (.cinit)
                  00000130    00000005                       : _lock.obj (.cinit:__lock)
                  00000135    00000005                       : _lock.obj (.cinit:__unlock)
                  0000013a    00000002     --HOLE-- [fill = 0]

.pinit     0    00000122    00000000     UNINITIALIZED

.reset     0    003fffc0    00000002     DSECT
                  003fffc0    00000002     rts2800_fpu32.lib : boot28.obj (.reset)

.TI.ramfunc 
*          0    0000013c    00000004     
                  0000013c    00000004     driverlib.lib : sysctl.obj (.TI.ramfunc)

.text.1    0    00000140    000002c0     
                  00000140    000001da     device.obj (.text)
                  0000031a    000000ba     driverlib.lib : sysctl.obj (.text:_SysCtl_setClock)
                  000003d4    00000029     rts2800_fpu32.lib : exit.obj (.text)
                  000003fd    00000002     driverlib.lib : interrupt.obj (.text:_Interrupt_illegalOperationHandler)
                  000003ff    00000001     rts2800_fpu32.lib : startup.obj (.text)

.text.2    0    00008000    000000be     
                  00008000    00000020     driverlib.lib : interrupt.obj (.text:_Interrupt_initVectorTable)
                  00008020    0000001e     rts2800_fpu32.lib : memcpy.obj (.text)
                  0000803e    00000019                       : args_main.obj (.text)
                  00008057    00000010     main.obj (.text)
                  00008067    0000000e     driverlib.lib : gpio.obj (.text:_GPIO_isPinValid)
                  00008075    0000000e                   : interrupt.obj (.text:_Interrupt_defaultHandler)
                  00008083    0000000d                   : interrupt.obj (.text:_Interrupt_disableMaster)
                  00008090    0000000d                   : interrupt.obj (.text:_Interrupt_enableMaster)
                  0000809d    0000000b                   : sysctl.obj (.text:_SysCtl_isMCDClockFailureDetected)
                  000080a8    00000009                   : sysctl.obj (.text:_SysCtl_serviceWatchdog)
                  000080b1    00000009     rts2800_fpu32.lib : _lock.obj (.text)
                  000080ba    00000002     driverlib.lib : interrupt.obj (.text:_Interrupt_nmiHandler)
                  000080bc    00000002     rts2800_fpu32.lib : pre_init.obj (.text)

.text.3    0    0000b000    00000800     
                  0000b000    000004ac     MotorControl.obj (.text)
                  0000b4ac    00000088     rts2800_fpu32.lib : fs_div28.obj (.text)
                  0000b534    0000006e     driverlib.lib : sysctl.obj (.text:_SysCtl_getClock)
                  0000b5a2    00000056     rts2800_fpu32.lib : boot28.obj (.text)
                  0000b5f8    00000054     driverlib.lib : interrupt.obj (.text:_Interrupt_initModule)
                  0000b64c    00000052                   : gpio.obj (.text:_GPIO_setPadConfig)
                  0000b69e    0000004d                   : sysctl.obj (.text:_SysCtl_selectOscSource)
                  0000b6eb    0000003d                   : gpio.obj (.text:_GPIO_setPinConfig)
                  0000b728    00000036     MotorControl.obj (.text:retain)
                  0000b75e    00000033     driverlib.lib : interrupt.obj (.text:_Interrupt_enable)
                  0000b791    00000031                   : gpio.obj (.text:_GPIO_setDirectionMode)
                  0000b7c2    00000024     rts2800_fpu32.lib : cpy_tbl.obj (.text)
                  0000b7e6    0000001a     driverlib.lib : sysctl.obj (.text:_SysCtl_getLowSpeedClock)

.stack     1    00000400    00000100     UNINITIALIZED
                  00000400    00000100     --HOLE--

.econst    1    0000a800    00000257     
                  0000a800    000000c8     driverlib.lib : gpio.obj (.econst:.string)
                  0000a8c8    000000ab     MotorControl.obj (.econst:.string)
                  0000a973    00000001     --HOLE-- [fill = 0]
                  0000a974    00000069     driverlib.lib : interrupt.obj (.econst:.string)
                  0000a9dd    00000001     --HOLE-- [fill = 0]
                  0000a9de    00000066                   : sysctl.obj (.econst:.string)
                  0000aa44    00000013     device.obj (.econst:.string)

.ebss      1    0000aa58    0000000c     UNINITIALIZED
                  0000aa58    00000006     rts2800_fpu32.lib : exit.obj (.ebss)
                  0000aa5e    00000002     MotorControl.obj (.ebss)
                  0000aa60    00000002     rts2800_fpu32.lib : _lock.obj (.ebss:__lock)
                  0000aa62    00000002                       : _lock.obj (.ebss:__unlock)

MODULE SUMMARY

       Module             code   initialized data   uninitialized data
       ------             ----   ----------------   ------------------
    .\
       MotorControl.obj   1250   171                2                 
       main.obj           16     0                  0                 
    +--+------------------+------+------------------+--------------------+
       Total:             1266   171                2                 
                                                                      
    .\device\
       device.obj         474    19                 0                 
    +--+------------------+------+------------------+--------------------+
       Total:             474    19                 0                 
                                                                      
    ../driverlib.lib
       sysctl.obj         423    102                0                 
       gpio.obj           206    200                0                 
       interrupt.obj      211    105                0                 
    +--+------------------+------+------------------+--------------------+
       Total:             840    407                0                 
                                                                      
    C:\ti\ccsv7\tools\compiler\ti-cgt-c2000_16.9.1.LTS\lib\rts2800_fpu32.lib
       fs_div28.obj       136    0                  0                 
       boot28.obj         86     0                  0                 
       exit.obj           41     14                 6                 
       cpy_tbl.obj        36     0                  0                 
       memcpy.obj         30     0                  0                 
       args_main.obj      25     0                  0                 
       _lock.obj          9      10                 4                 
       pre_init.obj       2      0                  0                 
       startup.obj        1      0                  0                 
    +--+------------------+------+------------------+--------------------+
       Total:             366    24                 10                
                                                                      
       Stack:             0      0                  256               
    +--+------------------+------+------------------+--------------------+
       Grand Total:       2946   621                268               


GLOBAL DATA SYMBOLS: SORTED BY DATA PAGE

address     data page           name
--------    ----------------    ----
00000400      10 (00000400)     __stack

0000aa58     2a9 (0000aa40)     ___TI_enable_exit_profile_output
0000aa5a     2a9 (0000aa40)     ___TI_cleanup_ptr
0000aa5c     2a9 (0000aa40)     ___TI_dtors_ptr
0000aa5e     2a9 (0000aa40)     _stepCnt
0000aa5f     2a9 (0000aa40)     _timeBasePeriod
0000aa60     2a9 (0000aa40)     __lock
0000aa62     2a9 (0000aa40)     __unlock


GLOBAL SYMBOLS: SORTED ALPHABETICALLY BY Name 

page  address   name                                      
----  -------   ----                                      
abs   ffffffff  .text                                     
0     000003d4  C$$EXIT                                   
0     0000b4ac  FS$$DIV                                   
0     000001b3  _Device_enableAllPeripherals              
0     000002fd  _Device_enableUnbondedGPIOPullups         
0     000002da  _Device_enableUnbondedGPIOPullupsFor100Pin
0     000002c3  _Device_enableUnbondedGPIOPullupsFor176Pin
0     00000182  _Device_init                              
0     000002a2  _Device_initGPIO                          
0     0000b791  _GPIO_setDirectionMode                    
0     0000b64c  _GPIO_setPadConfig                        
0     0000b6eb  _GPIO_setPinConfig                        
0     0000b75e  _Interrupt_enable                         
0     0000b5f8  _Interrupt_initModule                     
0     00008000  _Interrupt_initVectorTable                
0     0000013c  _SysCtl_delay                             
0     0000b534  _SysCtl_getClock                          
0     0000b7e6  _SysCtl_getLowSpeedClock                  
0     0000b69e  _SysCtl_selectOscSource                   
0     0000031a  _SysCtl_setClock                          
1     00000500  __STACK_END                               
abs   00000100  __STACK_SIZE                              
1     0000aa5a  ___TI_cleanup_ptr                         
1     0000aa5c  ___TI_dtors_ptr                           
1     0000aa58  ___TI_enable_exit_profile_output          
abs   ffffffff  ___TI_pprof_out_hndl                      
abs   ffffffff  ___TI_prof_data_size                      
abs   ffffffff  ___TI_prof_data_start                     
abs   ffffffff  ___binit__                                
abs   ffffffff  ___c_args__                               
0     00000122  ___cinit__                                
0     00000313  ___error__                                
abs   ffffffff  ___etext__                                
abs   ffffffff  ___pinit__                                
abs   ffffffff  ___text__                                 
0     0000803e  __args_main                               
1     0000aa60  __lock                                    
0     000080b9  __nop                                     
0     000080b5  __register_lock                           
0     000080b1  __register_unlock                         
1     00000400  __stack                                   
0     000003ff  __system_post_cinit                       
0     000080bc  __system_pre_init                         
1     0000aa62  __unlock                                  
0     000003d4  _abort                                    
0     0000b5a2  _c_int00                                  
0     0000b7c2  _copy_in                                  
0     0000b728  _epwm2ISR                                 
0     000003d6  _exit                                     
0     0000b23a  _initMotorController                      
0     0000b24e  _initPWM                                  
0     0000b2b5  _initPins                                 
0     00008057  _main                                     
0     00008020  _memcpy                                   
1     0000aa5e  _stepCnt                                  
1     0000aa5f  _timeBasePeriod                           
0     0000b424  _turnMotor                                
abs   ffffffff  binit                                     
0     00000122  cinit                                     
abs   ffffffff  etext                                     
abs   ffffffff  pinit                                     


GLOBAL SYMBOLS: SORTED BY Symbol Address 

page  address   name                                      
----  -------   ----                                      
0     00000122  ___cinit__                                
0     00000122  cinit                                     
0     0000013c  _SysCtl_delay                             
0     00000182  _Device_init                              
0     000001b3  _Device_enableAllPeripherals              
0     000002a2  _Device_initGPIO                          
0     000002c3  _Device_enableUnbondedGPIOPullupsFor176Pin
0     000002da  _Device_enableUnbondedGPIOPullupsFor100Pin
0     000002fd  _Device_enableUnbondedGPIOPullups         
0     00000313  ___error__                                
0     0000031a  _SysCtl_setClock                          
0     000003d4  C$$EXIT                                   
0     000003d4  _abort                                    
0     000003d6  _exit                                     
0     000003ff  __system_post_cinit                       
0     00008000  _Interrupt_initVectorTable                
0     00008020  _memcpy                                   
0     0000803e  __args_main                               
0     00008057  _main                                     
0     000080b1  __register_unlock                         
0     000080b5  __register_lock                           
0     000080b9  __nop                                     
0     000080bc  __system_pre_init                         
0     0000b23a  _initMotorController                      
0     0000b24e  _initPWM                                  
0     0000b2b5  _initPins                                 
0     0000b424  _turnMotor                                
0     0000b4ac  FS$$DIV                                   
0     0000b534  _SysCtl_getClock                          
0     0000b5a2  _c_int00                                  
0     0000b5f8  _Interrupt_initModule                     
0     0000b64c  _GPIO_setPadConfig                        
0     0000b69e  _SysCtl_selectOscSource                   
0     0000b6eb  _GPIO_setPinConfig                        
0     0000b728  _epwm2ISR                                 
0     0000b75e  _Interrupt_enable                         
0     0000b791  _GPIO_setDirectionMode                    
0     0000b7c2  _copy_in                                  
0     0000b7e6  _SysCtl_getLowSpeedClock                  
1     00000400  __stack                                   
1     00000500  __STACK_END                               
1     0000aa58  ___TI_enable_exit_profile_output          
1     0000aa5a  ___TI_cleanup_ptr                         
1     0000aa5c  ___TI_dtors_ptr                           
1     0000aa5e  _stepCnt                                  
1     0000aa5f  _timeBasePeriod                           
1     0000aa60  __lock                                    
1     0000aa62  __unlock                                  
abs   00000100  __STACK_SIZE                              
abs   ffffffff  .text                                     
abs   ffffffff  ___TI_pprof_out_hndl                      
abs   ffffffff  ___TI_prof_data_size                      
abs   ffffffff  ___TI_prof_data_start                     
abs   ffffffff  ___binit__                                
abs   ffffffff  ___c_args__                               
abs   ffffffff  ___etext__                                
abs   ffffffff  ___pinit__                                
abs   ffffffff  ___text__                                 
abs   ffffffff  binit                                     
abs   ffffffff  etext                                     
abs   ffffffff  pinit                                     

[61 symbols]
