******************************************************************************
             TMS320C2000 Linker PC v16.9.1                     
******************************************************************************
>> Linked Mon Apr 10 15:03:01 2017

OUTPUT FILE NAME:   <guitar_tuner_control.out>
ENTRY POINT SYMBOL: "_c_int00"  address: 0000b785


MEMORY CONFIGURATION

         name            origin    length      used     unused   attr    fill
----------------------  --------  ---------  --------  --------  ----  --------
PAGE 0:
  BEGIN                 00000000   00000002  00000000  00000002  RWIX
  RAMM0                 00000122   000002de  000002de  00000000  RWIX
  RAMLS0                00008000   00000800  0000034b  000004b5  RWIX
  RAMLS1                00008800   00000800  00000000  00000800  RWIX
  RAMLS2                00009000   00000800  00000000  00000800  RWIX
  RAMLS3                00009800   00000800  00000000  00000800  RWIX
  RAMLS4                0000a000   00000800  00000000  00000800  RWIX
  RAMD0                 0000b000   00000800  00000800  00000000  RWIX
  RESET                 003fffc0   00000002  00000000  00000002  RWIX

PAGE 1:
  BOOT_RSVD             00000002   00000120  00000000  00000120  RWIX
  RAMM1                 00000400   00000400  00000100  00000300  RWIX
  RAMLS5                0000a800   00000800  00000295  0000056b  RWIX
  RAMD1                 0000b800   00000800  00000000  00000800  RWIX
  RAMGS0                0000c000   00001000  00000000  00001000  RWIX
  RAMGS1                0000d000   00001000  00000000  00001000  RWIX
  RAMGS2                0000e000   00001000  00000000  00001000  RWIX
  RAMGS3                0000f000   00001000  00000000  00001000  RWIX
  RAMGS4                00010000   00001000  00000000  00001000  RWIX
  RAMGS5                00011000   00001000  00000000  00001000  RWIX
  RAMGS6                00012000   00001000  00000000  00001000  RWIX
  RAMGS7                00013000   00001000  00000000  00001000  RWIX
  RAMGS8                00014000   00001000  00000000  00001000  RWIX
  RAMGS9                00015000   00001000  00000000  00001000  RWIX
  RAMGS10               00016000   00001000  00000000  00001000  RWIX
  RAMGS11               00017000   00001000  00000000  00001000  RWIX
  CANA_MSG_RAM          00049000   00000800  00000000  00000800  RWIX
  CANB_MSG_RAM          0004b000   00000800  00000000  00000800  RWIX


SECTION ALLOCATION MAP

 output                                  attributes/
section   page    origin      length       input sections
--------  ----  ----------  ----------   ----------------
.cinit     0    00000122    0000002c     
                  00000122    0000000e     PLL.obj (.cinit)
                  00000130    0000000e     rts2800_fpu32.lib : exit.obj (.cinit)
                  0000013e    00000005                       : _lock.obj (.cinit:__lock)
                  00000143    00000005                       : _lock.obj (.cinit:__unlock)
                  00000148    00000004                       : errno.obj (.cinit)
                  0000014c    00000002     --HOLE-- [fill = 0]

.pinit     0    00000122    00000000     UNINITIALIZED

.reset     0    003fffc0    00000002     DSECT
                  003fffc0    00000002     rts2800_fpu32.lib : boot28.obj (.reset)

.TI.ramfunc 
*          0    0000014e    00000004     
                  0000014e    00000004     driverlib.lib : sysctl.obj (.TI.ramfunc)

.text.1    0    00000152    000002ae     
                  00000152    000001da     device.obj (.text)
                  0000032c    000000ba     driverlib.lib : sysctl.obj (.text:_SysCtl_setClock)
                  000003e6    0000001a                   : sysctl.obj (.text:_SysCtl_getLowSpeedClock)

.text.2    0    00008000    0000034b     
                  00008000    00000054     driverlib.lib : interrupt.obj (.text:_Interrupt_initModule)
                  00008054    00000052                   : gpio.obj (.text:_GPIO_setPadConfig)
                  000080a6    0000004d                   : sysctl.obj (.text:_SysCtl_selectOscSource)
                  000080f3    0000003d                   : gpio.obj (.text:_GPIO_setPinConfig)
                  00008130    00000036     MotorControl.obj (.text:retain)
                  00008166    00000033     driverlib.lib : interrupt.obj (.text:_Interrupt_enable)
                  00008199    00000031                   : gpio.obj (.text:_GPIO_setDirectionMode)
                  000081ca    0000002a     rts2800_fpu32.lib : fd_cmp28.obj (.text)
                  000081f4    00000029                       : exit.obj (.text)
                  0000821d    00000028     main.obj (.text)
                  00008245    00000023     rts2800_fpu32.lib : fd_tofsfpu32.obj (.text)
                  00008268    00000020     driverlib.lib : interrupt.obj (.text:_Interrupt_initVectorTable)
                  00008288    0000001e     rts2800_fpu32.lib : memcpy.obj (.text)
                  000082a6    0000001c                       : fs_tofdfpu32.obj (.text)
                  000082c2    00000019                       : args_main.obj (.text)
                  000082db    0000000e     driverlib.lib : gpio.obj (.text:_GPIO_isPinValid)
                  000082e9    0000000e                   : interrupt.obj (.text:_Interrupt_defaultHandler)
                  000082f7    0000000e     rts2800_fpu32.lib : fd_sub28.obj (.text)
                  00008305    0000000d     driverlib.lib : interrupt.obj (.text:_Interrupt_disableMaster)
                  00008312    0000000d                   : interrupt.obj (.text:_Interrupt_enableMaster)
                  0000831f    0000000b                   : sysctl.obj (.text:_SysCtl_isMCDClockFailureDetected)
                  0000832a    00000009                   : sysctl.obj (.text:_SysCtl_serviceWatchdog)
                  00008333    00000009     rts2800_fpu32.lib : _lock.obj (.text)
                  0000833c    00000009                       : fd_neg28.obj (.text)
                  00008345    00000002     driverlib.lib : interrupt.obj (.text:_Interrupt_illegalOperationHandler)
                  00008347    00000002                   : interrupt.obj (.text:_Interrupt_nmiHandler)
                  00008349    00000002     rts2800_fpu32.lib : pre_init.obj (.text)

.text.3    0    0000b000    00000800     
                  0000b000    000004e5     MotorControl.obj (.text)
                  0000b4e5    0000009c     rts2800_fpu32.lib : fd_add28.obj (.text)
                  0000b581    0000008b                       : fd_div28.obj (.text)
                  0000b60c    00000088                       : fs_div28.obj (.text)
                  0000b694    00000083                       : fd_mpy28.obj (.text)
                  0000b717    0000006e     driverlib.lib : sysctl.obj (.text:_SysCtl_getClock)
                  0000b785    00000056     rts2800_fpu32.lib : boot28.obj (.text)
                  0000b7db    00000024                       : cpy_tbl.obj (.text)
                  0000b7ff    00000001                       : startup.obj (.text)

.stack     1    00000400    00000100     UNINITIALIZED
                  00000400    00000100     --HOLE--

.econst    1    0000a800    00000280     
                  0000a800    000000c8     driverlib.lib : gpio.obj (.econst:.string)
                  0000a8c8    000000ab     MotorControl.obj (.econst:.string)
                  0000a973    00000001     --HOLE-- [fill = 0]
                  0000a974    00000069     driverlib.lib : interrupt.obj (.econst:.string)
                  0000a9dd    00000001     --HOLE-- [fill = 0]
                  0000a9de    00000066                   : sysctl.obj (.econst:.string)
                  0000aa44    00000013     device.obj (.econst:.string)
                  0000aa57    00000001     --HOLE-- [fill = 0]
                  0000aa58    00000010     rts2800_fpu32.lib : e_expf.obj (.econst)
                  0000aa68    0000000c                       : e_atan2f.obj (.econst)
                  0000aa74    00000004                       : k_expf.obj (.econst)
                  0000aa78    00000004                       : s_atanf.obj (.econst)
                  0000aa7c    00000004                       : s_cexpf.obj (.econst)

.ebss      1    0000aa80    00000015     UNINITIALIZED
                  0000aa80    00000008     PLL.obj (.ebss)
                  0000aa88    00000006     rts2800_fpu32.lib : exit.obj (.ebss)
                  0000aa8e    00000002     MotorControl.obj (.ebss)
                  0000aa90    00000002     rts2800_fpu32.lib : _lock.obj (.ebss:__lock)
                  0000aa92    00000002                       : _lock.obj (.ebss:__unlock)
                  0000aa94    00000001                       : errno.obj (.ebss)

MODULE SUMMARY

       Module             code   initialized data   uninitialized data
       ------             ----   ----------------   ------------------
    .\
       MotorControl.obj   1307   171                2                 
       main.obj           40     0                  0                 
       PLL.obj            0      14                 8                 
    +--+------------------+------+------------------+--------------------+
       Total:             1347   185                10                
                                                                      
    .\device\
       device.obj         474    19                 0                 
    +--+------------------+------+------------------+--------------------+
       Total:             474    19                 0                 
                                                                      
    ../driverlib.lib
       sysctl.obj         423    102                0                 
       gpio.obj           206    200                0                 
       interrupt.obj      211    105                0                 
    +--+------------------+------+------------------+--------------------+
       Total:             840    407                0                 
                                                                      
    C:\ti\ccsv7\tools\compiler\ti-cgt-c2000_16.9.1.LTS\lib\rts2800_fpu32.lib
       fd_add28.obj       156    0                  0                 
       fd_div28.obj       139    0                  0                 
       fs_div28.obj       136    0                  0                 
       fd_mpy28.obj       131    0                  0                 
       boot28.obj         86     0                  0                 
       exit.obj           41     14                 6                 
       fd_cmp28.obj       42     0                  0                 
       cpy_tbl.obj        36     0                  0                 
       fd_tofsfpu32.obj   35     0                  0                 
       memcpy.obj         30     0                  0                 
       fs_tofdfpu32.obj   28     0                  0                 
       args_main.obj      25     0                  0                 
       _lock.obj          9      10                 4                 
       e_expf.obj         0      16                 0                 
       fd_sub28.obj       14     0                  0                 
       e_atan2f.obj       0      12                 0                 
       fd_neg28.obj       9      0                  0                 
       errno.obj          0      4                  1                 
       k_expf.obj         0      4                  0                 
       s_atanf.obj        0      4                  0                 
       s_cexpf.obj        0      4                  0                 
       pre_init.obj       2      0                  0                 
       startup.obj        1      0                  0                 
    +--+------------------+------+------------------+--------------------+
       Total:             920    68                 11                
                                                                      
       Stack:             0      0                  256               
    +--+------------------+------+------------------+--------------------+
       Grand Total:       3581   679                277               


GLOBAL DATA SYMBOLS: SORTED BY DATA PAGE

address     data page           name
--------    ----------------    ----
00000400      10 (00000400)     __stack

0000aa88     2aa (0000aa80)     ___TI_enable_exit_profile_output
0000aa8a     2aa (0000aa80)     ___TI_cleanup_ptr
0000aa8c     2aa (0000aa80)     ___TI_dtors_ptr
0000aa8e     2aa (0000aa80)     _stepCnt
0000aa8f     2aa (0000aa80)     _timeBasePeriod
0000aa90     2aa (0000aa80)     __lock
0000aa92     2aa (0000aa80)     __unlock
0000aa94     2aa (0000aa80)     _errno


GLOBAL SYMBOLS: SORTED ALPHABETICALLY BY Name 

page  address   name                                      
----  -------   ----                                      
abs   ffffffff  .text                                     
0     000081f4  C$$EXIT                                   
0     0000b4e5  FD$$ADD                                   
0     000081ca  FD$$CMP                                   
0     0000b581  FD$$DIV                                   
0     0000b694  FD$$MPY                                   
0     0000833c  FD$$NEG                                   
0     000082f7  FD$$SUB                                   
0     00008245  FD$$TOFS                                  
0     0000b60c  FS$$DIV                                   
0     000082a6  FS$$TOFD                                  
0     000001c5  _Device_enableAllPeripherals              
0     0000030f  _Device_enableUnbondedGPIOPullups         
0     000002ec  _Device_enableUnbondedGPIOPullupsFor100Pin
0     000002d5  _Device_enableUnbondedGPIOPullupsFor176Pin
0     00000194  _Device_init                              
0     000002b4  _Device_initGPIO                          
0     00008199  _GPIO_setDirectionMode                    
0     00008054  _GPIO_setPadConfig                        
0     000080f3  _GPIO_setPinConfig                        
0     00008166  _Interrupt_enable                         
0     00008000  _Interrupt_initModule                     
0     00008268  _Interrupt_initVectorTable                
0     0000014e  _SysCtl_delay                             
0     0000b717  _SysCtl_getClock                          
0     000003e6  _SysCtl_getLowSpeedClock                  
0     000080a6  _SysCtl_selectOscSource                   
0     0000032c  _SysCtl_setClock                          
1     00000500  __STACK_END                               
abs   00000100  __STACK_SIZE                              
1     0000aa8a  ___TI_cleanup_ptr                         
1     0000aa8c  ___TI_dtors_ptr                           
1     0000aa88  ___TI_enable_exit_profile_output          
abs   ffffffff  ___TI_pprof_out_hndl                      
abs   ffffffff  ___TI_prof_data_size                      
abs   ffffffff  ___TI_prof_data_start                     
abs   ffffffff  ___binit__                                
abs   ffffffff  ___c_args__                               
0     00000122  ___cinit__                                
0     00000325  ___error__                                
abs   ffffffff  ___etext__                                
abs   ffffffff  ___pinit__                                
abs   ffffffff  ___text__                                 
0     000082c2  __args_main                               
1     0000aa90  __lock                                    
0     0000833b  __nop                                     
0     00008337  __register_lock                           
0     00008333  __register_unlock                         
1     00000400  __stack                                   
0     0000b7ff  __system_post_cinit                       
0     00008349  __system_pre_init                         
1     0000aa92  __unlock                                  
0     000081f4  _abort                                    
0     0000b785  _c_int00                                  
0     0000b7db  _copy_in                                  
0     00008130  _epwm2ISR                                 
1     0000aa94  _errno                                    
0     000081f6  _exit                                     
0     0000b252  _initMotorController                      
0     0000b265  _initPWM                                  
0     0000b2d0  _initPins                                 
0     0000821d  _main                                     
0     00008288  _memcpy                                   
1     0000aa8e  _stepCnt                                  
1     0000aa8f  _timeBasePeriod                           
0     0000b43f  _turnMotor                                
abs   ffffffff  binit                                     
0     00000122  cinit                                     
abs   ffffffff  etext                                     
abs   ffffffff  pinit                                     


GLOBAL SYMBOLS: SORTED BY Symbol Address 

page  address   name                                      
----  -------   ----                                      
0     00000122  ___cinit__                                
0     00000122  cinit                                     
0     0000014e  _SysCtl_delay                             
0     00000194  _Device_init                              
0     000001c5  _Device_enableAllPeripherals              
0     000002b4  _Device_initGPIO                          
0     000002d5  _Device_enableUnbondedGPIOPullupsFor176Pin
0     000002ec  _Device_enableUnbondedGPIOPullupsFor100Pin
0     0000030f  _Device_enableUnbondedGPIOPullups         
0     00000325  ___error__                                
0     0000032c  _SysCtl_setClock                          
0     000003e6  _SysCtl_getLowSpeedClock                  
0     00008000  _Interrupt_initModule                     
0     00008054  _GPIO_setPadConfig                        
0     000080a6  _SysCtl_selectOscSource                   
0     000080f3  _GPIO_setPinConfig                        
0     00008130  _epwm2ISR                                 
0     00008166  _Interrupt_enable                         
0     00008199  _GPIO_setDirectionMode                    
0     000081ca  FD$$CMP                                   
0     000081f4  C$$EXIT                                   
0     000081f4  _abort                                    
0     000081f6  _exit                                     
0     0000821d  _main                                     
0     00008245  FD$$TOFS                                  
0     00008268  _Interrupt_initVectorTable                
0     00008288  _memcpy                                   
0     000082a6  FS$$TOFD                                  
0     000082c2  __args_main                               
0     000082f7  FD$$SUB                                   
0     00008333  __register_unlock                         
0     00008337  __register_lock                           
0     0000833b  __nop                                     
0     0000833c  FD$$NEG                                   
0     00008349  __system_pre_init                         
0     0000b252  _initMotorController                      
0     0000b265  _initPWM                                  
0     0000b2d0  _initPins                                 
0     0000b43f  _turnMotor                                
0     0000b4e5  FD$$ADD                                   
0     0000b581  FD$$DIV                                   
0     0000b60c  FS$$DIV                                   
0     0000b694  FD$$MPY                                   
0     0000b717  _SysCtl_getClock                          
0     0000b785  _c_int00                                  
0     0000b7db  _copy_in                                  
0     0000b7ff  __system_post_cinit                       
1     00000400  __stack                                   
1     00000500  __STACK_END                               
1     0000aa88  ___TI_enable_exit_profile_output          
1     0000aa8a  ___TI_cleanup_ptr                         
1     0000aa8c  ___TI_dtors_ptr                           
1     0000aa8e  _stepCnt                                  
1     0000aa8f  _timeBasePeriod                           
1     0000aa90  __lock                                    
1     0000aa92  __unlock                                  
1     0000aa94  _errno                                    
abs   00000100  __STACK_SIZE                              
abs   ffffffff  .text                                     
abs   ffffffff  ___TI_pprof_out_hndl                      
abs   ffffffff  ___TI_prof_data_size                      
abs   ffffffff  ___TI_prof_data_start                     
abs   ffffffff  ___binit__                                
abs   ffffffff  ___c_args__                               
abs   ffffffff  ___etext__                                
abs   ffffffff  ___pinit__                                
abs   ffffffff  ___text__                                 
abs   ffffffff  binit                                     
abs   ffffffff  etext                                     
abs   ffffffff  pinit                                     

[70 symbols]
