******************************************************************************
             TMS320C2000 Linker PC v16.9.1                     
******************************************************************************
>> Linked Mon May 01 00:06:47 2017

OUTPUT FILE NAME:   <guitar_tuner_control.out>
ENTRY POINT SYMBOL: "_c_int00"  address: 00008d7f


MEMORY CONFIGURATION

         name            origin    length      used     unused   attr    fill
----------------------  --------  ---------  --------  --------  ----  --------
PAGE 0:
  BEGIN                 00000000   00000002  00000000  00000002  RWIX
  RAMM0                 00000122   000002de  000002dd  00000001  RWIX
  RAMLS0                00008000   00000800  00000800  00000000  RWIX
  RAMLS1                00008800   00000800  00000800  00000000  RWIX
  RAMLS2                00009000   00000800  000002eb  00000515  RWIX
  RAMLS3                00009800   00000800  00000000  00000800  RWIX
  RAMLS4                0000a000   00000800  00000000  00000800  RWIX
  RAMD0                 0000b000   00000800  000007ff  00000001  RWIX
  RESET                 003fffc0   00000002  00000000  00000002  RWIX

PAGE 1:
  BOOT_RSVD             00000002   00000120  00000000  00000120  RWIX
  RAMM1                 00000400   00000400  00000100  00000300  RWIX
  RAMLS5                0000a800   00000800  00000704  000000fc  RWIX
  RAMD1                 0000b800   00000800  00000000  00000800  RWIX
  RAMGS0                0000c000   00001000  00000000  00001000  RWIX
  RAMGS1                0000d000   00001000  00000000  00001000  RWIX
  RAMGS2                0000e000   00001000  00000000  00001000  RWIX
  RAMGS3                0000f000   00001000  00000000  00001000  RWIX
  RAMGS4                00010000   00001000  00000000  00001000  RWIX
  RAMGS5                00011000   00001000  00000000  00001000  RWIX
  RAMGS6                00012000   00001000  00000000  00001000  RWIX
  RAMGS7                00013000   00001000  00000000  00001000  RWIX
  RAMGS8                00014000   00001000  00000000  00001000  RWIX
  RAMGS9                00015000   00001000  00000000  00001000  RWIX
  RAMGS10               00016000   00001000  00000000  00001000  RWIX
  RAMGS11               00017000   00001000  00000000  00001000  RWIX
  CANA_MSG_RAM          00049000   00000800  00000000  00000800  RWIX
  CANB_MSG_RAM          0004b000   00000800  00000000  00000800  RWIX


SECTION ALLOCATION MAP

 output                                  attributes/
section   page    origin      length       input sections
--------  ----  ----------  ----------   ----------------
.cinit     0    00000122    00000067     
                  00000122    00000049     Tune.obj (.cinit)
                  0000016b    0000000e     rts2800_fpu32.lib : exit.obj (.cinit)
                  00000179    00000005                       : _lock.obj (.cinit:__lock)
                  0000017e    00000005                       : _lock.obj (.cinit:__unlock)
                  00000183    00000004                       : errno.obj (.cinit)
                  00000187    00000002     --HOLE-- [fill = 0]

.pinit     0    00000122    00000000     UNINITIALIZED

.reset     0    003fffc0    00000002     DSECT
                  003fffc0    00000002     rts2800_fpu32.lib : boot28.obj (.reset)

.TI.ramfunc 
*          0    00000189    00000004     
                  00000189    00000004     driverlib.lib : sysctl.obj (.TI.ramfunc)

.text.1    0    0000018e    00000272     
                  0000018e    00000248     Bluetooth.obj (.text)
                  000003d6    00000029     rts2800_fpu32.lib : exit.obj (.text)
                  000003ff    00000001                       : startup.obj (.text)

.text.2    0    00008000    00000800     
                  00008000    00000380     rts2800_fpu32.lib : e_powf.obj (.text)
                  00008380    0000034a     ADCInit.obj (.text)
                  000086ca    000000c9     rts2800_fpu32.lib : e_fmodf.obj (.text)
                  00008793    00000062                       : s_scalbnf.obj (.text)
                  000087f5    0000000b     driverlib.lib : sysctl.obj (.text:_SysCtl_isMCDClockFailureDetected)

.text.3    0    00008800    00000800     
                  00008800    000002b3     Tune.obj (.text)
                  00008ab3    000000ba     driverlib.lib : sysctl.obj (.text:_SysCtl_setClock)
                  00008b6d    00000088     rts2800_fpu32.lib : fs_div28.obj (.text)
                  00008bf5    0000006e     driverlib.lib : sysctl.obj (.text:_SysCtl_getClock)
                  00008c63    0000006e     main.obj (.text)
                  00008cd1    00000058     rts2800_fpu32.lib : s_sinf.obj (.text)
                  00008d29    00000056     ADCInit.obj (.text:retain)
                  00008d7f    00000056     rts2800_fpu32.lib : boot28.obj (.text)
                  00008dd5    00000054     driverlib.lib : interrupt.obj (.text:_Interrupt_initModule)
                  00008e29    00000052                   : gpio.obj (.text:_GPIO_setPadConfig)
                  00008e7b    0000004d                   : sysctl.obj (.text:_SysCtl_selectOscSource)
                  00008ec8    0000004a     Bluetooth.obj (.text:retain)
                  00008f12    00000046     driverlib.lib : sci.obj (.text:_SCI_clearInterruptStatus)
                  00008f58    00000044                   : sci.obj (.text:_SCI_disableInterrupt)
                  00008f9c    00000044                   : sci.obj (.text:_SCI_enableInterrupt)
                  00008fe0    00000020                   : interrupt.obj (.text:_Interrupt_initVectorTable)

.text.4    0    00009000    000002eb     
                  00009000    00000040     driverlib.lib : sci.obj (.text:_SCI_setConfig)
                  00009040    0000003d                   : gpio.obj (.text:_GPIO_setPinConfig)
                  0000907d    00000038                   : gpio.obj (.text:_GPIO_setMasterCore)
                  000090b5    00000036                   : gpio.obj (.text:_GPIO_setQualificationMode)
                  000090eb    00000036     MotorControl.obj (.text:retain)
                  00009121    00000033     driverlib.lib : interrupt.obj (.text:_Interrupt_enable)
                  00009154    00000031                   : gpio.obj (.text:_GPIO_setDirectionMode)
                  00009185    00000001     --HOLE-- [fill = 0]
                  00009186    00000025     rts2800_fpu32.lib : e_sqrtf.obj (.text)
                  000091ab    00000024                       : cpy_tbl.obj (.text)
                  000091cf    0000001f     driverlib.lib : sci.obj (.text:_SCI_isBaseValid)
                  000091ee    0000001e     rts2800_fpu32.lib : memcpy.obj (.text)
                  0000920c    0000001a     driverlib.lib : sysctl.obj (.text:_SysCtl_getLowSpeedClock)
                  00009226    00000019                   : sci.obj (.text:_SCI_disableModule)
                  0000923f    00000019                   : sci.obj (.text:_SCI_performSoftwareReset)
                  00009258    00000019     rts2800_fpu32.lib : args_main.obj (.text)
                  00009271    00000014     driverlib.lib : sci.obj (.text:_SCI_enableModule)
                  00009285    00000011     rts2800_fpu32.lib : s_copysignf.obj (.text)
                  00009296    0000000e     driverlib.lib : gpio.obj (.text:_GPIO_isPinValid)
                  000092a4    0000000e                   : interrupt.obj (.text:_Interrupt_defaultHandler)
                  000092b2    0000000d                   : interrupt.obj (.text:_Interrupt_disableMaster)
                  000092bf    0000000d                   : interrupt.obj (.text:_Interrupt_enableMaster)
                  000092cc    0000000b     rts2800_fpu32.lib : u_div28.obj (.text)
                  000092d7    00000009     driverlib.lib : sysctl.obj (.text:_SysCtl_serviceWatchdog)
                  000092e0    00000009     rts2800_fpu32.lib : _lock.obj (.text)
                  000092e9    00000002                       : pre_init.obj (.text)

.text.5    0    0000b000    000007ff     
                  0000b000    0000058a     MotorControl.obj (.text)
                  0000b58a    000001da     device.obj (.text)
                  0000b764    00000097     driverlib.lib : adc.obj (.text:_ADC_setMode)
                  0000b7fb    00000002                   : interrupt.obj (.text:_Interrupt_illegalOperationHandler)
                  0000b7fd    00000002                   : interrupt.obj (.text:_Interrupt_nmiHandler)

.stack     1    00000400    00000100     UNINITIALIZED
                  00000400    00000100     --HOLE--

.econst    1    0000a800    0000062a     
                  0000a800    000000c8     driverlib.lib : gpio.obj (.econst:.string)
                  0000a8c8    000000c7                   : sci.obj (.econst:.string)
                  0000a98f    00000001     --HOLE-- [fill = 0]
                  0000a990    000000ab     MotorControl.obj (.econst:.string)
                  0000aa3b    00000001     --HOLE-- [fill = 0]
                  0000aa3c    000000aa     Bluetooth.obj (.econst:.string)
                  0000aae6    000000a9     ADCInit.obj (.econst:.string)
                  0000ab8f    00000001     --HOLE-- [fill = 0]
                  0000ab90    00000084     Tune.obj (.econst:_stringInfoStandard)
                  0000ac14    00000069     driverlib.lib : interrupt.obj (.econst:.string)
                  0000ac7d    00000001     --HOLE-- [fill = 0]
                  0000ac7e    00000066                   : sysctl.obj (.econst:.string)
                  0000ace4    00000063                   : adc.obj (.econst:.string)
                  0000ad47    00000001     --HOLE-- [fill = 0]
                  0000ad48    00000054     Tune.obj (.econst:.string)
                  0000ad9c    00000032     rts2800_fpu32.lib : e_powf.obj (.econst)
                  0000adce    00000013     device.obj (.econst:.string)
                  0000ade1    00000001     --HOLE-- [fill = 0]
                  0000ade2    0000000e     Tune.obj (.econst:_$P$T4$11)
                  0000adf0    0000000e     Tune.obj (.econst:_$P$T5$12)
                  0000adfe    0000000a     Tune.obj (.econst:_$P$T6$13)
                  0000ae08    0000000a     Tune.obj (.econst:_$P$T7$14)
                  0000ae12    00000006     rts2800_fpu32.lib : s_scalbnf.obj (.econst)
                  0000ae18    00000004                       : e_fmodf.obj (.econst:_Zero)
                  0000ae1c    00000004                       : e_powf.obj (.econst:_bp)
                  0000ae20    00000004                       : e_powf.obj (.econst:_dp_h)
                  0000ae24    00000004                       : e_powf.obj (.econst:_dp_l)
                  0000ae28    00000002                       : e_fmodf.obj (.econst)

.ebss      1    0000ae2a    000000da     UNINITIALIZED
                  0000ae2a    00000006     rts2800_fpu32.lib : exit.obj (.ebss)
                  0000ae30    00000004     ADCInit.obj (.ebss)
                  0000ae34    00000002     Bluetooth.obj (.ebss)
                  0000ae36    00000002     MotorControl.obj (.ebss)
                  0000ae38    00000002     rts2800_fpu32.lib : _lock.obj (.ebss:__lock)
                  0000ae3a    00000002                       : _lock.obj (.ebss:__unlock)
                  0000ae3c    00000001                       : errno.obj (.ebss)
                  0000ae3d    00000003     --HOLE--
                  0000ae40    000000c4     Tune.obj (.ebss)

MODULE SUMMARY

       Module             code   initialized data   uninitialized data
       ------             ----   ----------------   ------------------
    .\
       MotorControl.obj   1472   171                2                 
       Tune.obj           691    337                196               
       ADCInit.obj        928    169                4                 
       Bluetooth.obj      658    170                2                 
       main.obj           110    0                  0                 
    +--+------------------+------+------------------+--------------------+
       Total:             3859   847                204               
                                                                      
    .\device\
       device.obj         474    19                 0                 
    +--+------------------+------+------------------+--------------------+
       Total:             474    19                 0                 
                                                                      
    ../driverlib.lib
       sci.obj            371    199                0                 
       sysctl.obj         423    102                0                 
       gpio.obj           316    200                0                 
       interrupt.obj      211    105                0                 
       adc.obj            151    99                 0                 
    +--+------------------+------+------------------+--------------------+
       Total:             1472   705                0                 
                                                                      
    C:\ti\ccsv7\tools\compiler\ti-cgt-c2000_16.9.1.LTS\lib\rts2800_fpu32.lib
       e_powf.obj         896    62                 0                 
       e_fmodf.obj        201    6                  0                 
       fs_div28.obj       136    0                  0                 
       s_scalbnf.obj      98     6                  0                 
       s_sinf.obj         88     0                  0                 
       boot28.obj         86     0                  0                 
       exit.obj           41     14                 6                 
       e_sqrtf.obj        37     0                  0                 
       cpy_tbl.obj        36     0                  0                 
       memcpy.obj         30     0                  0                 
       args_main.obj      25     0                  0                 
       _lock.obj          9      10                 4                 
       s_copysignf.obj    17     0                  0                 
       u_div28.obj        11     0                  0                 
       errno.obj          0      4                  1                 
       pre_init.obj       2      0                  0                 
       startup.obj        1      0                  0                 
    +--+------------------+------+------------------+--------------------+
       Total:             1714   102                11                
                                                                      
       Stack:             0      0                  256               
    +--+------------------+------+------------------+--------------------+
       Grand Total:       7519   1673               471               


GLOBAL DATA SYMBOLS: SORTED BY DATA PAGE

address     data page           name
--------    ----------------    ----
00000400      10 (00000400)     __stack

0000ab90     2ae (0000ab80)     _stringInfoStandard

0000ae2a     2b8 (0000ae00)     ___TI_enable_exit_profile_output
0000ae2c     2b8 (0000ae00)     ___TI_cleanup_ptr
0000ae2e     2b8 (0000ae00)     ___TI_dtors_ptr
0000ae30     2b8 (0000ae00)     _newVal
0000ae32     2b8 (0000ae00)     _adcResult
0000ae34     2b8 (0000ae00)     _recievedChar
0000ae35     2b8 (0000ae00)     _sendChar
0000ae36     2b8 (0000ae00)     _stepCnt
0000ae37     2b8 (0000ae00)     _timeBasePeriod
0000ae38     2b8 (0000ae00)     __lock
0000ae3a     2b8 (0000ae00)     __unlock
0000ae3c     2b8 (0000ae00)     _errno

0000ae41     2b9 (0000ae40)     _low
0000ae42     2b9 (0000ae40)     _tuning
0000ae43     2b9 (0000ae40)     _currString
0000ae44     2b9 (0000ae40)     _locked

0000ae80     2ba (0000ae80)     _stringInfo


GLOBAL SYMBOLS: SORTED ALPHABETICALLY BY Name 

page  address   name                                      
----  -------   ----                                      
abs   ffffffff  .text                                     
0     000003d6  C$$EXIT                                   
0     00008b6d  FS$$DIV                                   
0     000092cc  U$$DIV                                    
0     000092d1  U$$MOD                                    
0     0000b764  _ADC_setMode                              
0     0000b5fd  _Device_enableAllPeripherals              
0     0000b747  _Device_enableUnbondedGPIOPullups         
0     0000b724  _Device_enableUnbondedGPIOPullupsFor100Pin
0     0000b70d  _Device_enableUnbondedGPIOPullupsFor176Pin
0     0000b5cc  _Device_init                              
0     0000b6ec  _Device_initGPIO                          
0     00009154  _GPIO_setDirectionMode                    
0     0000907d  _GPIO_setMasterCore                       
0     00008e29  _GPIO_setPadConfig                        
0     00009040  _GPIO_setPinConfig                        
0     000090b5  _GPIO_setQualificationMode                
0     00009121  _Interrupt_enable                         
0     00008dd5  _Interrupt_initModule                     
0     00008fe0  _Interrupt_initVectorTable                
0     00008857  _PLL                                      
0     00008f12  _SCI_clearInterruptStatus                 
0     00008f58  _SCI_disableInterrupt                     
0     00008f9c  _SCI_enableInterrupt                      
0     00009000  _SCI_setConfig                            
0     00000189  _SysCtl_delay                             
0     00008bf5  _SysCtl_getClock                          
0     0000920c  _SysCtl_getLowSpeedClock                  
0     00008e7b  _SysCtl_selectOscSource                   
0     00008ab3  _SysCtl_setClock                          
1     00000500  __STACK_END                               
abs   00000100  __STACK_SIZE                              
1     0000ae2c  ___TI_cleanup_ptr                         
1     0000ae2e  ___TI_dtors_ptr                           
1     0000ae2a  ___TI_enable_exit_profile_output          
abs   ffffffff  ___TI_pprof_out_hndl                      
abs   ffffffff  ___TI_prof_data_size                      
abs   ffffffff  ___TI_prof_data_start                     
abs   ffffffff  ___binit__                                
abs   ffffffff  ___c_args__                               
0     00000122  ___cinit__                                
0     0000b75d  ___error__                                
abs   ffffffff  ___etext__                                
abs   ffffffff  ___pinit__                                
abs   ffffffff  ___text__                                 
0     00009258  __args_main                               
1     0000ae38  __lock                                    
0     000092e8  __nop                                     
0     000092e4  __register_lock                           
0     000092e0  __register_unlock                         
1     00000400  __stack                                   
0     000003ff  __system_post_cinit                       
0     000092e9  __system_pre_init                         
1     0000ae3a  __unlock                                  
0     000003d6  _abort                                    
0     00008d29  _adcA1ISR                                 
1     0000ae32  _adcResult                                
0     00008d7f  _c_int00                                  
0     000091ab  _copy_in                                  
0     00009285  _copysign                                 
0     00009285  _copysignf                                
1     0000ae43  _currString                               
0     0000b569  _disableAllMotors                         
0     0000b536  _disableMotor                             
0     0000b4e4  _enableMotor                              
0     000090eb  _epwm2ISR                                 
1     0000ae3c  _errno                                    
0     000003d8  _exit                                     
0     000086ca  _fmod                                     
0     000086ca  _fmodf                                    
0     00008634  _initADC                                  
0     00008665  _initADCSOC                               
0     00000302  _initBluetooth                            
0     00008686  _initEPWM                                 
0     0000038d  _initGPIO                                 
0     0000b252  _initMotorController                      
0     0000b265  _initPWM                                  
0     0000b2d0  _initPins                                 
0     00000307  _initSCI                                  
0     0000883c  _initTune                                 
0     00008793  _ldexp                                    
0     00008793  _ldexpf                                   
1     0000ae44  _locked                                   
1     0000ae41  _low                                      
0     00008c63  _main                                     
0     000091ee  _memcpy                                   
1     0000ae30  _newVal                                   
0     00008000  _pow                                      
0     00008000  _powf                                     
1     0000ae34  _recievedChar                             
0     00008793  _scalbn                                   
0     00008793  _scalbnf                                  
0     00008ec8  _sciaRXFIFOISR                            
1     0000ae35  _sendChar                                 
0     0000884b  _setStringInfo                            
0     00008cd1  _sin                                      
0     00008cd1  _sinf                                     
0     00009186  _sqrt                                     
0     00009186  _sqrtf                                    
0     000086b0  _startADC                                 
1     0000ae36  _stepCnt                                  
0     000086bd  _stopADC                                  
1     0000ae80  _stringInfo                               
1     0000ab90  _stringInfoStandard                       
1     0000ae37  _timeBasePeriod                           
0     00008a63  _tuneGuitar                               
1     0000ae42  _tuning                                   
0     0000b43f  _turnMotor                                
abs   ffffffff  binit                                     
0     00000122  cinit                                     
abs   ffffffff  etext                                     
abs   ffffffff  pinit                                     


GLOBAL SYMBOLS: SORTED BY Symbol Address 

page  address   name                                      
----  -------   ----                                      
0     00000122  ___cinit__                                
0     00000122  cinit                                     
0     00000189  _SysCtl_delay                             
0     00000302  _initBluetooth                            
0     00000307  _initSCI                                  
0     0000038d  _initGPIO                                 
0     000003d6  C$$EXIT                                   
0     000003d6  _abort                                    
0     000003d8  _exit                                     
0     000003ff  __system_post_cinit                       
0     00008000  _pow                                      
0     00008000  _powf                                     
0     00008634  _initADC                                  
0     00008665  _initADCSOC                               
0     00008686  _initEPWM                                 
0     000086b0  _startADC                                 
0     000086bd  _stopADC                                  
0     000086ca  _fmod                                     
0     000086ca  _fmodf                                    
0     00008793  _ldexp                                    
0     00008793  _ldexpf                                   
0     00008793  _scalbn                                   
0     00008793  _scalbnf                                  
0     0000883c  _initTune                                 
0     0000884b  _setStringInfo                            
0     00008857  _PLL                                      
0     00008a63  _tuneGuitar                               
0     00008ab3  _SysCtl_setClock                          
0     00008b6d  FS$$DIV                                   
0     00008bf5  _SysCtl_getClock                          
0     00008c63  _main                                     
0     00008cd1  _sin                                      
0     00008cd1  _sinf                                     
0     00008d29  _adcA1ISR                                 
0     00008d7f  _c_int00                                  
0     00008dd5  _Interrupt_initModule                     
0     00008e29  _GPIO_setPadConfig                        
0     00008e7b  _SysCtl_selectOscSource                   
0     00008ec8  _sciaRXFIFOISR                            
0     00008f12  _SCI_clearInterruptStatus                 
0     00008f58  _SCI_disableInterrupt                     
0     00008f9c  _SCI_enableInterrupt                      
0     00008fe0  _Interrupt_initVectorTable                
0     00009000  _SCI_setConfig                            
0     00009040  _GPIO_setPinConfig                        
0     0000907d  _GPIO_setMasterCore                       
0     000090b5  _GPIO_setQualificationMode                
0     000090eb  _epwm2ISR                                 
0     00009121  _Interrupt_enable                         
0     00009154  _GPIO_setDirectionMode                    
0     00009186  _sqrt                                     
0     00009186  _sqrtf                                    
0     000091ab  _copy_in                                  
0     000091ee  _memcpy                                   
0     0000920c  _SysCtl_getLowSpeedClock                  
0     00009258  __args_main                               
0     00009285  _copysign                                 
0     00009285  _copysignf                                
0     000092cc  U$$DIV                                    
0     000092d1  U$$MOD                                    
0     000092e0  __register_unlock                         
0     000092e4  __register_lock                           
0     000092e8  __nop                                     
0     000092e9  __system_pre_init                         
0     0000b252  _initMotorController                      
0     0000b265  _initPWM                                  
0     0000b2d0  _initPins                                 
0     0000b43f  _turnMotor                                
0     0000b4e4  _enableMotor                              
0     0000b536  _disableMotor                             
0     0000b569  _disableAllMotors                         
0     0000b5cc  _Device_init                              
0     0000b5fd  _Device_enableAllPeripherals              
0     0000b6ec  _Device_initGPIO                          
0     0000b70d  _Device_enableUnbondedGPIOPullupsFor176Pin
0     0000b724  _Device_enableUnbondedGPIOPullupsFor100Pin
0     0000b747  _Device_enableUnbondedGPIOPullups         
0     0000b75d  ___error__                                
0     0000b764  _ADC_setMode                              
1     00000400  __stack                                   
1     00000500  __STACK_END                               
1     0000ab90  _stringInfoStandard                       
1     0000ae2a  ___TI_enable_exit_profile_output          
1     0000ae2c  ___TI_cleanup_ptr                         
1     0000ae2e  ___TI_dtors_ptr                           
1     0000ae30  _newVal                                   
1     0000ae32  _adcResult                                
1     0000ae34  _recievedChar                             
1     0000ae35  _sendChar                                 
1     0000ae36  _stepCnt                                  
1     0000ae37  _timeBasePeriod                           
1     0000ae38  __lock                                    
1     0000ae3a  __unlock                                  
1     0000ae3c  _errno                                    
1     0000ae41  _low                                      
1     0000ae42  _tuning                                   
1     0000ae43  _currString                               
1     0000ae44  _locked                                   
1     0000ae80  _stringInfo                               
abs   00000100  __STACK_SIZE                              
abs   ffffffff  .text                                     
abs   ffffffff  ___TI_pprof_out_hndl                      
abs   ffffffff  ___TI_prof_data_size                      
abs   ffffffff  ___TI_prof_data_start                     
abs   ffffffff  ___binit__                                
abs   ffffffff  ___c_args__                               
abs   ffffffff  ___etext__                                
abs   ffffffff  ___pinit__                                
abs   ffffffff  ___text__                                 
abs   ffffffff  binit                                     
abs   ffffffff  etext                                     
abs   ffffffff  pinit                                     

[112 symbols]
