******************************************************************************
             TMS320C2000 Linker PC v16.9.1                     
******************************************************************************
>> Linked Mon Apr 24 15:15:49 2017

OUTPUT FILE NAME:   <guitar_tuner_control.out>
ENTRY POINT SYMBOL: "_c_int00"  address: 0000b779


MEMORY CONFIGURATION

         name            origin    length      used     unused   attr    fill
----------------------  --------  ---------  --------  --------  ----  --------
PAGE 0:
  BEGIN                 00000000   00000002  00000000  00000002  RWIX
  RAMM0                 00000122   000002de  000002de  00000000  RWIX
  RAMLS0                00008000   00000800  00000800  00000000  RWIX
  RAMLS1                00008800   00000800  000001aa  00000656  RWIX
  RAMLS2                00009000   00000800  00000000  00000800  RWIX
  RAMLS3                00009800   00000800  00000000  00000800  RWIX
  RAMLS4                0000a000   00000800  00000000  00000800  RWIX
  RAMD0                 0000b000   00000800  00000800  00000000  RWIX
  RESET                 003fffc0   00000002  00000000  00000002  RWIX

PAGE 1:
  BOOT_RSVD             00000002   00000120  00000000  00000120  RWIX
  RAMM1                 00000400   00000400  00000100  00000300  RWIX
  RAMLS5                0000a800   00000800  0000063f  000001c1  RWIX
  RAMD1                 0000b800   00000800  00000000  00000800  RWIX
  RAMGS0                0000c000   00001000  00000000  00001000  RWIX
  RAMGS1                0000d000   00001000  00000000  00001000  RWIX
  RAMGS2                0000e000   00001000  00000000  00001000  RWIX
  RAMGS3                0000f000   00001000  00000000  00001000  RWIX
  RAMGS4                00010000   00001000  00000000  00001000  RWIX
  RAMGS5                00011000   00001000  00000000  00001000  RWIX
  RAMGS6                00012000   00001000  00000000  00001000  RWIX
  RAMGS7                00013000   00001000  00000000  00001000  RWIX
  RAMGS8                00014000   00001000  00000000  00001000  RWIX
  RAMGS9                00015000   00001000  00000000  00001000  RWIX
  RAMGS10               00016000   00001000  00000000  00001000  RWIX
  RAMGS11               00017000   00001000  00000000  00001000  RWIX
  CANA_MSG_RAM          00049000   00000800  00000000  00000800  RWIX
  CANB_MSG_RAM          0004b000   00000800  00000000  00000800  RWIX


SECTION ALLOCATION MAP

 output                                  attributes/
section   page    origin      length       input sections
--------  ----  ----------  ----------   ----------------
.cinit     0    00000122    0000001a     
                  00000122    0000000e     rts2800_fpu32.lib : exit.obj (.cinit)
                  00000130    00000005                       : _lock.obj (.cinit:__lock)
                  00000135    00000005                       : _lock.obj (.cinit:__unlock)
                  0000013a    00000002     --HOLE-- [fill = 0]

.pinit     0    00000122    00000000     UNINITIALIZED

.reset     0    003fffc0    00000002     DSECT
                  003fffc0    00000002     rts2800_fpu32.lib : boot28.obj (.reset)

.TI.ramfunc 
*          0    0000013c    00000004     
                  0000013c    00000004     driverlib.lib : sysctl.obj (.TI.ramfunc)

.text.1    0    00000140    000002c0     
                  00000140    00000248     Bluetooth.obj (.text)
                  00000388    0000006e     driverlib.lib : sysctl.obj (.text:_SysCtl_getClock)
                  000003f6    00000009                   : sysctl.obj (.text:_SysCtl_serviceWatchdog)
                  000003ff    00000001     rts2800_fpu32.lib : startup.obj (.text)

.text.2    0    00008000    00000800     
                  00008000    0000035f     ADCInit.obj (.text)
                  0000835f    00000097     driverlib.lib : adc.obj (.text:_ADC_setMode)
                  000083f6    00000088     rts2800_fpu32.lib : fs_div28.obj (.text)
                  0000847e    00000054     driverlib.lib : interrupt.obj (.text:_Interrupt_initModule)
                  000084d2    00000052                   : gpio.obj (.text:_GPIO_setPadConfig)
                  00008524    0000004d                   : sysctl.obj (.text:_SysCtl_selectOscSource)
                  00008571    00000049     ADCInit.obj (.text:retain)
                  000085ba    00000046     driverlib.lib : sci.obj (.text:_SCI_clearInterruptStatus)
                  00008600    00000045     Bluetooth.obj (.text:retain)
                  00008645    00000044     driverlib.lib : sci.obj (.text:_SCI_disableInterrupt)
                  00008689    00000044                   : sci.obj (.text:_SCI_enableInterrupt)
                  000086cd    00000040                   : sci.obj (.text:_SCI_setConfig)
                  0000870d    0000003d                   : gpio.obj (.text:_GPIO_setPinConfig)
                  0000874a    00000038                   : gpio.obj (.text:_GPIO_setMasterCore)
                  00008782    00000036                   : gpio.obj (.text:_GPIO_setQualificationMode)
                  000087b8    00000036     MotorControl.obj (.text:retain)
                  000087ee    0000000e     driverlib.lib : gpio.obj (.text:_GPIO_isPinValid)
                  000087fc    00000002                   : interrupt.obj (.text:_Interrupt_illegalOperationHandler)
                  000087fe    00000002                   : interrupt.obj (.text:_Interrupt_nmiHandler)

.text.3    0    00008800    000001aa     
                  00008800    00000033     driverlib.lib : interrupt.obj (.text:_Interrupt_enable)
                  00008833    00000029     rts2800_fpu32.lib : exit.obj (.text)
                  0000885c    00000024                       : cpy_tbl.obj (.text)
                  00008880    00000020     driverlib.lib : interrupt.obj (.text:_Interrupt_initVectorTable)
                  000088a0    0000001f                   : sci.obj (.text:_SCI_isBaseValid)
                  000088bf    0000001e     rts2800_fpu32.lib : memcpy.obj (.text)
                  000088dd    0000001a     driverlib.lib : sysctl.obj (.text:_SysCtl_getLowSpeedClock)
                  000088f7    00000019                   : sci.obj (.text:_SCI_disableModule)
                  00008910    00000019                   : sci.obj (.text:_SCI_performSoftwareReset)
                  00008929    00000019     rts2800_fpu32.lib : args_main.obj (.text)
                  00008942    00000016     main.obj (.text)
                  00008958    00000014     driverlib.lib : sci.obj (.text:_SCI_enableModule)
                  0000896c    0000000e                   : interrupt.obj (.text:_Interrupt_defaultHandler)
                  0000897a    0000000d                   : interrupt.obj (.text:_Interrupt_disableMaster)
                  00008987    0000000d                   : interrupt.obj (.text:_Interrupt_enableMaster)
                  00008994    0000000b                   : sysctl.obj (.text:_SysCtl_isMCDClockFailureDetected)
                  0000899f    00000009     rts2800_fpu32.lib : _lock.obj (.text)
                  000089a8    00000002                       : pre_init.obj (.text)

.text.4    0    0000b000    00000800     
                  0000b000    000004e5     MotorControl.obj (.text)
                  0000b4e5    000001da     device.obj (.text)
                  0000b6bf    000000ba     driverlib.lib : sysctl.obj (.text:_SysCtl_setClock)
                  0000b779    00000056     rts2800_fpu32.lib : boot28.obj (.text)
                  0000b7cf    00000031     driverlib.lib : gpio.obj (.text:_GPIO_setDirectionMode)

.stack     1    00000400    00000100     UNINITIALIZED
                  00000400    00000100     --HOLE--

.econst    1    0000a800    000004d7     
                  0000a800    000000c8     driverlib.lib : gpio.obj (.econst:.string)
                  0000a8c8    000000c7                   : sci.obj (.econst:.string)
                  0000a98f    00000001     --HOLE-- [fill = 0]
                  0000a990    000000ab     MotorControl.obj (.econst:.string)
                  0000aa3b    00000001     --HOLE-- [fill = 0]
                  0000aa3c    000000aa     Bluetooth.obj (.econst:.string)
                  0000aae6    000000a9     ADCInit.obj (.econst:.string)
                  0000ab8f    00000001     --HOLE-- [fill = 0]
                  0000ab90    00000069     driverlib.lib : interrupt.obj (.econst:.string)
                  0000abf9    00000001     --HOLE-- [fill = 0]
                  0000abfa    00000066                   : sysctl.obj (.econst:.string)
                  0000ac60    00000063                   : adc.obj (.econst:.string)
                  0000acc3    00000001     --HOLE-- [fill = 0]
                  0000acc4    00000013     device.obj (.econst:.string)

.ebss      1    0000acd8    00000168     UNINITIALIZED
                  0000acd8    00000006     rts2800_fpu32.lib : exit.obj (.ebss)
                  0000acde    00000002     Bluetooth.obj (.ebss)
                  0000ace0    00000002     MotorControl.obj (.ebss)
                  0000ace2    00000002     rts2800_fpu32.lib : _lock.obj (.ebss:__lock)
                  0000ace4    00000002                       : _lock.obj (.ebss:__unlock)
                  0000ace6    0000001a     --HOLE--
                  0000ad00    00000140     ADCInit.obj (.ebss)

MODULE SUMMARY

       Module             code   initialized data   uninitialized data
       ------             ----   ----------------   ------------------
    .\
       MotorControl.obj   1307   171                2                 
       ADCInit.obj        936    169                320               
       Bluetooth.obj      653    170                2                 
       main.obj           22     0                  0                 
    +--+------------------+------+------------------+--------------------+
       Total:             2918   510                324               
                                                                      
    .\device\
       device.obj         474    19                 0                 
    +--+------------------+------+------------------+--------------------+
       Total:             474    19                 0                 
                                                                      
    ../driverlib.lib
       sci.obj            371    199                0                 
       sysctl.obj         423    102                0                 
       gpio.obj           316    200                0                 
       interrupt.obj      211    105                0                 
       adc.obj            151    99                 0                 
    +--+------------------+------+------------------+--------------------+
       Total:             1472   705                0                 
                                                                      
    C:\ti\ccsv7\tools\compiler\ti-cgt-c2000_16.9.1.LTS\lib\rts2800_fpu32.lib
       fs_div28.obj       136    0                  0                 
       boot28.obj         86     0                  0                 
       exit.obj           41     14                 6                 
       cpy_tbl.obj        36     0                  0                 
       memcpy.obj         30     0                  0                 
       args_main.obj      25     0                  0                 
       _lock.obj          9      10                 4                 
       pre_init.obj       2      0                  0                 
       startup.obj        1      0                  0                 
    +--+------------------+------+------------------+--------------------+
       Total:             366    24                 10                
                                                                      
       Stack:             0      0                  256               
    +--+------------------+------+------------------+--------------------+
       Grand Total:       5230   1258               590               


GLOBAL DATA SYMBOLS: SORTED BY DATA PAGE

address     data page           name
--------    ----------------    ----
00000400      10 (00000400)     __stack

0000acd8     2b3 (0000acc0)     ___TI_enable_exit_profile_output
0000acda     2b3 (0000acc0)     ___TI_cleanup_ptr
0000acdc     2b3 (0000acc0)     ___TI_dtors_ptr
0000acde     2b3 (0000acc0)     _sendChar
0000acdf     2b3 (0000acc0)     _recievedChar
0000ace0     2b3 (0000acc0)     _stepCnt
0000ace1     2b3 (0000acc0)     _timeBasePeriod
0000ace2     2b3 (0000acc0)     __lock
0000ace4     2b3 (0000acc0)     __unlock

0000ad00     2b4 (0000ad00)     _bufferFull
0000ad01     2b4 (0000ad00)     _index

0000ad40     2b5 (0000ad40)     _adcAResults


GLOBAL SYMBOLS: SORTED ALPHABETICALLY BY Name 

page  address   name                                      
----  -------   ----                                      
abs   ffffffff  .text                                     
0     00008833  C$$EXIT                                   
0     000083f6  FS$$DIV                                   
0     0000835f  _ADC_setMode                              
0     0000b558  _Device_enableAllPeripherals              
0     0000b6a2  _Device_enableUnbondedGPIOPullups         
0     0000b67f  _Device_enableUnbondedGPIOPullupsFor100Pin
0     0000b668  _Device_enableUnbondedGPIOPullupsFor176Pin
0     0000b527  _Device_init                              
0     0000b647  _Device_initGPIO                          
0     0000b7cf  _GPIO_setDirectionMode                    
0     0000874a  _GPIO_setMasterCore                       
0     000084d2  _GPIO_setPadConfig                        
0     0000870d  _GPIO_setPinConfig                        
0     00008782  _GPIO_setQualificationMode                
0     00008800  _Interrupt_enable                         
0     0000847e  _Interrupt_initModule                     
0     00008880  _Interrupt_initVectorTable                
0     000085ba  _SCI_clearInterruptStatus                 
0     00008645  _SCI_disableInterrupt                     
0     00008689  _SCI_enableInterrupt                      
0     000086cd  _SCI_setConfig                            
0     0000013c  _SysCtl_delay                             
0     00000388  _SysCtl_getClock                          
0     000088dd  _SysCtl_getLowSpeedClock                  
0     00008524  _SysCtl_selectOscSource                   
0     0000b6bf  _SysCtl_setClock                          
1     00000500  __STACK_END                               
abs   00000100  __STACK_SIZE                              
1     0000acda  ___TI_cleanup_ptr                         
1     0000acdc  ___TI_dtors_ptr                           
1     0000acd8  ___TI_enable_exit_profile_output          
abs   ffffffff  ___TI_pprof_out_hndl                      
abs   ffffffff  ___TI_prof_data_size                      
abs   ffffffff  ___TI_prof_data_start                     
abs   ffffffff  ___binit__                                
abs   ffffffff  ___c_args__                               
0     00000122  ___cinit__                                
0     0000b6b8  ___error__                                
abs   ffffffff  ___etext__                                
abs   ffffffff  ___pinit__                                
abs   ffffffff  ___text__                                 
0     00008929  __args_main                               
1     0000ace2  __lock                                    
0     000089a7  __nop                                     
0     000089a3  __register_lock                           
0     0000899f  __register_unlock                         
1     00000400  __stack                                   
0     000003ff  __system_post_cinit                       
0     000089a8  __system_pre_init                         
1     0000ace4  __unlock                                  
0     00008833  _abort                                    
0     00008571  _adcA1ISR                                 
1     0000ad40  _adcAResults                              
1     0000ad00  _bufferFull                               
0     0000b779  _c_int00                                  
0     0000885c  _copy_in                                  
0     000087b8  _epwm2ISR                                 
0     00008835  _exit                                     
0     0000833d  _fillADCBuffer                            
1     0000ad01  _index                                    
0     000082b4  _initADC                                  
0     000082f2  _initADCSOC                               
0     000002b4  _initBluetooth                            
0     00008313  _initEPWM                                 
0     0000033f  _initGPIO                                 
0     0000b252  _initMotorController                      
0     0000b265  _initPWM                                  
0     0000b2d0  _initPins                                 
0     000002b9  _initSCI                                  
0     00008942  _main                                     
0     000088bf  _memcpy                                   
1     0000acdf  _recievedChar                             
0     00008600  _sciaRXFIFOISR                            
1     0000acde  _sendChar                                 
1     0000ace0  _stepCnt                                  
1     0000ace1  _timeBasePeriod                           
0     0000b43f  _turnMotor                                
abs   ffffffff  binit                                     
0     00000122  cinit                                     
abs   ffffffff  etext                                     
abs   ffffffff  pinit                                     


GLOBAL SYMBOLS: SORTED BY Symbol Address 

page  address   name                                      
----  -------   ----                                      
0     00000122  ___cinit__                                
0     00000122  cinit                                     
0     0000013c  _SysCtl_delay                             
0     000002b4  _initBluetooth                            
0     000002b9  _initSCI                                  
0     0000033f  _initGPIO                                 
0     00000388  _SysCtl_getClock                          
0     000003ff  __system_post_cinit                       
0     000082b4  _initADC                                  
0     000082f2  _initADCSOC                               
0     00008313  _initEPWM                                 
0     0000833d  _fillADCBuffer                            
0     0000835f  _ADC_setMode                              
0     000083f6  FS$$DIV                                   
0     0000847e  _Interrupt_initModule                     
0     000084d2  _GPIO_setPadConfig                        
0     00008524  _SysCtl_selectOscSource                   
0     00008571  _adcA1ISR                                 
0     000085ba  _SCI_clearInterruptStatus                 
0     00008600  _sciaRXFIFOISR                            
0     00008645  _SCI_disableInterrupt                     
0     00008689  _SCI_enableInterrupt                      
0     000086cd  _SCI_setConfig                            
0     0000870d  _GPIO_setPinConfig                        
0     0000874a  _GPIO_setMasterCore                       
0     00008782  _GPIO_setQualificationMode                
0     000087b8  _epwm2ISR                                 
0     00008800  _Interrupt_enable                         
0     00008833  C$$EXIT                                   
0     00008833  _abort                                    
0     00008835  _exit                                     
0     0000885c  _copy_in                                  
0     00008880  _Interrupt_initVectorTable                
0     000088bf  _memcpy                                   
0     000088dd  _SysCtl_getLowSpeedClock                  
0     00008929  __args_main                               
0     00008942  _main                                     
0     0000899f  __register_unlock                         
0     000089a3  __register_lock                           
0     000089a7  __nop                                     
0     000089a8  __system_pre_init                         
0     0000b252  _initMotorController                      
0     0000b265  _initPWM                                  
0     0000b2d0  _initPins                                 
0     0000b43f  _turnMotor                                
0     0000b527  _Device_init                              
0     0000b558  _Device_enableAllPeripherals              
0     0000b647  _Device_initGPIO                          
0     0000b668  _Device_enableUnbondedGPIOPullupsFor176Pin
0     0000b67f  _Device_enableUnbondedGPIOPullupsFor100Pin
0     0000b6a2  _Device_enableUnbondedGPIOPullups         
0     0000b6b8  ___error__                                
0     0000b6bf  _SysCtl_setClock                          
0     0000b779  _c_int00                                  
0     0000b7cf  _GPIO_setDirectionMode                    
1     00000400  __stack                                   
1     00000500  __STACK_END                               
1     0000acd8  ___TI_enable_exit_profile_output          
1     0000acda  ___TI_cleanup_ptr                         
1     0000acdc  ___TI_dtors_ptr                           
1     0000acde  _sendChar                                 
1     0000acdf  _recievedChar                             
1     0000ace0  _stepCnt                                  
1     0000ace1  _timeBasePeriod                           
1     0000ace2  __lock                                    
1     0000ace4  __unlock                                  
1     0000ad00  _bufferFull                               
1     0000ad01  _index                                    
1     0000ad40  _adcAResults                              
abs   00000100  __STACK_SIZE                              
abs   ffffffff  .text                                     
abs   ffffffff  ___TI_pprof_out_hndl                      
abs   ffffffff  ___TI_prof_data_size                      
abs   ffffffff  ___TI_prof_data_start                     
abs   ffffffff  ___binit__                                
abs   ffffffff  ___c_args__                               
abs   ffffffff  ___etext__                                
abs   ffffffff  ___pinit__                                
abs   ffffffff  ___text__                                 
abs   ffffffff  binit                                     
abs   ffffffff  etext                                     
abs   ffffffff  pinit                                     

[82 symbols]
