<?xml version="1.0"?>
<link_info>
   <banner>TMS320C2000 Linker PC v16.9.1.LTS</banner>
   <copyright>Copyright (c) 1996-2015 Texas Instruments Incorporated</copyright>
   <link_time>0x58ebe4f5</link_time>
   <link_errors>0x0</link_errors>
   <output_file>guitar_tuner_control.out</output_file>
   <entry_point>
      <name>_c_int00</name>
      <address>0xb785</address>
   </entry_point>
   <input_file_list>
      <input_file id="fl-2">
         <path>.\</path>
         <kind>object</kind>
         <file>MotorControl.obj</file>
         <name>MotorControl.obj</name>
      </input_file>
      <input_file id="fl-3">
         <path>.\</path>
         <kind>object</kind>
         <file>PLL.obj</file>
         <name>PLL.obj</name>
      </input_file>
      <input_file id="fl-4">
         <path>.\</path>
         <kind>object</kind>
         <file>main.obj</file>
         <name>main.obj</name>
      </input_file>
      <input_file id="fl-5">
         <path>.\device\</path>
         <kind>object</kind>
         <file>device.obj</file>
         <name>device.obj</name>
      </input_file>
      <input_file id="fl-b">
         <path>..\</path>
         <kind>archive</kind>
         <file>driverlib.lib</file>
         <name>gpio.obj</name>
      </input_file>
      <input_file id="fl-c">
         <path>..\</path>
         <kind>archive</kind>
         <file>driverlib.lib</file>
         <name>interrupt.obj</name>
      </input_file>
      <input_file id="fl-d">
         <path>..\</path>
         <kind>archive</kind>
         <file>driverlib.lib</file>
         <name>sysctl.obj</name>
      </input_file>
      <input_file id="fl-1b">
         <path>C:\ti\ccsv7\tools\compiler\ti-cgt-c2000_16.9.1.LTS\lib\</path>
         <kind>archive</kind>
         <file>rts2800_fpu32.lib</file>
         <name>boot28.obj</name>
      </input_file>
      <input_file id="fl-1c">
         <path>C:\ti\ccsv7\tools\compiler\ti-cgt-c2000_16.9.1.LTS\lib\</path>
         <kind>archive</kind>
         <file>rts2800_fpu32.lib</file>
         <name>c99_complex.obj</name>
      </input_file>
      <input_file id="fl-1d">
         <path>C:\ti\ccsv7\tools\compiler\ti-cgt-c2000_16.9.1.LTS\lib\</path>
         <kind>archive</kind>
         <file>rts2800_fpu32.lib</file>
         <name>cpy_tbl.obj</name>
      </input_file>
      <input_file id="fl-1e">
         <path>C:\ti\ccsv7\tools\compiler\ti-cgt-c2000_16.9.1.LTS\lib\</path>
         <kind>archive</kind>
         <file>rts2800_fpu32.lib</file>
         <name>exit.obj</name>
      </input_file>
      <input_file id="fl-1f">
         <path>C:\ti\ccsv7\tools\compiler\ti-cgt-c2000_16.9.1.LTS\lib\</path>
         <kind>archive</kind>
         <file>rts2800_fpu32.lib</file>
         <name>fd_add28.obj</name>
      </input_file>
      <input_file id="fl-20">
         <path>C:\ti\ccsv7\tools\compiler\ti-cgt-c2000_16.9.1.LTS\lib\</path>
         <kind>archive</kind>
         <file>rts2800_fpu32.lib</file>
         <name>fd_cmp28.obj</name>
      </input_file>
      <input_file id="fl-21">
         <path>C:\ti\ccsv7\tools\compiler\ti-cgt-c2000_16.9.1.LTS\lib\</path>
         <kind>archive</kind>
         <file>rts2800_fpu32.lib</file>
         <name>fd_div28.obj</name>
      </input_file>
      <input_file id="fl-22">
         <path>C:\ti\ccsv7\tools\compiler\ti-cgt-c2000_16.9.1.LTS\lib\</path>
         <kind>archive</kind>
         <file>rts2800_fpu32.lib</file>
         <name>fd_mpy28.obj</name>
      </input_file>
      <input_file id="fl-23">
         <path>C:\ti\ccsv7\tools\compiler\ti-cgt-c2000_16.9.1.LTS\lib\</path>
         <kind>archive</kind>
         <file>rts2800_fpu32.lib</file>
         <name>fd_neg28.obj</name>
      </input_file>
      <input_file id="fl-24">
         <path>C:\ti\ccsv7\tools\compiler\ti-cgt-c2000_16.9.1.LTS\lib\</path>
         <kind>archive</kind>
         <file>rts2800_fpu32.lib</file>
         <name>fd_sub28.obj</name>
      </input_file>
      <input_file id="fl-25">
         <path>C:\ti\ccsv7\tools\compiler\ti-cgt-c2000_16.9.1.LTS\lib\</path>
         <kind>archive</kind>
         <file>rts2800_fpu32.lib</file>
         <name>fd_tofsfpu32.obj</name>
      </input_file>
      <input_file id="fl-26">
         <path>C:\ti\ccsv7\tools\compiler\ti-cgt-c2000_16.9.1.LTS\lib\</path>
         <kind>archive</kind>
         <file>rts2800_fpu32.lib</file>
         <name>fs_div28.obj</name>
      </input_file>
      <input_file id="fl-27">
         <path>C:\ti\ccsv7\tools\compiler\ti-cgt-c2000_16.9.1.LTS\lib\</path>
         <kind>archive</kind>
         <file>rts2800_fpu32.lib</file>
         <name>fs_tofdfpu32.obj</name>
      </input_file>
      <input_file id="fl-28">
         <path>C:\ti\ccsv7\tools\compiler\ti-cgt-c2000_16.9.1.LTS\lib\</path>
         <kind>archive</kind>
         <file>rts2800_fpu32.lib</file>
         <name>memcpy.obj</name>
      </input_file>
      <input_file id="fl-29">
         <path>C:\ti\ccsv7\tools\compiler\ti-cgt-c2000_16.9.1.LTS\lib\</path>
         <kind>archive</kind>
         <file>rts2800_fpu32.lib</file>
         <name>pre_init.obj</name>
      </input_file>
      <input_file id="fl-2a">
         <path>C:\ti\ccsv7\tools\compiler\ti-cgt-c2000_16.9.1.LTS\lib\</path>
         <kind>archive</kind>
         <file>rts2800_fpu32.lib</file>
         <name>s_cargf.obj</name>
      </input_file>
      <input_file id="fl-2b">
         <path>C:\ti\ccsv7\tools\compiler\ti-cgt-c2000_16.9.1.LTS\lib\</path>
         <kind>archive</kind>
         <file>rts2800_fpu32.lib</file>
         <name>s_cexpf.obj</name>
      </input_file>
      <input_file id="fl-2c">
         <path>C:\ti\ccsv7\tools\compiler\ti-cgt-c2000_16.9.1.LTS\lib\</path>
         <kind>archive</kind>
         <file>rts2800_fpu32.lib</file>
         <name>s_cosf.obj</name>
      </input_file>
      <input_file id="fl-2d">
         <path>C:\ti\ccsv7\tools\compiler\ti-cgt-c2000_16.9.1.LTS\lib\</path>
         <kind>archive</kind>
         <file>rts2800_fpu32.lib</file>
         <name>s_sinf.obj</name>
      </input_file>
      <input_file id="fl-2e">
         <path>C:\ti\ccsv7\tools\compiler\ti-cgt-c2000_16.9.1.LTS\lib\</path>
         <kind>archive</kind>
         <file>rts2800_fpu32.lib</file>
         <name>startup.obj</name>
      </input_file>
      <input_file id="fl-2f">
         <path>C:\ti\ccsv7\tools\compiler\ti-cgt-c2000_16.9.1.LTS\lib\</path>
         <kind>archive</kind>
         <file>rts2800_fpu32.lib</file>
         <name>_lock.obj</name>
      </input_file>
      <input_file id="fl-30">
         <path>C:\ti\ccsv7\tools\compiler\ti-cgt-c2000_16.9.1.LTS\lib\</path>
         <kind>archive</kind>
         <file>rts2800_fpu32.lib</file>
         <name>args_main.obj</name>
      </input_file>
      <input_file id="fl-31">
         <path>C:\ti\ccsv7\tools\compiler\ti-cgt-c2000_16.9.1.LTS\lib\</path>
         <kind>archive</kind>
         <file>rts2800_fpu32.lib</file>
         <name>e_atan2f.obj</name>
      </input_file>
      <input_file id="fl-32">
         <path>C:\ti\ccsv7\tools\compiler\ti-cgt-c2000_16.9.1.LTS\lib\</path>
         <kind>archive</kind>
         <file>rts2800_fpu32.lib</file>
         <name>e_expf.obj</name>
      </input_file>
      <input_file id="fl-33">
         <path>C:\ti\ccsv7\tools\compiler\ti-cgt-c2000_16.9.1.LTS\lib\</path>
         <kind>archive</kind>
         <file>rts2800_fpu32.lib</file>
         <name>errno.obj</name>
      </input_file>
      <input_file id="fl-34">
         <path>C:\ti\ccsv7\tools\compiler\ti-cgt-c2000_16.9.1.LTS\lib\</path>
         <kind>archive</kind>
         <file>rts2800_fpu32.lib</file>
         <name>k_expf.obj</name>
      </input_file>
      <input_file id="fl-35">
         <path>C:\ti\ccsv7\tools\compiler\ti-cgt-c2000_16.9.1.LTS\lib\</path>
         <kind>archive</kind>
         <file>rts2800_fpu32.lib</file>
         <name>s_atanf.obj</name>
      </input_file>
   </input_file_list>
   <object_component_list>
      <object_component id="oc-db">
         <name>.text</name>
         <load_address>0x152</load_address>
         <run_address>0x152</run_address>
         <size>0x1da</size>
         <input_file_ref idref="fl-5"/>
      </object_component>
      <object_component id="oc-e4">
         <name>.text:_SysCtl_setClock</name>
         <load_address>0x32c</load_address>
         <run_address>0x32c</run_address>
         <size>0xba</size>
         <input_file_ref idref="fl-d"/>
      </object_component>
      <object_component id="oc-e6">
         <name>.text:_SysCtl_getLowSpeedClock</name>
         <load_address>0x3e6</load_address>
         <run_address>0x3e6</run_address>
         <size>0x1a</size>
         <input_file_ref idref="fl-d"/>
      </object_component>
      <object_component id="oc-e0">
         <name>.text:_Interrupt_initModule</name>
         <load_address>0x8000</load_address>
         <run_address>0x8000</run_address>
         <size>0x54</size>
         <input_file_ref idref="fl-c"/>
      </object_component>
      <object_component id="oc-dc">
         <name>.text:_GPIO_setPadConfig</name>
         <load_address>0x8054</load_address>
         <run_address>0x8054</run_address>
         <size>0x52</size>
         <input_file_ref idref="fl-b"/>
      </object_component>
      <object_component id="oc-ef">
         <name>.text:_SysCtl_selectOscSource</name>
         <load_address>0x80a6</load_address>
         <run_address>0x80a6</run_address>
         <size>0x4d</size>
         <input_file_ref idref="fl-d"/>
      </object_component>
      <object_component id="oc-dd">
         <name>.text:_GPIO_setPinConfig</name>
         <load_address>0x80f3</load_address>
         <run_address>0x80f3</run_address>
         <size>0x3d</size>
         <input_file_ref idref="fl-b"/>
      </object_component>
      <object_component id="oc-18">
         <name>.text:retain</name>
         <load_address>0x8130</load_address>
         <run_address>0x8130</run_address>
         <size>0x36</size>
         <input_file_ref idref="fl-2"/>
      </object_component>
      <object_component id="oc-de">
         <name>.text:_Interrupt_enable</name>
         <load_address>0x8166</load_address>
         <run_address>0x8166</run_address>
         <size>0x33</size>
         <input_file_ref idref="fl-c"/>
      </object_component>
      <object_component id="oc-df">
         <name>.text:_GPIO_setDirectionMode</name>
         <load_address>0x8199</load_address>
         <run_address>0x8199</run_address>
         <size>0x31</size>
         <input_file_ref idref="fl-b"/>
      </object_component>
      <object_component id="oc-5f">
         <name>.text</name>
         <load_address>0x81ca</load_address>
         <run_address>0x81ca</run_address>
         <size>0x2a</size>
         <input_file_ref idref="fl-20"/>
      </object_component>
      <object_component id="oc-d5">
         <name>.text</name>
         <load_address>0x81f4</load_address>
         <run_address>0x81f4</run_address>
         <size>0x29</size>
         <input_file_ref idref="fl-1e"/>
      </object_component>
      <object_component id="oc-d8">
         <name>.text</name>
         <load_address>0x821d</load_address>
         <run_address>0x821d</run_address>
         <size>0x28</size>
         <input_file_ref idref="fl-4"/>
      </object_component>
      <object_component id="oc-78">
         <name>.text</name>
         <load_address>0x8245</load_address>
         <run_address>0x8245</run_address>
         <size>0x23</size>
         <input_file_ref idref="fl-25"/>
      </object_component>
      <object_component id="oc-e1">
         <name>.text:_Interrupt_initVectorTable</name>
         <load_address>0x8268</load_address>
         <run_address>0x8268</run_address>
         <size>0x20</size>
         <input_file_ref idref="fl-c"/>
      </object_component>
      <object_component id="oc-d7">
         <name>.text</name>
         <load_address>0x8288</load_address>
         <run_address>0x8288</run_address>
         <size>0x1e</size>
         <input_file_ref idref="fl-28"/>
      </object_component>
      <object_component id="oc-82">
         <name>.text</name>
         <load_address>0x82a6</load_address>
         <run_address>0x82a6</run_address>
         <size>0x1c</size>
         <input_file_ref idref="fl-27"/>
      </object_component>
      <object_component id="oc-d4">
         <name>.text</name>
         <load_address>0x82c2</load_address>
         <run_address>0x82c2</run_address>
         <size>0x19</size>
         <input_file_ref idref="fl-30"/>
      </object_component>
      <object_component id="oc-e7">
         <name>.text:_GPIO_isPinValid</name>
         <load_address>0x82db</load_address>
         <run_address>0x82db</run_address>
         <size>0xe</size>
         <input_file_ref idref="fl-b"/>
      </object_component>
      <object_component id="oc-ea">
         <name>.text:_Interrupt_defaultHandler</name>
         <load_address>0x82e9</load_address>
         <run_address>0x82e9</run_address>
         <size>0xe</size>
         <input_file_ref idref="fl-c"/>
      </object_component>
      <object_component id="oc-73">
         <name>.text</name>
         <load_address>0x82f7</load_address>
         <run_address>0x82f7</run_address>
         <size>0xe</size>
         <input_file_ref idref="fl-24"/>
      </object_component>
      <object_component id="oc-e8">
         <name>.text:_Interrupt_disableMaster</name>
         <load_address>0x8305</load_address>
         <run_address>0x8305</run_address>
         <size>0xd</size>
         <input_file_ref idref="fl-c"/>
      </object_component>
      <object_component id="oc-e9">
         <name>.text:_Interrupt_enableMaster</name>
         <load_address>0x8312</load_address>
         <run_address>0x8312</run_address>
         <size>0xd</size>
         <input_file_ref idref="fl-c"/>
      </object_component>
      <object_component id="oc-ee">
         <name>.text:_SysCtl_isMCDClockFailureDetected</name>
         <load_address>0x831f</load_address>
         <run_address>0x831f</run_address>
         <size>0xb</size>
         <input_file_ref idref="fl-d"/>
      </object_component>
      <object_component id="oc-f0">
         <name>.text:_SysCtl_serviceWatchdog</name>
         <load_address>0x832a</load_address>
         <run_address>0x832a</run_address>
         <size>0x9</size>
         <input_file_ref idref="fl-d"/>
      </object_component>
      <object_component id="oc-e2">
         <name>.text</name>
         <load_address>0x8333</load_address>
         <run_address>0x8333</run_address>
         <size>0x9</size>
         <input_file_ref idref="fl-2f"/>
      </object_component>
      <object_component id="oc-6e">
         <name>.text</name>
         <load_address>0x833c</load_address>
         <run_address>0x833c</run_address>
         <size>0x9</size>
         <input_file_ref idref="fl-23"/>
      </object_component>
      <object_component id="oc-ec">
         <name>.text:_Interrupt_illegalOperationHandler</name>
         <load_address>0x8345</load_address>
         <run_address>0x8345</run_address>
         <size>0x2</size>
         <input_file_ref idref="fl-c"/>
      </object_component>
      <object_component id="oc-eb">
         <name>.text:_Interrupt_nmiHandler</name>
         <load_address>0x8347</load_address>
         <run_address>0x8347</run_address>
         <size>0x2</size>
         <input_file_ref idref="fl-c"/>
      </object_component>
      <object_component id="oc-d1">
         <name>.text</name>
         <load_address>0x8349</load_address>
         <run_address>0x8349</run_address>
         <size>0x2</size>
         <input_file_ref idref="fl-29"/>
      </object_component>
      <object_component id="oc-d6">
         <name>.text</name>
         <load_address>0xb000</load_address>
         <run_address>0xb000</run_address>
         <size>0x4e5</size>
         <input_file_ref idref="fl-2"/>
      </object_component>
      <object_component id="oc-5a">
         <name>.text</name>
         <load_address>0xb4e5</load_address>
         <run_address>0xb4e5</run_address>
         <size>0x9c</size>
         <input_file_ref idref="fl-1f"/>
      </object_component>
      <object_component id="oc-64">
         <name>.text</name>
         <load_address>0xb581</load_address>
         <run_address>0xb581</run_address>
         <size>0x8b</size>
         <input_file_ref idref="fl-21"/>
      </object_component>
      <object_component id="oc-7d">
         <name>.text</name>
         <load_address>0xb60c</load_address>
         <run_address>0xb60c</run_address>
         <size>0x88</size>
         <input_file_ref idref="fl-26"/>
      </object_component>
      <object_component id="oc-69">
         <name>.text</name>
         <load_address>0xb694</load_address>
         <run_address>0xb694</run_address>
         <size>0x83</size>
         <input_file_ref idref="fl-22"/>
      </object_component>
      <object_component id="oc-e5">
         <name>.text:_SysCtl_getClock</name>
         <load_address>0xb717</load_address>
         <run_address>0xb717</run_address>
         <size>0x6e</size>
         <input_file_ref idref="fl-d"/>
      </object_component>
      <object_component id="oc-15">
         <name>.text</name>
         <load_address>0xb785</load_address>
         <run_address>0xb785</run_address>
         <size>0x56</size>
         <input_file_ref idref="fl-1b"/>
      </object_component>
      <object_component id="oc-d2">
         <name>.text</name>
         <load_address>0xb7db</load_address>
         <run_address>0xb7db</run_address>
         <size>0x24</size>
         <input_file_ref idref="fl-1d"/>
      </object_component>
      <object_component id="oc-d3">
         <name>.text</name>
         <load_address>0xb7ff</load_address>
         <run_address>0xb7ff</run_address>
         <size>0x1</size>
         <input_file_ref idref="fl-2e"/>
      </object_component>
      <object_component id="oc-1f">
         <name>.cinit</name>
         <load_address>0x122</load_address>
         <run_address>0x122</run_address>
         <size>0xe</size>
         <input_file_ref idref="fl-3"/>
      </object_component>
      <object_component id="oc-54">
         <name>.cinit</name>
         <load_address>0x130</load_address>
         <run_address>0x130</run_address>
         <size>0xe</size>
         <input_file_ref idref="fl-1e"/>
      </object_component>
      <object_component id="oc-da">
         <name>.cinit:__lock</name>
         <load_address>0x13e</load_address>
         <run_address>0x13e</run_address>
         <size>0x5</size>
         <input_file_ref idref="fl-2f"/>
      </object_component>
      <object_component id="oc-e3">
         <name>.cinit:__unlock</name>
         <load_address>0x143</load_address>
         <run_address>0x143</run_address>
         <size>0x5</size>
         <input_file_ref idref="fl-2f"/>
      </object_component>
      <object_component id="oc-c2">
         <name>.cinit</name>
         <load_address>0x148</load_address>
         <run_address>0x148</run_address>
         <size>0x4</size>
         <input_file_ref idref="fl-33"/>
      </object_component>
      <object_component id="oc-44">
         <name>.reset</name>
         <load_address>0x3fffc0</load_address>
         <run_address>0x3fffc0</run_address>
         <size>0x2</size>
         <input_file_ref idref="fl-1b"/>
      </object_component>
      <object_component id="oc-43">
         <name>.stack</name>
         <uninitialized>true</uninitialized>
         <run_address>0x400</run_address>
         <size>0x0</size>
         <input_file_ref idref="fl-1b"/>
      </object_component>
      <object_component id="oc-10f">
         <name>.stack</name>
         <uninitialized>true</uninitialized>
         <run_address>0x400</run_address>
         <size>0x0</size>
      </object_component>
      <object_component id="oc-17">
         <name>.ebss</name>
         <uninitialized>true</uninitialized>
         <run_address>0xaa8e</run_address>
         <size>0x2</size>
         <input_file_ref idref="fl-2"/>
      </object_component>
      <object_component id="oc-20">
         <name>.ebss</name>
         <uninitialized>true</uninitialized>
         <run_address>0xaa80</run_address>
         <size>0x8</size>
         <input_file_ref idref="fl-3"/>
      </object_component>
      <object_component id="oc-55">
         <name>.ebss</name>
         <uninitialized>true</uninitialized>
         <run_address>0xaa88</run_address>
         <size>0x6</size>
         <input_file_ref idref="fl-1e"/>
      </object_component>
      <object_component id="oc-ed">
         <name>.ebss:__unlock</name>
         <uninitialized>true</uninitialized>
         <run_address>0xaa92</run_address>
         <size>0x2</size>
         <input_file_ref idref="fl-2f"/>
      </object_component>
      <object_component id="oc-d9">
         <name>.ebss:__lock</name>
         <uninitialized>true</uninitialized>
         <run_address>0xaa90</run_address>
         <size>0x2</size>
         <input_file_ref idref="fl-2f"/>
      </object_component>
      <object_component id="oc-c3">
         <name>.ebss</name>
         <uninitialized>true</uninitialized>
         <run_address>0xaa94</run_address>
         <size>0x1</size>
         <input_file_ref idref="fl-33"/>
      </object_component>
      <object_component id="oc-31">
         <name>.econst:.string</name>
         <load_address>0xa800</load_address>
         <run_address>0xa800</run_address>
         <size>0xc8</size>
         <input_file_ref idref="fl-b"/>
      </object_component>
      <object_component id="oc-19">
         <name>.econst:.string</name>
         <load_address>0xa8c8</load_address>
         <run_address>0xa8c8</run_address>
         <size>0xab</size>
         <input_file_ref idref="fl-2"/>
      </object_component>
      <object_component id="oc-37">
         <name>.econst:.string</name>
         <load_address>0xa974</load_address>
         <run_address>0xa974</run_address>
         <size>0x69</size>
         <input_file_ref idref="fl-c"/>
      </object_component>
      <object_component id="oc-3e">
         <name>.econst:.string</name>
         <load_address>0xa9de</load_address>
         <run_address>0xa9de</run_address>
         <size>0x66</size>
         <input_file_ref idref="fl-d"/>
      </object_component>
      <object_component id="oc-2b">
         <name>.econst:.string</name>
         <load_address>0xaa44</load_address>
         <run_address>0xaa44</run_address>
         <size>0x13</size>
         <input_file_ref idref="fl-5"/>
      </object_component>
      <object_component id="oc-bc">
         <name>.econst</name>
         <load_address>0xaa58</load_address>
         <run_address>0xaa58</run_address>
         <size>0x10</size>
         <input_file_ref idref="fl-32"/>
      </object_component>
      <object_component id="oc-b6">
         <name>.econst</name>
         <load_address>0xaa68</load_address>
         <run_address>0xaa68</run_address>
         <size>0xc</size>
         <input_file_ref idref="fl-31"/>
      </object_component>
      <object_component id="oc-c6">
         <name>.econst</name>
         <load_address>0xaa74</load_address>
         <run_address>0xaa74</run_address>
         <size>0x4</size>
         <input_file_ref idref="fl-34"/>
      </object_component>
      <object_component id="oc-cc">
         <name>.econst</name>
         <load_address>0xaa78</load_address>
         <run_address>0xaa78</run_address>
         <size>0x4</size>
         <input_file_ref idref="fl-35"/>
      </object_component>
      <object_component id="oc-97">
         <name>.econst</name>
         <load_address>0xaa7c</load_address>
         <run_address>0xaa7c</run_address>
         <size>0x4</size>
         <input_file_ref idref="fl-2b"/>
      </object_component>
      <object_component id="oc-3d">
         <name>.TI.ramfunc</name>
         <load_address>0x14e</load_address>
         <run_address>0x14e</run_address>
         <size>0x4</size>
         <input_file_ref idref="fl-d"/>
      </object_component>
      <object_component id="oc-16">
         <name>.debug_info</name>
         <load_address>0x0</load_address>
         <run_address>0x0</run_address>
         <size>0x3be8</size>
         <input_file_ref idref="fl-2"/>
      </object_component>
      <object_component id="oc-1e">
         <name>.debug_info</name>
         <load_address>0x3be8</load_address>
         <run_address>0x3be8</run_address>
         <size>0x4f0</size>
         <input_file_ref idref="fl-3"/>
      </object_component>
      <object_component id="oc-25">
         <name>.debug_info</name>
         <load_address>0x40d8</load_address>
         <run_address>0x40d8</run_address>
         <size>0x573</size>
         <input_file_ref idref="fl-4"/>
      </object_component>
      <object_component id="oc-2a">
         <name>.debug_info</name>
         <load_address>0x464b</load_address>
         <run_address>0x464b</run_address>
         <size>0x1efe</size>
         <input_file_ref idref="fl-5"/>
      </object_component>
      <object_component id="oc-30">
         <name>.debug_info</name>
         <load_address>0x6549</load_address>
         <run_address>0x6549</run_address>
         <size>0xd2e</size>
         <input_file_ref idref="fl-b"/>
      </object_component>
      <object_component id="oc-36">
         <name>.debug_info</name>
         <load_address>0x7277</load_address>
         <run_address>0x7277</run_address>
         <size>0xef6</size>
         <input_file_ref idref="fl-c"/>
      </object_component>
      <object_component id="oc-3c">
         <name>.debug_info</name>
         <load_address>0x816d</load_address>
         <run_address>0x816d</run_address>
         <size>0xf66</size>
         <input_file_ref idref="fl-d"/>
      </object_component>
      <object_component id="oc-45">
         <name>.debug_info</name>
         <load_address>0x90d3</load_address>
         <run_address>0x90d3</run_address>
         <size>0x16b</size>
         <input_file_ref idref="fl-1b"/>
      </object_component>
      <object_component id="oc-49">
         <name>.debug_info</name>
         <load_address>0x923e</load_address>
         <run_address>0x923e</run_address>
         <size>0x4be</size>
         <input_file_ref idref="fl-1c"/>
      </object_component>
      <object_component id="oc-4e">
         <name>.debug_info</name>
         <load_address>0x96fc</load_address>
         <run_address>0x96fc</run_address>
         <size>0x5c1</size>
         <input_file_ref idref="fl-1d"/>
      </object_component>
      <object_component id="oc-53">
         <name>.debug_info</name>
         <load_address>0x9cbd</load_address>
         <run_address>0x9cbd</run_address>
         <size>0x5ab</size>
         <input_file_ref idref="fl-1e"/>
      </object_component>
      <object_component id="oc-5b">
         <name>.debug_info</name>
         <load_address>0xa268</load_address>
         <run_address>0xa268</run_address>
         <size>0x10c</size>
         <input_file_ref idref="fl-1f"/>
      </object_component>
      <object_component id="oc-60">
         <name>.debug_info</name>
         <load_address>0xa374</load_address>
         <run_address>0xa374</run_address>
         <size>0x118</size>
         <input_file_ref idref="fl-20"/>
      </object_component>
      <object_component id="oc-65">
         <name>.debug_info</name>
         <load_address>0xa48c</load_address>
         <run_address>0xa48c</run_address>
         <size>0x10c</size>
         <input_file_ref idref="fl-21"/>
      </object_component>
      <object_component id="oc-6a">
         <name>.debug_info</name>
         <load_address>0xa598</load_address>
         <run_address>0xa598</run_address>
         <size>0x10c</size>
         <input_file_ref idref="fl-22"/>
      </object_component>
      <object_component id="oc-6f">
         <name>.debug_info</name>
         <load_address>0xa6a4</load_address>
         <run_address>0xa6a4</run_address>
         <size>0x10c</size>
         <input_file_ref idref="fl-23"/>
      </object_component>
      <object_component id="oc-74">
         <name>.debug_info</name>
         <load_address>0xa7b0</load_address>
         <run_address>0xa7b0</run_address>
         <size>0x11a</size>
         <input_file_ref idref="fl-24"/>
      </object_component>
      <object_component id="oc-79">
         <name>.debug_info</name>
         <load_address>0xa8ca</load_address>
         <run_address>0xa8ca</run_address>
         <size>0x112</size>
         <input_file_ref idref="fl-25"/>
      </object_component>
      <object_component id="oc-7e">
         <name>.debug_info</name>
         <load_address>0xa9dc</load_address>
         <run_address>0xa9dc</run_address>
         <size>0x10c</size>
         <input_file_ref idref="fl-26"/>
      </object_component>
      <object_component id="oc-83">
         <name>.debug_info</name>
         <load_address>0xaae8</load_address>
         <run_address>0xaae8</run_address>
         <size>0x112</size>
         <input_file_ref idref="fl-27"/>
      </object_component>
      <object_component id="oc-87">
         <name>.debug_info</name>
         <load_address>0xabfa</load_address>
         <run_address>0xabfa</run_address>
         <size>0x46f</size>
         <input_file_ref idref="fl-28"/>
      </object_component>
      <object_component id="oc-8c">
         <name>.debug_info</name>
         <load_address>0xb069</load_address>
         <run_address>0xb069</run_address>
         <size>0x3e2</size>
         <input_file_ref idref="fl-29"/>
      </object_component>
      <object_component id="oc-91">
         <name>.debug_info</name>
         <load_address>0xb44b</load_address>
         <run_address>0xb44b</run_address>
         <size>0x585</size>
         <input_file_ref idref="fl-2a"/>
      </object_component>
      <object_component id="oc-96">
         <name>.debug_info</name>
         <load_address>0xb9d0</load_address>
         <run_address>0xb9d0</run_address>
         <size>0x6ab</size>
         <input_file_ref idref="fl-2b"/>
      </object_component>
      <object_component id="oc-9c">
         <name>.debug_info</name>
         <load_address>0xc07b</load_address>
         <run_address>0xc07b</run_address>
         <size>0x39c</size>
         <input_file_ref idref="fl-2c"/>
      </object_component>
      <object_component id="oc-a1">
         <name>.debug_info</name>
         <load_address>0xc417</load_address>
         <run_address>0xc417</run_address>
         <size>0x39c</size>
         <input_file_ref idref="fl-2d"/>
      </object_component>
      <object_component id="oc-a6">
         <name>.debug_info</name>
         <load_address>0xc7b3</load_address>
         <run_address>0xc7b3</run_address>
         <size>0x3df</size>
         <input_file_ref idref="fl-2e"/>
      </object_component>
      <object_component id="oc-ab">
         <name>.debug_info</name>
         <load_address>0xcb92</load_address>
         <run_address>0xcb92</run_address>
         <size>0x501</size>
         <input_file_ref idref="fl-2f"/>
      </object_component>
      <object_component id="oc-b0">
         <name>.debug_info</name>
         <load_address>0xd093</load_address>
         <run_address>0xd093</run_address>
         <size>0x4ce</size>
         <input_file_ref idref="fl-30"/>
      </object_component>
      <object_component id="oc-b5">
         <name>.debug_info</name>
         <load_address>0xd561</load_address>
         <run_address>0xd561</run_address>
         <size>0x494</size>
         <input_file_ref idref="fl-31"/>
      </object_component>
      <object_component id="oc-bb">
         <name>.debug_info</name>
         <load_address>0xd9f5</load_address>
         <run_address>0xd9f5</run_address>
         <size>0x4ff</size>
         <input_file_ref idref="fl-32"/>
      </object_component>
      <object_component id="oc-c1">
         <name>.debug_info</name>
         <load_address>0xdef4</load_address>
         <run_address>0xdef4</run_address>
         <size>0x1bb</size>
         <input_file_ref idref="fl-33"/>
      </object_component>
      <object_component id="oc-c5">
         <name>.debug_info</name>
         <load_address>0xe0af</load_address>
         <run_address>0xe0af</run_address>
         <size>0x6af</size>
         <input_file_ref idref="fl-34"/>
      </object_component>
      <object_component id="oc-cb">
         <name>.debug_info</name>
         <load_address>0xe75e</load_address>
         <run_address>0xe75e</run_address>
         <size>0x431</size>
         <input_file_ref idref="fl-35"/>
      </object_component>
      <object_component id="oc-113">
         <name>.debug_info</name>
         <load_address>0xeb8f</load_address>
         <run_address>0xeb8f</run_address>
         <size>0xb7</size>
      </object_component>
      <object_component id="oc-1a">
         <name>.debug_frame</name>
         <load_address>0x0</load_address>
         <run_address>0x0</run_address>
         <size>0x30a</size>
         <input_file_ref idref="fl-2"/>
      </object_component>
      <object_component id="oc-21">
         <name>.debug_frame</name>
         <load_address>0x30a</load_address>
         <run_address>0x30a</run_address>
         <size>0x2e</size>
         <input_file_ref idref="fl-3"/>
      </object_component>
      <object_component id="oc-26">
         <name>.debug_frame</name>
         <load_address>0x338</load_address>
         <run_address>0x338</run_address>
         <size>0x43</size>
         <input_file_ref idref="fl-4"/>
      </object_component>
      <object_component id="oc-2c">
         <name>.debug_frame</name>
         <load_address>0x37b</load_address>
         <run_address>0x37b</run_address>
         <size>0x134</size>
         <input_file_ref idref="fl-5"/>
      </object_component>
      <object_component id="oc-32">
         <name>.debug_frame</name>
         <load_address>0x4af</load_address>
         <run_address>0x4af</run_address>
         <size>0xf9</size>
         <input_file_ref idref="fl-b"/>
      </object_component>
      <object_component id="oc-38">
         <name>.debug_frame</name>
         <load_address>0x5a8</load_address>
         <run_address>0x5a8</run_address>
         <size>0x144</size>
         <input_file_ref idref="fl-c"/>
      </object_component>
      <object_component id="oc-3f">
         <name>.debug_frame</name>
         <load_address>0x6ec</load_address>
         <run_address>0x6ec</run_address>
         <size>0x125</size>
         <input_file_ref idref="fl-d"/>
      </object_component>
      <object_component id="oc-4a">
         <name>.debug_frame</name>
         <load_address>0x811</load_address>
         <run_address>0x811</run_address>
         <size>0x2e</size>
         <input_file_ref idref="fl-1c"/>
      </object_component>
      <object_component id="oc-4f">
         <name>.debug_frame</name>
         <load_address>0x83f</load_address>
         <run_address>0x83f</run_address>
         <size>0x64</size>
         <input_file_ref idref="fl-1d"/>
      </object_component>
      <object_component id="oc-56">
         <name>.debug_frame</name>
         <load_address>0x8a3</load_address>
         <run_address>0x8a3</run_address>
         <size>0x61</size>
         <input_file_ref idref="fl-1e"/>
      </object_component>
      <object_component id="oc-88">
         <name>.debug_frame</name>
         <load_address>0x904</load_address>
         <run_address>0x904</run_address>
         <size>0x43</size>
         <input_file_ref idref="fl-28"/>
      </object_component>
      <object_component id="oc-8d">
         <name>.debug_frame</name>
         <load_address>0x947</load_address>
         <run_address>0x947</run_address>
         <size>0x43</size>
         <input_file_ref idref="fl-29"/>
      </object_component>
      <object_component id="oc-92">
         <name>.debug_frame</name>
         <load_address>0x98a</load_address>
         <run_address>0x98a</run_address>
         <size>0x2e</size>
         <input_file_ref idref="fl-2a"/>
      </object_component>
      <object_component id="oc-98">
         <name>.debug_frame</name>
         <load_address>0x9b8</load_address>
         <run_address>0x9b8</run_address>
         <size>0x2e</size>
         <input_file_ref idref="fl-2b"/>
      </object_component>
      <object_component id="oc-9d">
         <name>.debug_frame</name>
         <load_address>0x9e6</load_address>
         <run_address>0x9e6</run_address>
         <size>0x2e</size>
         <input_file_ref idref="fl-2c"/>
      </object_component>
      <object_component id="oc-a2">
         <name>.debug_frame</name>
         <load_address>0xa14</load_address>
         <run_address>0xa14</run_address>
         <size>0x2e</size>
         <input_file_ref idref="fl-2d"/>
      </object_component>
      <object_component id="oc-a7">
         <name>.debug_frame</name>
         <load_address>0xa42</load_address>
         <run_address>0xa42</run_address>
         <size>0x43</size>
         <input_file_ref idref="fl-2e"/>
      </object_component>
      <object_component id="oc-ac">
         <name>.debug_frame</name>
         <load_address>0xa85</load_address>
         <run_address>0xa85</run_address>
         <size>0x6d</size>
         <input_file_ref idref="fl-2f"/>
      </object_component>
      <object_component id="oc-b1">
         <name>.debug_frame</name>
         <load_address>0xaf2</load_address>
         <run_address>0xaf2</run_address>
         <size>0x43</size>
         <input_file_ref idref="fl-30"/>
      </object_component>
      <object_component id="oc-b7">
         <name>.debug_frame</name>
         <load_address>0xb35</load_address>
         <run_address>0xb35</run_address>
         <size>0x2e</size>
         <input_file_ref idref="fl-31"/>
      </object_component>
      <object_component id="oc-bd">
         <name>.debug_frame</name>
         <load_address>0xb63</load_address>
         <run_address>0xb63</run_address>
         <size>0x2e</size>
         <input_file_ref idref="fl-32"/>
      </object_component>
      <object_component id="oc-c7">
         <name>.debug_frame</name>
         <load_address>0xb91</load_address>
         <run_address>0xb91</run_address>
         <size>0x2e</size>
         <input_file_ref idref="fl-34"/>
      </object_component>
      <object_component id="oc-cd">
         <name>.debug_frame</name>
         <load_address>0xbbf</load_address>
         <run_address>0xbbf</run_address>
         <size>0x2e</size>
         <input_file_ref idref="fl-35"/>
      </object_component>
      <object_component id="oc-1b">
         <name>.debug_line</name>
         <load_address>0x0</load_address>
         <run_address>0x0</run_address>
         <size>0x555</size>
         <input_file_ref idref="fl-2"/>
      </object_component>
      <object_component id="oc-22">
         <name>.debug_line</name>
         <load_address>0x555</load_address>
         <run_address>0x555</run_address>
         <size>0x29</size>
         <input_file_ref idref="fl-3"/>
      </object_component>
      <object_component id="oc-27">
         <name>.debug_line</name>
         <load_address>0x57e</load_address>
         <run_address>0x57e</run_address>
         <size>0x4d</size>
         <input_file_ref idref="fl-4"/>
      </object_component>
      <object_component id="oc-2d">
         <name>.debug_line</name>
         <load_address>0x5cb</load_address>
         <run_address>0x5cb</run_address>
         <size>0x27c</size>
         <input_file_ref idref="fl-5"/>
      </object_component>
      <object_component id="oc-33">
         <name>.debug_line</name>
         <load_address>0x847</load_address>
         <run_address>0x847</run_address>
         <size>0x20c</size>
         <input_file_ref idref="fl-b"/>
      </object_component>
      <object_component id="oc-39">
         <name>.debug_line</name>
         <load_address>0xa53</load_address>
         <run_address>0xa53</run_address>
         <size>0x214</size>
         <input_file_ref idref="fl-c"/>
      </object_component>
      <object_component id="oc-40">
         <name>.debug_line</name>
         <load_address>0xc67</load_address>
         <run_address>0xc67</run_address>
         <size>0x2b3</size>
         <input_file_ref idref="fl-d"/>
      </object_component>
      <object_component id="oc-46">
         <name>.debug_line</name>
         <load_address>0xf1a</load_address>
         <run_address>0xf1a</run_address>
         <size>0x7e</size>
         <input_file_ref idref="fl-1b"/>
      </object_component>
      <object_component id="oc-4b">
         <name>.debug_line</name>
         <load_address>0xf98</load_address>
         <run_address>0xf98</run_address>
         <size>0x2e</size>
         <input_file_ref idref="fl-1c"/>
      </object_component>
      <object_component id="oc-50">
         <name>.debug_line</name>
         <load_address>0xfc6</load_address>
         <run_address>0xfc6</run_address>
         <size>0x50</size>
         <input_file_ref idref="fl-1d"/>
      </object_component>
      <object_component id="oc-57">
         <name>.debug_line</name>
         <load_address>0x1016</load_address>
         <run_address>0x1016</run_address>
         <size>0x65</size>
         <input_file_ref idref="fl-1e"/>
      </object_component>
      <object_component id="oc-5c">
         <name>.debug_line</name>
         <load_address>0x107b</load_address>
         <run_address>0x107b</run_address>
         <size>0xc4</size>
         <input_file_ref idref="fl-1f"/>
      </object_component>
      <object_component id="oc-61">
         <name>.debug_line</name>
         <load_address>0x113f</load_address>
         <run_address>0x113f</run_address>
         <size>0x60</size>
         <input_file_ref idref="fl-20"/>
      </object_component>
      <object_component id="oc-66">
         <name>.debug_line</name>
         <load_address>0x119f</load_address>
         <run_address>0x119f</run_address>
         <size>0xb3</size>
         <input_file_ref idref="fl-21"/>
      </object_component>
      <object_component id="oc-6b">
         <name>.debug_line</name>
         <load_address>0x1252</load_address>
         <run_address>0x1252</run_address>
         <size>0xa2</size>
         <input_file_ref idref="fl-22"/>
      </object_component>
      <object_component id="oc-70">
         <name>.debug_line</name>
         <load_address>0x12f4</load_address>
         <run_address>0x12f4</run_address>
         <size>0x45</size>
         <input_file_ref idref="fl-23"/>
      </object_component>
      <object_component id="oc-75">
         <name>.debug_line</name>
         <load_address>0x1339</load_address>
         <run_address>0x1339</run_address>
         <size>0x49</size>
         <input_file_ref idref="fl-24"/>
      </object_component>
      <object_component id="oc-7a">
         <name>.debug_line</name>
         <load_address>0x1382</load_address>
         <run_address>0x1382</run_address>
         <size>0x5e</size>
         <input_file_ref idref="fl-25"/>
      </object_component>
      <object_component id="oc-7f">
         <name>.debug_line</name>
         <load_address>0x13e0</load_address>
         <run_address>0x13e0</run_address>
         <size>0xad</size>
         <input_file_ref idref="fl-26"/>
      </object_component>
      <object_component id="oc-84">
         <name>.debug_line</name>
         <load_address>0x148d</load_address>
         <run_address>0x148d</run_address>
         <size>0x58</size>
         <input_file_ref idref="fl-27"/>
      </object_component>
      <object_component id="oc-89">
         <name>.debug_line</name>
         <load_address>0x14e5</load_address>
         <run_address>0x14e5</run_address>
         <size>0x62</size>
         <input_file_ref idref="fl-28"/>
      </object_component>
      <object_component id="oc-8e">
         <name>.debug_line</name>
         <load_address>0x1547</load_address>
         <run_address>0x1547</run_address>
         <size>0x3e</size>
         <input_file_ref idref="fl-29"/>
      </object_component>
      <object_component id="oc-93">
         <name>.debug_line</name>
         <load_address>0x1585</load_address>
         <run_address>0x1585</run_address>
         <size>0x2a</size>
         <input_file_ref idref="fl-2a"/>
      </object_component>
      <object_component id="oc-99">
         <name>.debug_line</name>
         <load_address>0x15af</load_address>
         <run_address>0x15af</run_address>
         <size>0x3c</size>
         <input_file_ref idref="fl-2b"/>
      </object_component>
      <object_component id="oc-9e">
         <name>.debug_line</name>
         <load_address>0x15eb</load_address>
         <run_address>0x15eb</run_address>
         <size>0x29</size>
         <input_file_ref idref="fl-2c"/>
      </object_component>
      <object_component id="oc-a3">
         <name>.debug_line</name>
         <load_address>0x1614</load_address>
         <run_address>0x1614</run_address>
         <size>0x29</size>
         <input_file_ref idref="fl-2d"/>
      </object_component>
      <object_component id="oc-a8">
         <name>.debug_line</name>
         <load_address>0x163d</load_address>
         <run_address>0x163d</run_address>
         <size>0x3a</size>
         <input_file_ref idref="fl-2e"/>
      </object_component>
      <object_component id="oc-ad">
         <name>.debug_line</name>
         <load_address>0x1677</load_address>
         <run_address>0x1677</run_address>
         <size>0x5e</size>
         <input_file_ref idref="fl-2f"/>
      </object_component>
      <object_component id="oc-b2">
         <name>.debug_line</name>
         <load_address>0x16d5</load_address>
         <run_address>0x16d5</run_address>
         <size>0x55</size>
         <input_file_ref idref="fl-30"/>
      </object_component>
      <object_component id="oc-b8">
         <name>.debug_line</name>
         <load_address>0x172a</load_address>
         <run_address>0x172a</run_address>
         <size>0x2b</size>
         <input_file_ref idref="fl-31"/>
      </object_component>
      <object_component id="oc-be">
         <name>.debug_line</name>
         <load_address>0x1755</load_address>
         <run_address>0x1755</run_address>
         <size>0x29</size>
         <input_file_ref idref="fl-32"/>
      </object_component>
      <object_component id="oc-c8">
         <name>.debug_line</name>
         <load_address>0x177e</load_address>
         <run_address>0x177e</run_address>
         <size>0x3b</size>
         <input_file_ref idref="fl-34"/>
      </object_component>
      <object_component id="oc-ce">
         <name>.debug_line</name>
         <load_address>0x17b9</load_address>
         <run_address>0x17b9</run_address>
         <size>0x2a</size>
         <input_file_ref idref="fl-35"/>
      </object_component>
      <object_component id="oc-1c">
         <name>.debug_abbrev</name>
         <load_address>0x0</load_address>
         <run_address>0x0</run_address>
         <size>0x1cc</size>
         <input_file_ref idref="fl-2"/>
      </object_component>
      <object_component id="oc-23">
         <name>.debug_abbrev</name>
         <load_address>0x1cc</load_address>
         <run_address>0x1cc</run_address>
         <size>0xdd</size>
         <input_file_ref idref="fl-3"/>
      </object_component>
      <object_component id="oc-28">
         <name>.debug_abbrev</name>
         <load_address>0x2a9</load_address>
         <run_address>0x2a9</run_address>
         <size>0x95</size>
         <input_file_ref idref="fl-4"/>
      </object_component>
      <object_component id="oc-2e">
         <name>.debug_abbrev</name>
         <load_address>0x33e</load_address>
         <run_address>0x33e</run_address>
         <size>0x13f</size>
         <input_file_ref idref="fl-5"/>
      </object_component>
      <object_component id="oc-34">
         <name>.debug_abbrev</name>
         <load_address>0x47d</load_address>
         <run_address>0x47d</run_address>
         <size>0x1d4</size>
         <input_file_ref idref="fl-b"/>
      </object_component>
      <object_component id="oc-3a">
         <name>.debug_abbrev</name>
         <load_address>0x651</load_address>
         <run_address>0x651</run_address>
         <size>0x16c</size>
         <input_file_ref idref="fl-c"/>
      </object_component>
      <object_component id="oc-41">
         <name>.debug_abbrev</name>
         <load_address>0x7bd</load_address>
         <run_address>0x7bd</run_address>
         <size>0x1af</size>
         <input_file_ref idref="fl-d"/>
      </object_component>
      <object_component id="oc-47">
         <name>.debug_abbrev</name>
         <load_address>0x96c</load_address>
         <run_address>0x96c</run_address>
         <size>0x46</size>
         <input_file_ref idref="fl-1b"/>
      </object_component>
      <object_component id="oc-4c">
         <name>.debug_abbrev</name>
         <load_address>0x9b2</load_address>
         <run_address>0x9b2</run_address>
         <size>0x13d</size>
         <input_file_ref idref="fl-1c"/>
      </object_component>
      <object_component id="oc-51">
         <name>.debug_abbrev</name>
         <load_address>0xaef</load_address>
         <run_address>0xaef</run_address>
         <size>0xfc</size>
         <input_file_ref idref="fl-1d"/>
      </object_component>
      <object_component id="oc-58">
         <name>.debug_abbrev</name>
         <load_address>0xbeb</load_address>
         <run_address>0xbeb</run_address>
         <size>0x142</size>
         <input_file_ref idref="fl-1e"/>
      </object_component>
      <object_component id="oc-5d">
         <name>.debug_abbrev</name>
         <load_address>0xd2d</load_address>
         <run_address>0xd2d</run_address>
         <size>0x38</size>
         <input_file_ref idref="fl-1f"/>
      </object_component>
      <object_component id="oc-62">
         <name>.debug_abbrev</name>
         <load_address>0xd65</load_address>
         <run_address>0xd65</run_address>
         <size>0x38</size>
         <input_file_ref idref="fl-20"/>
      </object_component>
      <object_component id="oc-67">
         <name>.debug_abbrev</name>
         <load_address>0xd9d</load_address>
         <run_address>0xd9d</run_address>
         <size>0x38</size>
         <input_file_ref idref="fl-21"/>
      </object_component>
      <object_component id="oc-6c">
         <name>.debug_abbrev</name>
         <load_address>0xdd5</load_address>
         <run_address>0xdd5</run_address>
         <size>0x38</size>
         <input_file_ref idref="fl-22"/>
      </object_component>
      <object_component id="oc-71">
         <name>.debug_abbrev</name>
         <load_address>0xe0d</load_address>
         <run_address>0xe0d</run_address>
         <size>0x38</size>
         <input_file_ref idref="fl-23"/>
      </object_component>
      <object_component id="oc-76">
         <name>.debug_abbrev</name>
         <load_address>0xe45</load_address>
         <run_address>0xe45</run_address>
         <size>0x46</size>
         <input_file_ref idref="fl-24"/>
      </object_component>
      <object_component id="oc-7b">
         <name>.debug_abbrev</name>
         <load_address>0xe8b</load_address>
         <run_address>0xe8b</run_address>
         <size>0x38</size>
         <input_file_ref idref="fl-25"/>
      </object_component>
      <object_component id="oc-80">
         <name>.debug_abbrev</name>
         <load_address>0xec3</load_address>
         <run_address>0xec3</run_address>
         <size>0x38</size>
         <input_file_ref idref="fl-26"/>
      </object_component>
      <object_component id="oc-85">
         <name>.debug_abbrev</name>
         <load_address>0xefb</load_address>
         <run_address>0xefb</run_address>
         <size>0x38</size>
         <input_file_ref idref="fl-27"/>
      </object_component>
      <object_component id="oc-8a">
         <name>.debug_abbrev</name>
         <load_address>0xf33</load_address>
         <run_address>0xf33</run_address>
         <size>0xa8</size>
         <input_file_ref idref="fl-28"/>
      </object_component>
      <object_component id="oc-8f">
         <name>.debug_abbrev</name>
         <load_address>0xfdb</load_address>
         <run_address>0xfdb</run_address>
         <size>0x68</size>
         <input_file_ref idref="fl-29"/>
      </object_component>
      <object_component id="oc-94">
         <name>.debug_abbrev</name>
         <load_address>0x1043</load_address>
         <run_address>0x1043</run_address>
         <size>0xfe</size>
         <input_file_ref idref="fl-2a"/>
      </object_component>
      <object_component id="oc-9a">
         <name>.debug_abbrev</name>
         <load_address>0x1141</load_address>
         <run_address>0x1141</run_address>
         <size>0x107</size>
         <input_file_ref idref="fl-2b"/>
      </object_component>
      <object_component id="oc-9f">
         <name>.debug_abbrev</name>
         <load_address>0x1248</load_address>
         <run_address>0x1248</run_address>
         <size>0x9d</size>
         <input_file_ref idref="fl-2c"/>
      </object_component>
      <object_component id="oc-a4">
         <name>.debug_abbrev</name>
         <load_address>0x12e5</load_address>
         <run_address>0x12e5</run_address>
         <size>0x9d</size>
         <input_file_ref idref="fl-2d"/>
      </object_component>
      <object_component id="oc-a9">
         <name>.debug_abbrev</name>
         <load_address>0x1382</load_address>
         <run_address>0x1382</run_address>
         <size>0x66</size>
         <input_file_ref idref="fl-2e"/>
      </object_component>
      <object_component id="oc-ae">
         <name>.debug_abbrev</name>
         <load_address>0x13e8</load_address>
         <run_address>0x13e8</run_address>
         <size>0xb2</size>
         <input_file_ref idref="fl-2f"/>
      </object_component>
      <object_component id="oc-b3">
         <name>.debug_abbrev</name>
         <load_address>0x149a</load_address>
         <run_address>0x149a</run_address>
         <size>0xfe</size>
         <input_file_ref idref="fl-30"/>
      </object_component>
      <object_component id="oc-b9">
         <name>.debug_abbrev</name>
         <load_address>0x1598</load_address>
         <run_address>0x1598</run_address>
         <size>0xc6</size>
         <input_file_ref idref="fl-31"/>
      </object_component>
      <object_component id="oc-bf">
         <name>.debug_abbrev</name>
         <load_address>0x165e</load_address>
         <run_address>0x165e</run_address>
         <size>0xea</size>
         <input_file_ref idref="fl-32"/>
      </object_component>
      <object_component id="oc-c4">
         <name>.debug_abbrev</name>
         <load_address>0x1748</load_address>
         <run_address>0x1748</run_address>
         <size>0x31</size>
         <input_file_ref idref="fl-33"/>
      </object_component>
      <object_component id="oc-c9">
         <name>.debug_abbrev</name>
         <load_address>0x1779</load_address>
         <run_address>0x1779</run_address>
         <size>0x131</size>
         <input_file_ref idref="fl-34"/>
      </object_component>
      <object_component id="oc-cf">
         <name>.debug_abbrev</name>
         <load_address>0x18aa</load_address>
         <run_address>0x18aa</run_address>
         <size>0xda</size>
         <input_file_ref idref="fl-35"/>
      </object_component>
      <object_component id="oc-114">
         <name>.debug_abbrev</name>
         <load_address>0x1984</load_address>
         <run_address>0x1984</run_address>
         <size>0xf</size>
      </object_component>
      <object_component id="oc-1d">
         <name>.debug_aranges</name>
         <load_address>0x0</load_address>
         <run_address>0x0</run_address>
         <size>0xd8</size>
         <input_file_ref idref="fl-2"/>
      </object_component>
      <object_component id="oc-24">
         <name>.debug_aranges</name>
         <load_address>0xd8</load_address>
         <run_address>0xd8</run_address>
         <size>0x18</size>
         <input_file_ref idref="fl-3"/>
      </object_component>
      <object_component id="oc-29">
         <name>.debug_aranges</name>
         <load_address>0xf0</load_address>
         <run_address>0xf0</run_address>
         <size>0x20</size>
         <input_file_ref idref="fl-4"/>
      </object_component>
      <object_component id="oc-2f">
         <name>.debug_aranges</name>
         <load_address>0x110</load_address>
         <run_address>0x110</run_address>
         <size>0x70</size>
         <input_file_ref idref="fl-5"/>
      </object_component>
      <object_component id="oc-35">
         <name>.debug_aranges</name>
         <load_address>0x180</load_address>
         <run_address>0x180</run_address>
         <size>0x38</size>
         <input_file_ref idref="fl-b"/>
      </object_component>
      <object_component id="oc-3b">
         <name>.debug_aranges</name>
         <load_address>0x1b8</load_address>
         <run_address>0x1b8</run_address>
         <size>0x58</size>
         <input_file_ref idref="fl-c"/>
      </object_component>
      <object_component id="oc-42">
         <name>.debug_aranges</name>
         <load_address>0x210</load_address>
         <run_address>0x210</run_address>
         <size>0x48</size>
         <input_file_ref idref="fl-d"/>
      </object_component>
      <object_component id="oc-48">
         <name>.debug_aranges</name>
         <load_address>0x258</load_address>
         <run_address>0x258</run_address>
         <size>0x20</size>
         <input_file_ref idref="fl-1b"/>
      </object_component>
      <object_component id="oc-4d">
         <name>.debug_aranges</name>
         <load_address>0x278</load_address>
         <run_address>0x278</run_address>
         <size>0x18</size>
         <input_file_ref idref="fl-1c"/>
      </object_component>
      <object_component id="oc-52">
         <name>.debug_aranges</name>
         <load_address>0x290</load_address>
         <run_address>0x290</run_address>
         <size>0x20</size>
         <input_file_ref idref="fl-1d"/>
      </object_component>
      <object_component id="oc-59">
         <name>.debug_aranges</name>
         <load_address>0x2b0</load_address>
         <run_address>0x2b0</run_address>
         <size>0x28</size>
         <input_file_ref idref="fl-1e"/>
      </object_component>
      <object_component id="oc-5e">
         <name>.debug_aranges</name>
         <load_address>0x2d8</load_address>
         <run_address>0x2d8</run_address>
         <size>0x20</size>
         <input_file_ref idref="fl-1f"/>
      </object_component>
      <object_component id="oc-63">
         <name>.debug_aranges</name>
         <load_address>0x2f8</load_address>
         <run_address>0x2f8</run_address>
         <size>0x20</size>
         <input_file_ref idref="fl-20"/>
      </object_component>
      <object_component id="oc-68">
         <name>.debug_aranges</name>
         <load_address>0x318</load_address>
         <run_address>0x318</run_address>
         <size>0x20</size>
         <input_file_ref idref="fl-21"/>
      </object_component>
      <object_component id="oc-6d">
         <name>.debug_aranges</name>
         <load_address>0x338</load_address>
         <run_address>0x338</run_address>
         <size>0x20</size>
         <input_file_ref idref="fl-22"/>
      </object_component>
      <object_component id="oc-72">
         <name>.debug_aranges</name>
         <load_address>0x358</load_address>
         <run_address>0x358</run_address>
         <size>0x20</size>
         <input_file_ref idref="fl-23"/>
      </object_component>
      <object_component id="oc-77">
         <name>.debug_aranges</name>
         <load_address>0x378</load_address>
         <run_address>0x378</run_address>
         <size>0x20</size>
         <input_file_ref idref="fl-24"/>
      </object_component>
      <object_component id="oc-7c">
         <name>.debug_aranges</name>
         <load_address>0x398</load_address>
         <run_address>0x398</run_address>
         <size>0x20</size>
         <input_file_ref idref="fl-25"/>
      </object_component>
      <object_component id="oc-81">
         <name>.debug_aranges</name>
         <load_address>0x3b8</load_address>
         <run_address>0x3b8</run_address>
         <size>0x20</size>
         <input_file_ref idref="fl-26"/>
      </object_component>
      <object_component id="oc-86">
         <name>.debug_aranges</name>
         <load_address>0x3d8</load_address>
         <run_address>0x3d8</run_address>
         <size>0x20</size>
         <input_file_ref idref="fl-27"/>
      </object_component>
      <object_component id="oc-8b">
         <name>.debug_aranges</name>
         <load_address>0x3f8</load_address>
         <run_address>0x3f8</run_address>
         <size>0x20</size>
         <input_file_ref idref="fl-28"/>
      </object_component>
      <object_component id="oc-90">
         <name>.debug_aranges</name>
         <load_address>0x418</load_address>
         <run_address>0x418</run_address>
         <size>0x20</size>
         <input_file_ref idref="fl-29"/>
      </object_component>
      <object_component id="oc-95">
         <name>.debug_aranges</name>
         <load_address>0x438</load_address>
         <run_address>0x438</run_address>
         <size>0x18</size>
         <input_file_ref idref="fl-2a"/>
      </object_component>
      <object_component id="oc-9b">
         <name>.debug_aranges</name>
         <load_address>0x450</load_address>
         <run_address>0x450</run_address>
         <size>0x18</size>
         <input_file_ref idref="fl-2b"/>
      </object_component>
      <object_component id="oc-a0">
         <name>.debug_aranges</name>
         <load_address>0x468</load_address>
         <run_address>0x468</run_address>
         <size>0x18</size>
         <input_file_ref idref="fl-2c"/>
      </object_component>
      <object_component id="oc-a5">
         <name>.debug_aranges</name>
         <load_address>0x480</load_address>
         <run_address>0x480</run_address>
         <size>0x18</size>
         <input_file_ref idref="fl-2d"/>
      </object_component>
      <object_component id="oc-aa">
         <name>.debug_aranges</name>
         <load_address>0x498</load_address>
         <run_address>0x498</run_address>
         <size>0x20</size>
         <input_file_ref idref="fl-2e"/>
      </object_component>
      <object_component id="oc-af">
         <name>.debug_aranges</name>
         <load_address>0x4b8</load_address>
         <run_address>0x4b8</run_address>
         <size>0x30</size>
         <input_file_ref idref="fl-2f"/>
      </object_component>
      <object_component id="oc-b4">
         <name>.debug_aranges</name>
         <load_address>0x4e8</load_address>
         <run_address>0x4e8</run_address>
         <size>0x20</size>
         <input_file_ref idref="fl-30"/>
      </object_component>
      <object_component id="oc-ba">
         <name>.debug_aranges</name>
         <load_address>0x508</load_address>
         <run_address>0x508</run_address>
         <size>0x18</size>
         <input_file_ref idref="fl-31"/>
      </object_component>
      <object_component id="oc-c0">
         <name>.debug_aranges</name>
         <load_address>0x520</load_address>
         <run_address>0x520</run_address>
         <size>0x18</size>
         <input_file_ref idref="fl-32"/>
      </object_component>
      <object_component id="oc-ca">
         <name>.debug_aranges</name>
         <load_address>0x538</load_address>
         <run_address>0x538</run_address>
         <size>0x18</size>
         <input_file_ref idref="fl-34"/>
      </object_component>
      <object_component id="oc-d0">
         <name>.debug_aranges</name>
         <load_address>0x550</load_address>
         <run_address>0x550</run_address>
         <size>0x18</size>
         <input_file_ref idref="fl-35"/>
      </object_component>
   </object_component_list>
   <logical_group_list>
      <logical_group id="lg-2" display="no" color="cyan">
         <name>codestart</name>
         <run_address>0x0</run_address>
         <size>0x0</size>
         <contents>
         </contents>
      </logical_group>
      <logical_group id="lg-110" display="no" color="cyan">
         <name>.text.1</name>
         <load_address>0x152</load_address>
         <run_address>0x152</run_address>
         <size>0x2ae</size>
         <contents>
            <object_component_ref idref="oc-db"/>
            <object_component_ref idref="oc-e4"/>
            <object_component_ref idref="oc-e6"/>
         </contents>
      </logical_group>
      <logical_group id="lg-111" display="no" color="cyan">
         <name>.text.2</name>
         <load_address>0x8000</load_address>
         <run_address>0x8000</run_address>
         <size>0x34b</size>
         <contents>
            <object_component_ref idref="oc-e0"/>
            <object_component_ref idref="oc-dc"/>
            <object_component_ref idref="oc-ef"/>
            <object_component_ref idref="oc-dd"/>
            <object_component_ref idref="oc-18"/>
            <object_component_ref idref="oc-de"/>
            <object_component_ref idref="oc-df"/>
            <object_component_ref idref="oc-5f"/>
            <object_component_ref idref="oc-d5"/>
            <object_component_ref idref="oc-d8"/>
            <object_component_ref idref="oc-78"/>
            <object_component_ref idref="oc-e1"/>
            <object_component_ref idref="oc-d7"/>
            <object_component_ref idref="oc-82"/>
            <object_component_ref idref="oc-d4"/>
            <object_component_ref idref="oc-e7"/>
            <object_component_ref idref="oc-ea"/>
            <object_component_ref idref="oc-73"/>
            <object_component_ref idref="oc-e8"/>
            <object_component_ref idref="oc-e9"/>
            <object_component_ref idref="oc-ee"/>
            <object_component_ref idref="oc-f0"/>
            <object_component_ref idref="oc-e2"/>
            <object_component_ref idref="oc-6e"/>
            <object_component_ref idref="oc-ec"/>
            <object_component_ref idref="oc-eb"/>
            <object_component_ref idref="oc-d1"/>
         </contents>
      </logical_group>
      <logical_group id="lg-112" display="no" color="cyan">
         <name>.text.3</name>
         <load_address>0xb000</load_address>
         <run_address>0xb000</run_address>
         <size>0x800</size>
         <contents>
            <object_component_ref idref="oc-d6"/>
            <object_component_ref idref="oc-5a"/>
            <object_component_ref idref="oc-64"/>
            <object_component_ref idref="oc-7d"/>
            <object_component_ref idref="oc-69"/>
            <object_component_ref idref="oc-e5"/>
            <object_component_ref idref="oc-15"/>
            <object_component_ref idref="oc-d2"/>
            <object_component_ref idref="oc-d3"/>
         </contents>
      </logical_group>
      <split_section id="lg-3" display="no" color="cyan">
         <name>.text</name>
         <contents>
            <logical_group_ref idref="lg-110"/>
            <logical_group_ref idref="lg-111"/>
            <logical_group_ref idref="lg-112"/>
         </contents>
      </split_section>
      <logical_group id="lg-4" display="no" color="cyan">
         <name>.cinit</name>
         <load_address>0x122</load_address>
         <run_address>0x122</run_address>
         <size>0x2c</size>
         <contents>
            <object_component_ref idref="oc-1f"/>
            <object_component_ref idref="oc-54"/>
            <object_component_ref idref="oc-da"/>
            <object_component_ref idref="oc-e3"/>
            <object_component_ref idref="oc-c2"/>
         </contents>
      </logical_group>
      <logical_group id="lg-5" display="no" color="cyan">
         <name>.pinit</name>
         <run_address>0x0</run_address>
         <size>0x0</size>
         <contents>
         </contents>
      </logical_group>
      <logical_group id="lg-6" display="no" color="cyan">
         <name>.switch</name>
         <run_address>0x0</run_address>
         <size>0x0</size>
         <contents>
         </contents>
      </logical_group>
      <logical_group id="lg-7" display="no" color="cyan">
         <name>.reset</name>
         <load_address>0x3fffc0</load_address>
         <run_address>0x3fffc0</run_address>
         <size>0x2</size>
         <contents>
            <object_component_ref idref="oc-44"/>
         </contents>
      </logical_group>
      <logical_group id="lg-8" display="no" color="cyan">
         <name>.stack</name>
         <run_address>0x400</run_address>
         <size>0x100</size>
         <contents>
            <object_component_ref idref="oc-43"/>
            <object_component_ref idref="oc-10f"/>
         </contents>
      </logical_group>
      <logical_group id="lg-9" display="no" color="cyan">
         <name>.ebss</name>
         <run_address>0xaa80</run_address>
         <size>0x15</size>
         <contents>
            <object_component_ref idref="oc-17"/>
            <object_component_ref idref="oc-20"/>
            <object_component_ref idref="oc-55"/>
            <object_component_ref idref="oc-ed"/>
            <object_component_ref idref="oc-d9"/>
            <object_component_ref idref="oc-c3"/>
         </contents>
      </logical_group>
      <logical_group id="lg-a" display="no" color="cyan">
         <name>.econst</name>
         <load_address>0xa800</load_address>
         <run_address>0xa800</run_address>
         <size>0x280</size>
         <contents>
            <object_component_ref idref="oc-31"/>
            <object_component_ref idref="oc-19"/>
            <object_component_ref idref="oc-37"/>
            <object_component_ref idref="oc-3e"/>
            <object_component_ref idref="oc-2b"/>
            <object_component_ref idref="oc-bc"/>
            <object_component_ref idref="oc-b6"/>
            <object_component_ref idref="oc-c6"/>
            <object_component_ref idref="oc-cc"/>
            <object_component_ref idref="oc-97"/>
         </contents>
      </logical_group>
      <logical_group id="lg-b" display="no" color="cyan">
         <name>.esysmem</name>
         <run_address>0x0</run_address>
         <size>0x0</size>
         <contents>
         </contents>
      </logical_group>
      <logical_group id="lg-c" display="no" color="cyan">
         <name>ramgs0</name>
         <run_address>0x0</run_address>
         <size>0x0</size>
         <contents>
         </contents>
      </logical_group>
      <logical_group id="lg-d" display="no" color="cyan">
         <name>ramgs1</name>
         <run_address>0x0</run_address>
         <size>0x0</size>
         <contents>
         </contents>
      </logical_group>
      <logical_group id="lg-e" display="no" color="cyan">
         <name>.TI.ramfunc</name>
         <load_address>0x14e</load_address>
         <run_address>0x14e</run_address>
         <size>0x4</size>
         <contents>
            <object_component_ref idref="oc-3d"/>
         </contents>
      </logical_group>
      <logical_group id="lg-f" display="no" color="cyan">
         <name>Filter1_RegsFile</name>
         <load_address>0xd000</load_address>
         <run_address>0xd000</run_address>
         <size>0x0</size>
         <contents>
         </contents>
      </logical_group>
      <logical_group id="lg-10" display="no" color="cyan">
         <name>Filter2_RegsFile</name>
         <load_address>0xe000</load_address>
         <run_address>0xe000</run_address>
         <size>0x0</size>
         <contents>
         </contents>
      </logical_group>
      <logical_group id="lg-11" display="no" color="cyan">
         <name>Filter3_RegsFile</name>
         <load_address>0xf000</load_address>
         <run_address>0xf000</run_address>
         <size>0x0</size>
         <contents>
         </contents>
      </logical_group>
      <logical_group id="lg-12" display="no" color="cyan">
         <name>Filter4_RegsFile</name>
         <load_address>0x10000</load_address>
         <run_address>0x10000</run_address>
         <size>0x0</size>
         <contents>
         </contents>
      </logical_group>
      <logical_group id="lg-13" display="no" color="cyan">
         <name>Difference_RegsFile</name>
         <load_address>0x11000</load_address>
         <run_address>0x11000</run_address>
         <size>0x0</size>
         <contents>
         </contents>
      </logical_group>
      <logical_group id="lg-103" display="never" color="cyan">
         <name>.debug_info</name>
         <load_address>0x0</load_address>
         <run_address>0x0</run_address>
         <size>0xec46</size>
         <contents>
            <object_component_ref idref="oc-16"/>
            <object_component_ref idref="oc-1e"/>
            <object_component_ref idref="oc-25"/>
            <object_component_ref idref="oc-2a"/>
            <object_component_ref idref="oc-30"/>
            <object_component_ref idref="oc-36"/>
            <object_component_ref idref="oc-3c"/>
            <object_component_ref idref="oc-45"/>
            <object_component_ref idref="oc-49"/>
            <object_component_ref idref="oc-4e"/>
            <object_component_ref idref="oc-53"/>
            <object_component_ref idref="oc-5b"/>
            <object_component_ref idref="oc-60"/>
            <object_component_ref idref="oc-65"/>
            <object_component_ref idref="oc-6a"/>
            <object_component_ref idref="oc-6f"/>
            <object_component_ref idref="oc-74"/>
            <object_component_ref idref="oc-79"/>
            <object_component_ref idref="oc-7e"/>
            <object_component_ref idref="oc-83"/>
            <object_component_ref idref="oc-87"/>
            <object_component_ref idref="oc-8c"/>
            <object_component_ref idref="oc-91"/>
            <object_component_ref idref="oc-96"/>
            <object_component_ref idref="oc-9c"/>
            <object_component_ref idref="oc-a1"/>
            <object_component_ref idref="oc-a6"/>
            <object_component_ref idref="oc-ab"/>
            <object_component_ref idref="oc-b0"/>
            <object_component_ref idref="oc-b5"/>
            <object_component_ref idref="oc-bb"/>
            <object_component_ref idref="oc-c1"/>
            <object_component_ref idref="oc-c5"/>
            <object_component_ref idref="oc-cb"/>
            <object_component_ref idref="oc-113"/>
         </contents>
      </logical_group>
      <logical_group id="lg-105" display="never" color="cyan">
         <name>.debug_frame</name>
         <load_address>0x0</load_address>
         <run_address>0x0</run_address>
         <size>0xbed</size>
         <contents>
            <object_component_ref idref="oc-1a"/>
            <object_component_ref idref="oc-21"/>
            <object_component_ref idref="oc-26"/>
            <object_component_ref idref="oc-2c"/>
            <object_component_ref idref="oc-32"/>
            <object_component_ref idref="oc-38"/>
            <object_component_ref idref="oc-3f"/>
            <object_component_ref idref="oc-4a"/>
            <object_component_ref idref="oc-4f"/>
            <object_component_ref idref="oc-56"/>
            <object_component_ref idref="oc-88"/>
            <object_component_ref idref="oc-8d"/>
            <object_component_ref idref="oc-92"/>
            <object_component_ref idref="oc-98"/>
            <object_component_ref idref="oc-9d"/>
            <object_component_ref idref="oc-a2"/>
            <object_component_ref idref="oc-a7"/>
            <object_component_ref idref="oc-ac"/>
            <object_component_ref idref="oc-b1"/>
            <object_component_ref idref="oc-b7"/>
            <object_component_ref idref="oc-bd"/>
            <object_component_ref idref="oc-c7"/>
            <object_component_ref idref="oc-cd"/>
         </contents>
      </logical_group>
      <logical_group id="lg-107" display="never" color="cyan">
         <name>.debug_line</name>
         <load_address>0x0</load_address>
         <run_address>0x0</run_address>
         <size>0x17e3</size>
         <contents>
            <object_component_ref idref="oc-1b"/>
            <object_component_ref idref="oc-22"/>
            <object_component_ref idref="oc-27"/>
            <object_component_ref idref="oc-2d"/>
            <object_component_ref idref="oc-33"/>
            <object_component_ref idref="oc-39"/>
            <object_component_ref idref="oc-40"/>
            <object_component_ref idref="oc-46"/>
            <object_component_ref idref="oc-4b"/>
            <object_component_ref idref="oc-50"/>
            <object_component_ref idref="oc-57"/>
            <object_component_ref idref="oc-5c"/>
            <object_component_ref idref="oc-61"/>
            <object_component_ref idref="oc-66"/>
            <object_component_ref idref="oc-6b"/>
            <object_component_ref idref="oc-70"/>
            <object_component_ref idref="oc-75"/>
            <object_component_ref idref="oc-7a"/>
            <object_component_ref idref="oc-7f"/>
            <object_component_ref idref="oc-84"/>
            <object_component_ref idref="oc-89"/>
            <object_component_ref idref="oc-8e"/>
            <object_component_ref idref="oc-93"/>
            <object_component_ref idref="oc-99"/>
            <object_component_ref idref="oc-9e"/>
            <object_component_ref idref="oc-a3"/>
            <object_component_ref idref="oc-a8"/>
            <object_component_ref idref="oc-ad"/>
            <object_component_ref idref="oc-b2"/>
            <object_component_ref idref="oc-b8"/>
            <object_component_ref idref="oc-be"/>
            <object_component_ref idref="oc-c8"/>
            <object_component_ref idref="oc-ce"/>
         </contents>
      </logical_group>
      <logical_group id="lg-109" display="never" color="cyan">
         <name>.debug_abbrev</name>
         <load_address>0x0</load_address>
         <run_address>0x0</run_address>
         <size>0x1993</size>
         <contents>
            <object_component_ref idref="oc-1c"/>
            <object_component_ref idref="oc-23"/>
            <object_component_ref idref="oc-28"/>
            <object_component_ref idref="oc-2e"/>
            <object_component_ref idref="oc-34"/>
            <object_component_ref idref="oc-3a"/>
            <object_component_ref idref="oc-41"/>
            <object_component_ref idref="oc-47"/>
            <object_component_ref idref="oc-4c"/>
            <object_component_ref idref="oc-51"/>
            <object_component_ref idref="oc-58"/>
            <object_component_ref idref="oc-5d"/>
            <object_component_ref idref="oc-62"/>
            <object_component_ref idref="oc-67"/>
            <object_component_ref idref="oc-6c"/>
            <object_component_ref idref="oc-71"/>
            <object_component_ref idref="oc-76"/>
            <object_component_ref idref="oc-7b"/>
            <object_component_ref idref="oc-80"/>
            <object_component_ref idref="oc-85"/>
            <object_component_ref idref="oc-8a"/>
            <object_component_ref idref="oc-8f"/>
            <object_component_ref idref="oc-94"/>
            <object_component_ref idref="oc-9a"/>
            <object_component_ref idref="oc-9f"/>
            <object_component_ref idref="oc-a4"/>
            <object_component_ref idref="oc-a9"/>
            <object_component_ref idref="oc-ae"/>
            <object_component_ref idref="oc-b3"/>
            <object_component_ref idref="oc-b9"/>
            <object_component_ref idref="oc-bf"/>
            <object_component_ref idref="oc-c4"/>
            <object_component_ref idref="oc-c9"/>
            <object_component_ref idref="oc-cf"/>
[...]
         <usage_details>
         </usage_details>
      </memory_area>
      <memory_area display="yes" color="green">
         <name>RAMLS2</name>
         <page_id>0x0</page_id>
         <origin>0x9000</origin>
         <length>0x800</length>
         <used_space>0x0</used_space>
         <unused_space>0x800</unused_space>
         <attributes>RWIX</attributes>
         <usage_details>
         </usage_details>
      </memory_area>
      <memory_area display="yes" color="green">
         <name>RAMLS3</name>
         <page_id>0x0</page_id>
         <origin>0x9800</origin>
         <length>0x800</length>
         <used_space>0x0</used_space>
         <unused_space>0x800</unused_space>
         <attributes>RWIX</attributes>
         <usage_details>
         </usage_details>
      </memory_area>
      <memory_area display="yes" color="green">
         <name>RAMLS4</name>
         <page_id>0x0</page_id>
         <origin>0xa000</origin>
         <length>0x800</length>
         <used_space>0x0</used_space>
         <unused_space>0x800</unused_space>
         <attributes>RWIX</attributes>
         <usage_details>
         </usage_details>
      </memory_area>
      <memory_area display="yes" color="green">
         <name>RAMD0</name>
         <page_id>0x0</page_id>
         <origin>0xb000</origin>
         <length>0x800</length>
         <used_space>0x800</used_space>
         <unused_space>0x0</unused_space>
         <attributes>RWIX</attributes>
         <usage_details>
            <allocated_space>
               <start_address>0xb000</start_address>
               <size>0x800</size>
               <logical_group_ref idref="lg-112"/>
            </allocated_space>
         </usage_details>
      </memory_area>
      <memory_area display="no" color="green">
         <name>RESET</name>
         <page_id>0x0</page_id>
         <origin>0x3fffc0</origin>
         <length>0x2</length>
         <used_space>0x0</used_space>
         <unused_space>0x2</unused_space>
         <attributes>RWIX</attributes>
         <usage_details>
         </usage_details>
      </memory_area>
      <memory_area display="yes" color="green">
         <name>BOOT_RSVD</name>
         <page_id>0x1</page_id>
         <origin>0x2</origin>
         <length>0x120</length>
         <used_space>0x0</used_space>
         <unused_space>0x120</unused_space>
         <attributes>RWIX</attributes>
         <usage_details>
         </usage_details>
      </memory_area>
      <memory_area display="yes" color="green">
         <name>RAMM1</name>
         <page_id>0x1</page_id>
         <origin>0x400</origin>
         <length>0x400</length>
         <used_space>0x100</used_space>
         <unused_space>0x300</unused_space>
         <attributes>RWIX</attributes>
         <usage_details>
            <allocated_space>
               <start_address>0x400</start_address>
               <size>0x100</size>
               <logical_group_ref idref="lg-8"/>
            </allocated_space>
            <available_space>
               <start_address>0x500</start_address>
               <size>0x300</size>
            </available_space>
         </usage_details>
      </memory_area>
      <memory_area display="yes" color="green">
         <name>RAMLS5</name>
         <page_id>0x1</page_id>
         <origin>0xa800</origin>
         <length>0x800</length>
         <used_space>0x295</used_space>
         <unused_space>0x56b</unused_space>
         <attributes>RWIX</attributes>
         <usage_details>
            <allocated_space>
               <start_address>0xa800</start_address>
               <size>0x280</size>
               <logical_group_ref idref="lg-a"/>
            </allocated_space>
            <allocated_space>
               <start_address>0xaa80</start_address>
               <size>0x15</size>
               <logical_group_ref idref="lg-9"/>
            </allocated_space>
            <available_space>
               <start_address>0xaa95</start_address>
               <size>0x56b</size>
            </available_space>
         </usage_details>
      </memory_area>
      <memory_area display="yes" color="green">
         <name>RAMD1</name>
         <page_id>0x1</page_id>
         <origin>0xb800</origin>
         <length>0x800</length>
         <used_space>0x0</used_space>
         <unused_space>0x800</unused_space>
         <attributes>RWIX</attributes>
         <usage_details>
         </usage_details>
      </memory_area>
      <memory_area display="yes" color="green">
         <name>RAMGS0</name>
         <page_id>0x1</page_id>
         <origin>0xc000</origin>
         <length>0x1000</length>
         <used_space>0x0</used_space>
         <unused_space>0x1000</unused_space>
         <attributes>RWIX</attributes>
         <usage_details>
         </usage_details>
      </memory_area>
      <memory_area display="yes" color="green">
         <name>RAMGS1</name>
         <page_id>0x1</page_id>
         <origin>0xd000</origin>
         <length>0x1000</length>
         <used_space>0x0</used_space>
         <unused_space>0x1000</unused_space>
         <attributes>RWIX</attributes>
         <usage_details>
         </usage_details>
      </memory_area>
      <memory_area display="yes" color="green">
         <name>RAMGS2</name>
         <page_id>0x1</page_id>
         <origin>0xe000</origin>
         <length>0x1000</length>
         <used_space>0x0</used_space>
         <unused_space>0x1000</unused_space>
         <attributes>RWIX</attributes>
         <usage_details>
         </usage_details>
      </memory_area>
      <memory_area display="yes" color="green">
         <name>RAMGS3</name>
         <page_id>0x1</page_id>
         <origin>0xf000</origin>
         <length>0x1000</length>
         <used_space>0x0</used_space>
         <unused_space>0x1000</unused_space>
         <attributes>RWIX</attributes>
         <usage_details>
         </usage_details>
      </memory_area>
      <memory_area display="yes" color="green">
         <name>RAMGS4</name>
         <page_id>0x1</page_id>
         <origin>0x10000</origin>
         <length>0x1000</length>
         <used_space>0x0</used_space>
         <unused_space>0x1000</unused_space>
         <attributes>RWIX</attributes>
         <usage_details>
         </usage_details>
      </memory_area>
      <memory_area display="yes" color="green">
         <name>RAMGS5</name>
         <page_id>0x1</page_id>
         <origin>0x11000</origin>
         <length>0x1000</length>
         <used_space>0x0</used_space>
         <unused_space>0x1000</unused_space>
         <attributes>RWIX</attributes>
         <usage_details>
         </usage_details>
      </memory_area>
      <memory_area display="yes" color="green">
         <name>RAMGS6</name>
         <page_id>0x1</page_id>
         <origin>0x12000</origin>
         <length>0x1000</length>
         <used_space>0x0</used_space>
         <unused_space>0x1000</unused_space>
         <attributes>RWIX</attributes>
         <usage_details>
         </usage_details>
      </memory_area>
      <memory_area display="yes" color="green">
         <name>RAMGS7</name>
         <page_id>0x1</page_id>
         <origin>0x13000</origin>
         <length>0x1000</length>
         <used_space>0x0</used_space>
         <unused_space>0x1000</unused_space>
         <attributes>RWIX</attributes>
         <usage_details>
         </usage_details>
      </memory_area>
      <memory_area display="yes" color="green">
         <name>RAMGS8</name>
         <page_id>0x1</page_id>
         <origin>0x14000</origin>
         <length>0x1000</length>
         <used_space>0x0</used_space>
         <unused_space>0x1000</unused_space>
         <attributes>RWIX</attributes>
         <usage_details>
         </usage_details>
      </memory_area>
      <memory_area display="yes" color="green">
         <name>RAMGS9</name>
         <page_id>0x1</page_id>
         <origin>0x15000</origin>
         <length>0x1000</length>
         <used_space>0x0</used_space>
         <unused_space>0x1000</unused_space>
         <attributes>RWIX</attributes>
         <usage_details>
         </usage_details>
      </memory_area>
      <memory_area display="yes" color="green">
         <name>RAMGS10</name>
         <page_id>0x1</page_id>
         <origin>0x16000</origin>
         <length>0x1000</length>
         <used_space>0x0</used_space>
         <unused_space>0x1000</unused_space>
         <attributes>RWIX</attributes>
         <usage_details>
         </usage_details>
      </memory_area>
      <memory_area display="yes" color="green">
         <name>RAMGS11</name>
         <page_id>0x1</page_id>
         <origin>0x17000</origin>
         <length>0x1000</length>
         <used_space>0x0</used_space>
         <unused_space>0x1000</unused_space>
         <attributes>RWIX</attributes>
         <usage_details>
         </usage_details>
      </memory_area>
      <memory_area display="yes" color="green">
         <name>CANA_MSG_RAM</name>
         <page_id>0x1</page_id>
         <origin>0x49000</origin>
         <length>0x800</length>
         <used_space>0x0</used_space>
         <unused_space>0x800</unused_space>
         <attributes>RWIX</attributes>
         <usage_details>
         </usage_details>
      </memory_area>
      <memory_area display="yes" color="green">
         <name>CANB_MSG_RAM</name>
         <page_id>0x1</page_id>
         <origin>0x4b000</origin>
         <length>0x800</length>
         <used_space>0x0</used_space>
         <unused_space>0x800</unused_space>
         <attributes>RWIX</attributes>
         <usage_details>
         </usage_details>
      </memory_area>
   </placement_map>
   <symbol_table>
      <symbol id="sm-0">
         <name>cinit</name>
         <value>0x122</value>
      </symbol>
      <symbol id="sm-1">
         <name>___cinit__</name>
         <value>0x122</value>
      </symbol>
      <symbol id="sm-2">
         <name>pinit</name>
         <value>0xffffffff</value>
      </symbol>
      <symbol id="sm-3">
         <name>___pinit__</name>
         <value>0xffffffff</value>
      </symbol>
      <symbol id="sm-4">
         <name>binit</name>
         <value>0xffffffff</value>
      </symbol>
      <symbol id="sm-5">
         <name>___binit__</name>
         <value>0xffffffff</value>
      </symbol>
      <symbol id="sm-6">
         <name>__STACK_SIZE</name>
         <value>0x100</value>
      </symbol>
      <symbol id="sm-7">
         <name>__STACK_END</name>
         <value>0x500</value>
      </symbol>
      <symbol id="sm-8">
         <name>___c_args__</name>
         <value>0xffffffff</value>
      </symbol>
      <symbol id="sm-9">
         <name>.text</name>
         <value>0xffffffff</value>
      </symbol>
      <symbol id="sm-a">
         <name>___text__</name>
         <value>0xffffffff</value>
      </symbol>
      <symbol id="sm-b">
         <name>etext</name>
         <value>0xffffffff</value>
      </symbol>
      <symbol id="sm-c">
         <name>___etext__</name>
         <value>0xffffffff</value>
      </symbol>
      <symbol id="sm-d">
         <name>___TI_pprof_out_hndl</name>
         <value>0xffffffff</value>
      </symbol>
      <symbol id="sm-e">
         <name>___TI_prof_data_start</name>
         <value>0xffffffff</value>
      </symbol>
      <symbol id="sm-f">
         <name>___TI_prof_data_size</name>
         <value>0xffffffff</value>
      </symbol>
      <symbol id="sm-96">
         <name>_initMotorController</name>
         <value>0xb252</value>
         <object_component_ref idref="oc-d6"/>
      </symbol>
      <symbol id="sm-97">
         <name>_epwm2ISR</name>
         <value>0x8130</value>
         <object_component_ref idref="oc-18"/>
      </symbol>
      <symbol id="sm-98">
         <name>_stepCnt</name>
         <value>0xaa8e</value>
         <object_component_ref idref="oc-17"/>
      </symbol>
      <symbol id="sm-99">
         <name>_turnMotor</name>
         <value>0xb43f</value>
         <object_component_ref idref="oc-d6"/>
      </symbol>
      <symbol id="sm-9a">
         <name>_timeBasePeriod</name>
         <value>0xaa8f</value>
         <object_component_ref idref="oc-17"/>
      </symbol>
      <symbol id="sm-9b">
         <name>_initPWM</name>
         <value>0xb265</value>
         <object_component_ref idref="oc-d6"/>
      </symbol>
      <symbol id="sm-9c">
         <name>_initPins</name>
         <value>0xb2d0</value>
         <object_component_ref idref="oc-d6"/>
      </symbol>
      <symbol id="sm-ba">
         <name>_main</name>
         <value>0x821d</value>
         <object_component_ref idref="oc-d8"/>
      </symbol>
      <symbol id="sm-d1">
         <name>_Device_initGPIO</name>
         <value>0x2b4</value>
         <object_component_ref idref="oc-db"/>
      </symbol>
      <symbol id="sm-d2">
         <name>___error__</name>
         <value>0x325</value>
         <object_component_ref idref="oc-db"/>
      </symbol>
      <symbol id="sm-d3">
         <name>_Device_enableUnbondedGPIOPullupsFor176Pin</name>
         <value>0x2d5</value>
         <object_component_ref idref="oc-db"/>
      </symbol>
      <symbol id="sm-d4">
         <name>_Device_enableUnbondedGPIOPullups</name>
         <value>0x30f</value>
         <object_component_ref idref="oc-db"/>
      </symbol>
      <symbol id="sm-d5">
         <name>_Device_init</name>
         <value>0x194</value>
         <object_component_ref idref="oc-db"/>
      </symbol>
      <symbol id="sm-d6">
         <name>_Device_enableUnbondedGPIOPullupsFor100Pin</name>
         <value>0x2ec</value>
         <object_component_ref idref="oc-db"/>
      </symbol>
      <symbol id="sm-d7">
         <name>_Device_enableAllPeripherals</name>
         <value>0x1c5</value>
         <object_component_ref idref="oc-db"/>
      </symbol>
      <symbol id="sm-fb">
         <name>_GPIO_setPinConfig</name>
         <value>0x80f3</value>
         <object_component_ref idref="oc-dd"/>
      </symbol>
      <symbol id="sm-fc">
         <name>_GPIO_setDirectionMode</name>
         <value>0x8199</value>
         <object_component_ref idref="oc-df"/>
      </symbol>
      <symbol id="sm-fd">
         <name>_GPIO_setPadConfig</name>
         <value>0x8054</value>
         <object_component_ref idref="oc-dc"/>
      </symbol>
      <symbol id="sm-12f">
         <name>_Interrupt_enable</name>
         <value>0x8166</value>
         <object_component_ref idref="oc-de"/>
      </symbol>
      <symbol id="sm-130">
         <name>_Interrupt_initVectorTable</name>
         <value>0x8268</value>
         <object_component_ref idref="oc-e1"/>
      </symbol>
      <symbol id="sm-131">
         <name>_Interrupt_initModule</name>
         <value>0x8000</value>
         <object_component_ref idref="oc-e0"/>
      </symbol>
      <symbol id="sm-172">
         <name>_SysCtl_delay</name>
         <value>0x14e</value>
         <object_component_ref idref="oc-3d"/>
      </symbol>
      <symbol id="sm-173">
         <name>_SysCtl_selectOscSource</name>
         <value>0x80a6</value>
         <object_component_ref idref="oc-ef"/>
      </symbol>
      <symbol id="sm-174">
         <name>_SysCtl_setClock</name>
         <value>0x32c</value>
         <object_component_ref idref="oc-e4"/>
      </symbol>
      <symbol id="sm-175">
         <name>_SysCtl_getLowSpeedClock</name>
         <value>0x3e6</value>
         <object_component_ref idref="oc-e6"/>
      </symbol>
      <symbol id="sm-176">
         <name>_SysCtl_getClock</name>
         <value>0xb717</value>
         <object_component_ref idref="oc-e5"/>
      </symbol>
      <symbol id="sm-191">
         <name>_c_int00</name>
         <value>0xb785</value>
         <object_component_ref idref="oc-15"/>
      </symbol>
      <symbol id="sm-192">
         <name>__stack</name>
         <value>0x400</value>
         <object_component_ref idref="oc-43"/>
      </symbol>
      <symbol id="sm-1aa">
         <name>_copy_in</name>
         <value>0xb7db</value>
         <object_component_ref idref="oc-d2"/>
      </symbol>
      <symbol id="sm-1be">
         <name>C$$EXIT</name>
         <value>0x81f4</value>
         <object_component_ref idref="oc-d5"/>
      </symbol>
      <symbol id="sm-1bf">
         <name>_exit</name>
         <value>0x81f6</value>
         <object_component_ref idref="oc-d5"/>
      </symbol>
      <symbol id="sm-1c0">
         <name>___TI_cleanup_ptr</name>
         <value>0xaa8a</value>
         <object_component_ref idref="oc-55"/>
      </symbol>
      <symbol id="sm-1c1">
         <name>___TI_enable_exit_profile_output</name>
         <value>0xaa88</value>
         <object_component_ref idref="oc-55"/>
      </symbol>
      <symbol id="sm-1c2">
         <name>_abort</name>
         <value>0x81f4</value>
         <object_component_ref idref="oc-d5"/>
      </symbol>
      <symbol id="sm-1c3">
         <name>___TI_dtors_ptr</name>
         <value>0xaa8c</value>
         <object_component_ref idref="oc-55"/>
      </symbol>
      <symbol id="sm-1de">
         <name>FD$$ADD</name>
         <value>0xb4e5</value>
         <object_component_ref idref="oc-5a"/>
      </symbol>
      <symbol id="sm-1ee">
         <name>FD$$CMP</name>
         <value>0x81ca</value>
         <object_component_ref idref="oc-5f"/>
      </symbol>
      <symbol id="sm-205">
         <name>FD$$DIV</name>
         <value>0xb581</value>
         <object_component_ref idref="oc-64"/>
      </symbol>
      <symbol id="sm-217">
         <name>FD$$MPY</name>
         <value>0xb694</value>
         <object_component_ref idref="oc-69"/>
      </symbol>
      <symbol id="sm-224">
         <name>FD$$NEG</name>
         <value>0x833c</value>
         <object_component_ref idref="oc-6e"/>
      </symbol>
      <symbol id="sm-230">
         <name>FD$$SUB</name>
         <value>0x82f7</value>
         <object_component_ref idref="oc-73"/>
      </symbol>
      <symbol id="sm-240">
         <name>FD$$TOFS</name>
         <value>0x8245</value>
         <object_component_ref idref="oc-78"/>
      </symbol>
      <symbol id="sm-251">
         <name>FS$$DIV</name>
         <value>0xb60c</value>
         <object_component_ref idref="oc-7d"/>
      </symbol>
      <symbol id="sm-261">
         <name>FS$$TOFD</name>
         <value>0x82a6</value>
         <object_component_ref idref="oc-82"/>
      </symbol>
      <symbol id="sm-272">
         <name>_memcpy</name>
         <value>0x8288</value>
         <object_component_ref idref="oc-d7"/>
      </symbol>
      <symbol id="sm-27e">
         <name>__system_pre_init</name>
         <value>0x8349</value>
         <object_component_ref idref="oc-d1"/>
      </symbol>
      <symbol id="sm-2b2">
         <name>__system_post_cinit</name>
         <value>0xb7ff</value>
         <object_component_ref idref="oc-d3"/>
      </symbol>
      <symbol id="sm-2c6">
         <name>__unlock</name>
         <value>0xaa92</value>
         <object_component_ref idref="oc-ed"/>
      </symbol>
      <symbol id="sm-2c7">
         <name>__lock</name>
         <value>0xaa90</value>
         <object_component_ref idref="oc-d9"/>
      </symbol>
      <symbol id="sm-2c8">
         <name>__register_lock</name>
         <value>0x8337</value>
         <object_component_ref idref="oc-e2"/>
      </symbol>
      <symbol id="sm-2c9">
         <name>__nop</name>
         <value>0x833b</value>
         <object_component_ref idref="oc-e2"/>
      </symbol>
      <symbol id="sm-2ca">
         <name>__register_unlock</name>
         <value>0x8333</value>
         <object_component_ref idref="oc-e2"/>
      </symbol>
      <symbol id="sm-2d9">
         <name>__args_main</name>
         <value>0x82c2</value>
         <object_component_ref idref="oc-d4"/>
      </symbol>
      <symbol id="sm-307">
         <name>_errno</name>
         <value>0xaa94</value>
         <object_component_ref idref="oc-c3"/>
      </symbol>
   </symbol_table>
   <title>Link successful</title>
</link_info>
