******************************************************************************
             TMS320C2000 Linker PC v16.9.1                     
******************************************************************************
>> Linked Thu Apr 27 12:28:37 2017

OUTPUT FILE NAME:   <guitar_tuner_control.out>
ENTRY POINT SYMBOL: "_c_int00"  address: 00008910


MEMORY CONFIGURATION

         name            origin    length      used     unused   attr    fill
----------------------  --------  ---------  --------  --------  ----  --------
PAGE 0:
  BEGIN                 00000000   00000002  00000000  00000002  RWIX
  RAMM0                 00000122   000002de  000002de  00000000  RWIX
  RAMLS0                00008000   00000800  000007fd  00000003  RWIX
  RAMLS1                00008800   00000800  0000059f  00000261  RWIX
  RAMLS2                00009000   00000800  00000000  00000800  RWIX
  RAMLS3                00009800   00000800  00000000  00000800  RWIX
  RAMLS4                0000a000   00000800  00000000  00000800  RWIX
  RAMD0                 0000b000   00000800  00000800  00000000  RWIX
  RESET                 003fffc0   00000002  00000000  00000002  RWIX

PAGE 1:
  BOOT_RSVD             00000002   00000120  00000000  00000120  RWIX
  RAMM1                 00000400   00000400  00000100  00000300  RWIX
  RAMLS5                0000a800   00000800  00000704  000000fc  RWIX
  RAMD1                 0000b800   00000800  00000000  00000800  RWIX
  RAMGS0                0000c000   00001000  00000000  00001000  RWIX
  RAMGS1                0000d000   00001000  00000000  00001000  RWIX
  RAMGS2                0000e000   00001000  00000000  00001000  RWIX
  RAMGS3                0000f000   00001000  00000000  00001000  RWIX
  RAMGS4                00010000   00001000  00000000  00001000  RWIX
  RAMGS5                00011000   00001000  00000000  00001000  RWIX
  RAMGS6                00012000   00001000  00000000  00001000  RWIX
  RAMGS7                00013000   00001000  00000000  00001000  RWIX
  RAMGS8                00014000   00001000  00000000  00001000  RWIX
  RAMGS9                00015000   00001000  00000000  00001000  RWIX
  RAMGS10               00016000   00001000  00000000  00001000  RWIX
  RAMGS11               00017000   00001000  00000000  00001000  RWIX
  CANA_MSG_RAM          00049000   00000800  00000000  00000800  RWIX
  CANB_MSG_RAM          0004b000   00000800  00000000  00000800  RWIX


SECTION ALLOCATION MAP

 output                                  attributes/
section   page    origin      length       input sections
--------  ----  ----------  ----------   ----------------
.cinit     0    00000122    00000066     
                  00000122    00000048     Tune.obj (.cinit)
                  0000016a    0000000e     rts2800_fpu32.lib : exit.obj (.cinit)
                  00000178    00000005                       : _lock.obj (.cinit:__lock)
                  0000017d    00000005                       : _lock.obj (.cinit:__unlock)
                  00000182    00000004                       : errno.obj (.cinit)
                  00000186    00000002     --HOLE-- [fill = 0]

.pinit     0    00000122    00000000     UNINITIALIZED

.reset     0    003fffc0    00000002     DSECT
                  003fffc0    00000002     rts2800_fpu32.lib : boot28.obj (.reset)

.TI.ramfunc 
*          0    00000188    00000004     
                  00000188    00000004     driverlib.lib : sysctl.obj (.TI.ramfunc)

.text.1    0    0000018c    00000274     
                  0000018c    00000225     ADCInit.obj (.text)
                  000003b1    0000004d     driverlib.lib : sysctl.obj (.text:_SysCtl_selectOscSource)
                  000003fe    00000002                   : interrupt.obj (.text:_Interrupt_illegalOperationHandler)

.text.2    0    00008000    000007fd     
                  00008000    000002bd     Tune.obj (.text)
                  000082bd    000001ad     Bluetooth.obj (.text)
                  0000846a    000000ba     driverlib.lib : sysctl.obj (.text:_SysCtl_setClock)
                  00008524    00000097                   : adc.obj (.text:_ADC_setMode)
                  000085bb    00000088     rts2800_fpu32.lib : fs_div28.obj (.text)
                  00008643    00000086     ADCInit.obj (.text:retain)
                  000086c9    0000007c     MotorControl.obj (.text:retain)
                  00008745    0000006e     driverlib.lib : sysctl.obj (.text:_SysCtl_getClock)
                  000087b3    00000046                   : sci.obj (.text:_SCI_clearInterruptStatus)
                  000087f9    00000002                   : interrupt.obj (.text:_Interrupt_nmiHandler)
                  000087fb    00000002     rts2800_fpu32.lib : pre_init.obj (.text)

.text.3    0    00008800    0000059f     
                  00008800    00000062     rts2800_fpu32.lib : s_scalbnf.obj (.text)
                  00008862    00000058                       : s_sinf.obj (.text)
                  000088ba    00000056     Bluetooth.obj (.text:retain)
                  00008910    00000056     rts2800_fpu32.lib : boot28.obj (.text)
                  00008966    00000054     driverlib.lib : interrupt.obj (.text:_Interrupt_initModule)
                  000089ba    00000052                   : gpio.obj (.text:_GPIO_setPadConfig)
                  00008a0c    00000044                   : sci.obj (.text:_SCI_disableInterrupt)
                  00008a50    00000044                   : sci.obj (.text:_SCI_enableInterrupt)
                  00008a94    00000040                   : sci.obj (.text:_SCI_setConfig)
                  00008ad4    0000003d                   : gpio.obj (.text:_GPIO_setPinConfig)
                  00008b11    00000038                   : gpio.obj (.text:_GPIO_setMasterCore)
                  00008b49    00000036                   : gpio.obj (.text:_GPIO_setQualificationMode)
                  00008b7f    00000033                   : interrupt.obj (.text:_Interrupt_enable)
                  00008bb2    00000031                   : gpio.obj (.text:_GPIO_setDirectionMode)
                  00008be3    00000029     rts2800_fpu32.lib : exit.obj (.text)
                  00008c0c    00000025                       : e_sqrtf.obj (.text)
                  00008c31    00000024                       : cpy_tbl.obj (.text)
                  00008c55    00000020     driverlib.lib : interrupt.obj (.text:_Interrupt_initVectorTable)
                  00008c75    0000001f                   : sci.obj (.text:_SCI_isBaseValid)
                  00008c94    0000001e     rts2800_fpu32.lib : memcpy.obj (.text)
                  00008cb2    0000001a     driverlib.lib : sysctl.obj (.text:_SysCtl_getLowSpeedClock)
                  00008ccc    00000019                   : sci.obj (.text:_SCI_disableModule)
                  00008ce5    00000019                   : sci.obj (.text:_SCI_performSoftwareReset)
                  00008cfe    00000019     rts2800_fpu32.lib : args_main.obj (.text)
                  00008d17    00000014     driverlib.lib : sci.obj (.text:_SCI_enableModule)
                  00008d2b    00000013     main.obj (.text)
                  00008d3e    00000011     rts2800_fpu32.lib : s_copysignf.obj (.text)
                  00008d4f    0000000e     driverlib.lib : interrupt.obj (.text:_Interrupt_defaultHandler)
                  00008d5d    0000000d                   : interrupt.obj (.text:_Interrupt_disableMaster)
                  00008d6a    0000000d                   : interrupt.obj (.text:_Interrupt_enableMaster)
                  00008d77    0000000b                   : sysctl.obj (.text:_SysCtl_isMCDClockFailureDetected)
                  00008d82    0000000b     rts2800_fpu32.lib : u_div28.obj (.text)
                  00008d8d    00000009     driverlib.lib : sysctl.obj (.text:_SysCtl_serviceWatchdog)
                  00008d96    00000009     rts2800_fpu32.lib : _lock.obj (.text)

.text.4    0    0000b000    00000800     
                  0000b000    000003a8     device.obj (.text)
                  0000b3a8    00000380     rts2800_fpu32.lib : e_powf.obj (.text)
                  0000b728    000000c9                       : e_fmodf.obj (.text)
                  0000b7f1    0000000e     driverlib.lib : gpio.obj (.text:_GPIO_isPinValid)
                  0000b7ff    00000001     rts2800_fpu32.lib : startup.obj (.text)

.stack     1    00000400    00000100     UNINITIALIZED
                  00000400    00000100     --HOLE--

.econst    1    0000a800    00000614     
                  0000a800    000000c8     driverlib.lib : gpio.obj (.econst:.string)
                  0000a8c8    000000c7                   : sci.obj (.econst:.string)
                  0000a98f    00000001     --HOLE-- [fill = 0]
                  0000a990    000000ab     MotorControl.obj (.econst:.string)
                  0000aa3b    00000001     --HOLE-- [fill = 0]
                  0000aa3c    000000a9     ADCInit.obj (.econst:.string)
                  0000aae5    00000001     --HOLE-- [fill = 0]
                  0000aae6    000000a8     Tune.obj (.econst:.string)
                  0000ab8e    00000084     Tune.obj (.econst:_stringInfoStandard)
                  0000ac12    00000069     driverlib.lib : interrupt.obj (.econst:.string)
                  0000ac7b    00000001     --HOLE-- [fill = 0]
                  0000ac7c    00000066                   : sysctl.obj (.econst:.string)
                  0000ace2    00000063                   : adc.obj (.econst:.string)
                  0000ad45    00000001     --HOLE-- [fill = 0]
                  0000ad46    00000054     Bluetooth.obj (.econst:.string)
                  0000ad9a    00000032     rts2800_fpu32.lib : e_powf.obj (.econst)
                  0000adcc    00000013     device.obj (.econst:.string)
                  0000addf    00000001     --HOLE-- [fill = 0]
                  0000ade0    0000000e     Tune.obj (.econst:_$P$T2$9)
                  0000adee    0000000e     Tune.obj (.econst:_$P$T3$10)
                  0000adfc    00000006     rts2800_fpu32.lib : s_scalbnf.obj (.econst)
                  0000ae02    00000004                       : e_fmodf.obj (.econst:_Zero)
                  0000ae06    00000004                       : e_powf.obj (.econst:_bp)
                  0000ae0a    00000004                       : e_powf.obj (.econst:_dp_h)
                  0000ae0e    00000004                       : e_powf.obj (.econst:_dp_l)
                  0000ae12    00000002                       : e_fmodf.obj (.econst)

.ebss      1    0000ae14    000000f0     UNINITIALIZED
                  0000ae14    00000006     rts2800_fpu32.lib : exit.obj (.ebss)
                  0000ae1a    00000002     Bluetooth.obj (.ebss)
                  0000ae1c    00000002     MotorControl.obj (.ebss)
                  0000ae1e    00000002     rts2800_fpu32.lib : _lock.obj (.ebss:__lock)
                  0000ae20    00000002                       : _lock.obj (.ebss:__unlock)
                  0000ae22    00000001     ADCInit.obj (.ebss)
                  0000ae23    00000001     rts2800_fpu32.lib : errno.obj (.ebss)
                  0000ae24    0000001c     --HOLE--
                  0000ae40    000000c4     Tune.obj (.ebss)

MODULE SUMMARY

       Module             code   initialized data   uninitialized data
       ------             ----   ----------------   ------------------
    .\
       Tune.obj           701    400                196               
       ADCInit.obj        683    169                1                 
       Bluetooth.obj      515    84                 2                 
       MotorControl.obj   124    171                2                 
       main.obj           19     0                  0                 
    +--+------------------+------+------------------+--------------------+
       Total:             2042   824                201               
                                                                      
    .\device\
       device.obj         936    19                 0                 
    +--+------------------+------+------------------+--------------------+
       Total:             936    19                 0                 
                                                                      
    ../driverlib.lib
       sci.obj            371    199                0                 
       sysctl.obj         423    102                0                 
       gpio.obj           316    200                0                 
       interrupt.obj      211    105                0                 
       adc.obj            151    99                 0                 
    +--+------------------+------+------------------+--------------------+
       Total:             1472   705                0                 
                                                                      
    C:\ti\ccsv7\tools\compiler\ti-cgt-c2000_16.9.1.LTS\lib\rts2800_fpu32.lib
       e_powf.obj         896    62                 0                 
       e_fmodf.obj        201    6                  0                 
       fs_div28.obj       136    0                  0                 
       s_scalbnf.obj      98     6                  0                 
       s_sinf.obj         88     0                  0                 
       boot28.obj         86     0                  0                 
       exit.obj           41     14                 6                 
       e_sqrtf.obj        37     0                  0                 
       cpy_tbl.obj        36     0                  0                 
       memcpy.obj         30     0                  0                 
       args_main.obj      25     0                  0                 
       _lock.obj          9      10                 4                 
       s_copysignf.obj    17     0                  0                 
       u_div28.obj        11     0                  0                 
       errno.obj          0      4                  1                 
       pre_init.obj       2      0                  0                 
       startup.obj        1      0                  0                 
    +--+------------------+------+------------------+--------------------+
       Total:             1714   102                11                
                                                                      
       Stack:             0      0                  256               
    +--+------------------+------+------------------+--------------------+
       Grand Total:       6164   1650               468               


GLOBAL DATA SYMBOLS: SORTED BY DATA PAGE

address     data page           name
--------    ----------------    ----
00000400      10 (00000400)     __stack

0000ab8e     2ae (0000ab80)     _stringInfoStandard

0000ae14     2b8 (0000ae00)     ___TI_enable_exit_profile_output
0000ae16     2b8 (0000ae00)     ___TI_cleanup_ptr
0000ae18     2b8 (0000ae00)     ___TI_dtors_ptr
0000ae1a     2b8 (0000ae00)     _sendChar
0000ae1b     2b8 (0000ae00)     _recievedChar
0000ae1c     2b8 (0000ae00)     _timeBasePeriod
0000ae1d     2b8 (0000ae00)     _stepCnt
0000ae1e     2b8 (0000ae00)     __lock
0000ae20     2b8 (0000ae00)     __unlock
0000ae22     2b8 (0000ae00)     _thresholdCounter
0000ae23     2b8 (0000ae00)     _errno

0000ae40     2b9 (0000ae40)     _tuning
0000ae42     2b9 (0000ae40)     _locked
0000ae4c     2b9 (0000ae40)     _filtInputs
0000ae56     2b9 (0000ae40)     _filtOutputs

0000ae80     2ba (0000ae80)     _stringInfo


GLOBAL SYMBOLS: SORTED ALPHABETICALLY BY Name 

page  address   name                                      
----  -------   ----                                      
abs   ffffffff  .text                                     
0     00008be3  C$$EXIT                                   
0     000085bb  FS$$DIV                                   
0     00008d82  U$$DIV                                    
0     00008d87  U$$MOD                                    
0     00008524  _ADC_setMode                              
0     0000b03e  _Device_enableAllPeripherals              
0     0000b395  _Device_enableUnbondedGPIOPullups         
0     0000b372  _Device_enableUnbondedGPIOPullupsFor100Pin
0     0000b35b  _Device_enableUnbondedGPIOPullupsFor176Pin
0     0000b000  _Device_init                              
0     0000b326  _Device_initGPIO                          
0     00008bb2  _GPIO_setDirectionMode                    
0     00008b11  _GPIO_setMasterCore                       
0     000089ba  _GPIO_setPadConfig                        
0     00008ad4  _GPIO_setPinConfig                        
0     00008b49  _GPIO_setQualificationMode                
0     00008b7f  _Interrupt_enable                         
0     00008966  _Interrupt_initModule                     
0     00008c55  _Interrupt_initVectorTable                
0     0000802d  _PLL                                      
0     000087b3  _SCI_clearInterruptStatus                 
0     00008a0c  _SCI_disableInterrupt                     
0     00008a50  _SCI_enableInterrupt                      
0     00008a94  _SCI_setConfig                            
0     00000188  _SysCtl_delay                             
0     00008745  _SysCtl_getClock                          
0     00008cb2  _SysCtl_getLowSpeedClock                  
0     000003b1  _SysCtl_selectOscSource                   
0     0000846a  _SysCtl_setClock                          
1     00000500  __STACK_END                               
abs   00000100  __STACK_SIZE                              
1     0000ae16  ___TI_cleanup_ptr                         
1     0000ae18  ___TI_dtors_ptr                           
1     0000ae14  ___TI_enable_exit_profile_output          
abs   ffffffff  ___TI_pprof_out_hndl                      
abs   ffffffff  ___TI_prof_data_size                      
abs   ffffffff  ___TI_prof_data_start                     
abs   ffffffff  ___binit__                                
abs   ffffffff  ___c_args__                               
0     00000122  ___cinit__                                
0     0000b3a5  ___error__                                
abs   ffffffff  ___etext__                                
abs   ffffffff  ___pinit__                                
abs   ffffffff  ___text__                                 
0     00008cfe  __args_main                               
1     0000ae1e  __lock                                    
0     00008d9e  __nop                                     
0     00008d9a  __register_lock                           
0     00008d96  __register_unlock                         
1     00000400  __stack                                   
0     0000b7ff  __system_post_cinit                       
0     000087fb  __system_pre_init                         
1     0000ae20  __unlock                                  
0     00008be3  _abort                                    
0     00008643  _adcA1ISR                                 
0     00008910  _c_int00                                  
0     00008c31  _copy_in                                  
0     00008d3e  _copysign                                 
0     00008d3e  _copysignf                                
0     000086c9  _epwm2ISR                                 
1     0000ae23  _errno                                    
0     00008be5  _exit                                     
1     0000ae4c  _filtInputs                               
1     0000ae56  _filtOutputs                              
0     0000b728  _fmod                                     
0     0000b728  _fmodf                                    
0     0000018c  _initADC                                  
0     000001e1  _initADCSOC                               
0     000082d6  _initBluetooth                            
0     0000025f  _initEPWM                                 
0     000083e9  _initGPIO                                 
0     000082db  _initSCI                                  
0     00008019  _initTune                                 
0     00008800  _ldexp                                    
0     00008800  _ldexpf                                   
1     0000ae42  _locked                                   
0     00008d2b  _main                                     
0     00008c94  _memcpy                                   
0     0000b3a8  _pow                                      
0     0000b3a8  _powf                                     
1     0000ae1b  _recievedChar                             
0     00008800  _scalbn                                   
0     00008800  _scalbnf                                  
0     000088ba  _sciaRXFIFOISR                            
1     0000ae1a  _sendChar                                 
0     00008024  _setStringInfo                            
0     00008862  _sin                                      
0     00008862  _sinf                                     
0     00008c0c  _sqrt                                     
0     00008c0c  _sqrtf                                    
0     00000357  _startADC                                 
1     0000ae1d  _stepCnt                                  
0     00000384  _stopADC                                  
1     0000ae80  _stringInfo                               
1     0000ab8e  _stringInfoStandard                       
1     0000ae22  _thresholdCounter                         
1     0000ae1c  _timeBasePeriod                           
0     0000823c  _tuneGuitar                               
1     0000ae40  _tuning                                   
abs   ffffffff  binit                                     
0     00000122  cinit                                     
abs   ffffffff  etext                                     
abs   ffffffff  pinit                                     


GLOBAL SYMBOLS: SORTED BY Symbol Address 

page  address   name                                      
----  -------   ----                                      
0     00000122  ___cinit__                                
0     00000122  cinit                                     
0     00000188  _SysCtl_delay                             
0     0000018c  _initADC                                  
0     000001e1  _initADCSOC                               
0     0000025f  _initEPWM                                 
0     00000357  _startADC                                 
0     00000384  _stopADC                                  
0     000003b1  _SysCtl_selectOscSource                   
0     00008019  _initTune                                 
0     00008024  _setStringInfo                            
0     0000802d  _PLL                                      
0     0000823c  _tuneGuitar                               
0     000082d6  _initBluetooth                            
0     000082db  _initSCI                                  
0     000083e9  _initGPIO                                 
0     0000846a  _SysCtl_setClock                          
0     00008524  _ADC_setMode                              
0     000085bb  FS$$DIV                                   
0     00008643  _adcA1ISR                                 
0     000086c9  _epwm2ISR                                 
0     00008745  _SysCtl_getClock                          
0     000087b3  _SCI_clearInterruptStatus                 
0     000087fb  __system_pre_init                         
0     00008800  _ldexp                                    
0     00008800  _ldexpf                                   
0     00008800  _scalbn                                   
0     00008800  _scalbnf                                  
0     00008862  _sin                                      
0     00008862  _sinf                                     
0     000088ba  _sciaRXFIFOISR                            
0     00008910  _c_int00                                  
0     00008966  _Interrupt_initModule                     
0     000089ba  _GPIO_setPadConfig                        
0     00008a0c  _SCI_disableInterrupt                     
0     00008a50  _SCI_enableInterrupt                      
0     00008a94  _SCI_setConfig                            
0     00008ad4  _GPIO_setPinConfig                        
0     00008b11  _GPIO_setMasterCore                       
0     00008b49  _GPIO_setQualificationMode                
0     00008b7f  _Interrupt_enable                         
0     00008bb2  _GPIO_setDirectionMode                    
0     00008be3  C$$EXIT                                   
0     00008be3  _abort                                    
0     00008be5  _exit                                     
0     00008c0c  _sqrt                                     
0     00008c0c  _sqrtf                                    
0     00008c31  _copy_in                                  
0     00008c55  _Interrupt_initVectorTable                
0     00008c94  _memcpy                                   
0     00008cb2  _SysCtl_getLowSpeedClock                  
0     00008cfe  __args_main                               
0     00008d2b  _main                                     
0     00008d3e  _copysign                                 
0     00008d3e  _copysignf                                
0     00008d82  U$$DIV                                    
0     00008d87  U$$MOD                                    
0     00008d96  __register_unlock                         
0     00008d9a  __register_lock                           
0     00008d9e  __nop                                     
0     0000b000  _Device_init                              
0     0000b03e  _Device_enableAllPeripherals              
0     0000b326  _Device_initGPIO                          
0     0000b35b  _Device_enableUnbondedGPIOPullupsFor176Pin
0     0000b372  _Device_enableUnbondedGPIOPullupsFor100Pin
0     0000b395  _Device_enableUnbondedGPIOPullups         
0     0000b3a5  ___error__                                
0     0000b3a8  _pow                                      
0     0000b3a8  _powf                                     
0     0000b728  _fmod                                     
0     0000b728  _fmodf                                    
0     0000b7ff  __system_post_cinit                       
1     00000400  __stack                                   
1     00000500  __STACK_END                               
1     0000ab8e  _stringInfoStandard                       
1     0000ae14  ___TI_enable_exit_profile_output          
1     0000ae16  ___TI_cleanup_ptr                         
1     0000ae18  ___TI_dtors_ptr                           
1     0000ae1a  _sendChar                                 
1     0000ae1b  _recievedChar                             
1     0000ae1c  _timeBasePeriod                           
1     0000ae1d  _stepCnt                                  
1     0000ae1e  __lock                                    
1     0000ae20  __unlock                                  
1     0000ae22  _thresholdCounter                         
1     0000ae23  _errno                                    
1     0000ae40  _tuning                                   
1     0000ae42  _locked                                   
1     0000ae4c  _filtInputs                               
1     0000ae56  _filtOutputs                              
1     0000ae80  _stringInfo                               
abs   00000100  __STACK_SIZE                              
abs   ffffffff  .text                                     
abs   ffffffff  ___TI_pprof_out_hndl                      
abs   ffffffff  ___TI_prof_data_size                      
abs   ffffffff  ___TI_prof_data_start                     
abs   ffffffff  ___binit__                                
abs   ffffffff  ___c_args__                               
abs   ffffffff  ___etext__                                
abs   ffffffff  ___pinit__                                
abs   ffffffff  ___text__                                 
abs   ffffffff  binit                                     
abs   ffffffff  etext                                     
abs   ffffffff  pinit                                     

[104 symbols]
